
 Program  MARK  - Survival Rate Estimation with Capture-Recapture Data
 gfortran(dble/PIM2) Vers. 11.1 Nov 2024  18-Aug-2026 07:43:21    Page  001
  
 - - - - - - - - - - - - - - - - - - - - - - - - - - - - - - - - - - - - - -
 
 Welcome to MARK shoepfner on machine IFW-3NHM9N3 in subdirectory 
 "C:\Users\shoepfner\Desktop\nest survival\nest_survival_2022-2025" running file "mark003.inp".
 This version was compiled by GCC version 14.2.0 using the options: 
  -cpp -iprefix C:/tdm-gcc-64/mingw64-14-2/bin/../lib/gcc/
  x86_64-w64-mingw32/14.2.0/ -D_MT -D_REENTRANT -U_REENTRANT -D
  dbleprecision -m64 -march=x86-64 -mtune=generic -mthreads -O3 -std=f2023
  -fimplicit-none -ffpe-summary=invalid,zero,overflow,underflow
  -funroll-loops -fno-unsafe-math-optimizations -frounding-math
  -fsignaling-nans -fall-intrinsics -fopenmp

 This problem will use 7 of 8 possible threads.
 Static thread allocation is used.
 Schedule kind is omp_sched_dynamic with chunk size 1
 INPUT --- proc title ;

 For procedure title CPU Time was 0.001 secs and System Time was 0.001 secs.
 INPUT --- proc chmatrix occasions= 59 groups= 6 etype= Nest Nodes= 
 INPUT --- 101 icovar = 1 ICMeans  NoHist hist= 465 ;
 INPUT ---    time interval 1 1 1 1 1 1 1 1 1 1 1 1 1 1 1 1 1 1 1 1 1 1 1 
 INPUT ---    1 1 1 1 1 1 1 1 1 1  1 1 1 1 1 1 1 1 1 1 1 1 1 1 1 1 1 1 1 
 INPUT ---    1 1 1 1 1 1 1 ;
 INPUT ---     icovariates Init ;
 INPUT ---    glabel(1)=Year2019;
 INPUT ---    glabel(2)=Year2021;
 INPUT ---    glabel(3)=Year2022;
 INPUT ---    glabel(4)=Year2023;
 INPUT ---    glabel(5)=Year2024;
 INPUT ---    glabel(6)=Year2025;
           7          33          33

   * *  WARNING  * *   Invalid observation -- last 2 times equal and fate>0. 
           9          34          34

   * *  WARNING  * *   Invalid observation -- last 2 times equal and fate>0. 
          21          23          23

   * *  WARNING  * *   Invalid observation -- last 2 times equal and fate>0. 
           3          24          24

   * *  WARNING  * *   Invalid observation -- last 2 times equal and fate>0. 
          21          31          31

   * *  WARNING  * *   Invalid observation -- last 2 times equal and fate>0. 
          27          26          28

   * *  WARNING  * *   Invalid observation -- times ordered correctly? 

      Number of unique encounter histories read was 459.

      Number of individual covariates read was 1.
      Time interval lengths are all equal to 1.

      Data type number is 24
      Data type is Nest Success

 For procedure chmatrix CPU Time was 0.001 secs and System Time was 0.001 secs.

Program  MARK  - Survival Rate Estimation with Capture-Recapture Data
 gfortran(dble/PIM2) Vers. 11.1 Nov 2024  18-Aug-2026 07:43:22    Page  002
 - - - - - - - - - - - - - - - - - - - - - - - - - - - - - - - - - - - - - -
 


 INPUT --- proc estimate link=Logit NOLOOP varest=2ndPart    ;
 INPUT --- model={ S.syi };
 INPUT ---    group=1 S    rows=1 cols=58 Square ;
 INPUT ---        1 1 1 1 1 1 1 1 1 1 1 1 1 1 1 1 1 1 1 1 1 1 1 1 1 1 1 1 1 
 INPUT ---       1 1 1 1 1 1 1 1 1 1 1 1 1 1 1 1 1 1 1 1 1 1 1 1 1 1 1 1 1 ;
 INPUT ---    group=2 S    rows=1 cols=58 Square ;
 INPUT ---        2 2 2 2 2 2 2 2 2 2 2 2 2 2 2 2 2 2 2 2 2 2 2 2 2 2 2 2 2 
 INPUT ---       2 2 2 2 2 2 2 2 2 2 2 2 2 2 2 2 2 2 2 2 2 2 2 2 2 2 2 2 2 ;
 INPUT ---    group=3 S    rows=1 cols=58 Square ;
 INPUT ---        3 3 3 3 3 3 3 3 3 3 3 3 3 3 3 3 3 3 3 3 3 3 3 3 3 3 3 3 3 
 INPUT ---       3 3 3 3 3 3 3 3 3 3 3 3 3 3 3 3 3 3 3 3 3 3 3 3 3 3 3 3 3 ;
 INPUT ---    group=4 S    rows=1 cols=58 Square ;
 INPUT ---        4 4 4 4 4 4 4 4 4 4 4 4 4 4 4 4 4 4 4 4 4 4 4 4 4 4 4 4 4 
 INPUT ---       4 4 4 4 4 4 4 4 4 4 4 4 4 4 4 4 4 4 4 4 4 4 4 4 4 4 4 4 4 ;
 INPUT ---    group=5 S    rows=1 cols=58 Square ;
 INPUT ---        5 5 5 5 5 5 5 5 5 5 5 5 5 5 5 5 5 5 5 5 5 5 5 5 5 5 5 5 5 
 INPUT ---       5 5 5 5 5 5 5 5 5 5 5 5 5 5 5 5 5 5 5 5 5 5 5 5 5 5 5 5 5 ;
 INPUT ---    group=6 S    rows=1 cols=58 Square ;
 INPUT ---        6 6 6 6 6 6 6 6 6 6 6 6 6 6 6 6 6 6 6 6 6 6 6 6 6 6 6 6 6 
 INPUT ---       6 6 6 6 6 6 6 6 6 6 6 6 6 6 6 6 6 6 6 6 6 6 6 6 6 6 6 6 6 ;
 INPUT ---    initial 3.879507 0.586571 -1.4038485 -0.1040022 0.484374 
 INPUT ---    -1.0200119 0 ;
 INPUT ---    design matrix constraints=6 covariates=7;
 INPUT ---        1 0 0 0 0 0 Init;
 INPUT ---        1 1 0 0 0 0 Init;
 INPUT ---        1 0 1 0 0 0 Init;
 INPUT ---        1 0 0 1 0 0 Init;
 INPUT ---        1 0 0 0 1 0 Init;
 INPUT ---        1 0 0 0 0 1 Init;
 INPUT ---       blabel(1)=S:(Intercept);
 INPUT ---       blabel(2)=S:Year2021;
 INPUT ---       blabel(3)=S:Year2022;
 INPUT ---       blabel(4)=S:Year2023;
 INPUT ---       blabel(5)=S:Year2024;
 INPUT ---       blabel(6)=S:Year2025;
 INPUT ---       blabel(7)=S:Init;
 INPUT ---       rlabel(1)=S g2019 a0 t1;
 INPUT ---       rlabel(2)=S g2021 a0 t1;
 INPUT ---       rlabel(3)=S g2022 a0 t1;
 INPUT ---       rlabel(4)=S g2023 a0 t1;
 INPUT ---       rlabel(5)=S g2024 a0 t1;
 INPUT ---       rlabel(6)=S g2025 a0 t1;
   Model is { S.syi }

 Link Function Used is LOGIT        

Program  MARK  - Survival Rate Estimation with Capture-Recapture Data
 gfortran(dble/PIM2) Vers. 11.1 Nov 2024  18-Aug-2026 07:43:22    Page  003
 - - - - - - - - - - - - - - - - - - - - - - - - - - - - - - - - - - - - - -
 

 Variance Estimation Procedure Used is 2ndPart 
 -2logL(saturated) = 0.0000000     
 Effective Sample Size = 5564
 Results from first iteration:
  -2logL Initial { S.syi } =  790.04616    
  Penalty Initial { S.syi } =  0.0000000    

 Number of function evaluations was 15 for 7 parameters.
 For numerical optimization, CPU Time was 0.203 secs and System Time was 0.109 secs.
 -2logL { S.syi } = 788.43219     
 Penalty { S.syi } = 0.0000000     
 Gradient { S.syi }:
  3.12707E-06  4.85630E-06  3.18046E-06   0.0000       0.0000    
   0.0000       0.0000    
 Maximum ABS(G) { S.syi } =  4.85630E-06
 To compute VC matrix, CPU Time was 0.141 secs and System Time was 0.125 secs.
 S Vector { S.syi }:
   136.6906      22.20984      18.60505      13.31012      10.52571    
   5.079568      4.709943    
 To invert VC matrix, CPU Time was 0.001 secs and System Time was 0.001 secs.
 Ratio Threshold = 50.00 Max Gap (1/2) = 6.155 Next Max Gap (1/2) = 6.155
 Gap Method for Num. of Estimated Parameters { S.syi } = 7          
 Threshold { S.syi } = 0.9712605E-05           
 Numerical Threshold Method for Num. of Estimated Parameters { S.syi } = 7          
 Number of Estimated Parameters { S.syi } = 7          
 DEVIANCE { S.syi } = 788.43219               
 DEVIANCE Degrees of Freedom { S.syi } = 452          
 c-hat { S.syi } = 1.7443190               
 AIC { S.syi } = 802.43219               
 AICc { S.syi } = 802.45235               
 BIC { S.syi } = 848.80070               
 Pearson Chisquare { S.syi } = 3130.9127               


                       LOGIT Link Function Parameters of { S.syi }
                                                              95% Confidence Interval
    Parameter                  Beta         Standard Error     Lower           Upper
 -------------------------  --------------  --------------  --------------  --------------
    1:S:(Intercept)          3.8795811       0.1545196       3.5767226       4.1824396    
    2:S:Year2021             0.5710295       0.2891513       0.0042928       1.1377661    
    3:S:Year2022            -1.3988371       0.2601045      -1.9086419      -0.8890323    
    4:S:Year2023            -0.1277495       0.2663208      -0.6497382       0.3942392    
    5:S:Year2024             0.4704088       0.3411715      -0.1982872       1.1391049    
    6:S:Year2025            -1.0200859       0.3481640      -1.7024873      -0.3376846    
    7:S:Init                 0.0259783       0.0204155      -0.0140362       0.0659927    

Program  MARK  - Survival Rate Estimation with Capture-Recapture Data
 gfortran(dble/PIM2) Vers. 11.1 Nov 2024  18-Aug-2026 07:43:22    Page  004
 - - - - - - - - - - - - - - - - - - - - - - - - - - - - - - - - - - - - - -
 
                          Real Function Parameters of { S.syi }

      Following estimates based on unstandardized individual covariate values:
          Variable                 Value        
          ----------------------  ------------- 
          INIT                     0.1525054    
                                                               95% Confidence Interval
     Parameter                Estimate       Standard Error     Lower           Upper
 --------------------------  --------------  --------------  --------------  --------------
     1:S g2019 a0 t1          0.9798371       0.0030550       0.9728923       0.9850301       
     2:S g2021 a0 t1          0.9885083       0.0027738       0.9815845       0.9928479       
     3:S g2022 a0 t1          0.9230627       0.0148873       0.8883340       0.9476273       
     4:S g2023 a0 t1          0.9771523       0.0048329       0.9654938       0.9849333       
     5:S g2024 a0 t1          0.9873073       0.0038108       0.9772000       0.9929662       
     6:S g2025 a0 t1          0.9460101       0.0159360       0.9048154       0.9699680       


                     Estimates of Derived Parameters

                     Survival Estimates of { S.syi }

       Pr. Surviving
        Duration of                   95% Confidence Interval
 Group     Study      Standard Error     Lower          Upper     
 ----- -------------- -------------- -------------- --------------
   1    0.3068495      0.0554902      0.2097819      0.4246927    
   2    0.5115154      0.0832500      0.3527537      0.6679874    
   3    0.0096252      0.0090038      0.0015239      0.0582815    
   4    0.2617049      0.0750740      0.1420111      0.4315410    
   5    0.4766893      0.1067148      0.2825644      0.6781222    
   6    0.0399904      0.0390722      0.0056352      0.2344171    

 To compute parameter estimates, CPU Time was 0.016 secs and System Time was 0.016 secs.

 For procedure estimate CPU Time was 0.359 secs and System Time was 0.265 secs.

Program  MARK  - Survival Rate Estimation with Capture-Recapture Data
 gfortran(dble/PIM2) Vers. 11.1 Nov 2024  18-Aug-2026 07:43:22    Page  005
 - - - - - - - - - - - - - - - - - - - - - - - - - - - - - - - - - - - - - -
 


 INPUT --- proc stop;

 For this job, CPU Time in mins was 0.008 and System Time in mins was 0.006.

     Time Start = 07:43:21.972   Time End = 07:43:22.335

 Wall Clock Time in mins for this job was 0.006.

 Maximum of 61 words used of 2048 words allocated.


          E X E C U T I O N   S U C C E S S F U L
