
 Program  MARK  - Survival Rate Estimation with Capture-Recapture Data
 gfortran(dble/PIM2) Vers. 11.1 Nov 2024  18-Aug-2026 07:43:23    Page  001
  
 - - - - - - - - - - - - - - - - - - - - - - - - - - - - - - - - - - - - - -
 
 Welcome to MARK shoepfner on machine IFW-3NHM9N3 in subdirectory 
 "C:\Users\shoepfner\Desktop\nest survival\nest_survival_2022-2025" running file "mark004.inp".
 This version was compiled by GCC version 14.2.0 using the options: 
  -cpp -iprefix C:/tdm-gcc-64/mingw64-14-2/bin/../lib/gcc/
  x86_64-w64-mingw32/14.2.0/ -D_MT -D_REENTRANT -U_REENTRANT -D
  dbleprecision -m64 -march=x86-64 -mtune=generic -mthreads -O3 -std=f2023
  -fimplicit-none -ffpe-summary=invalid,zero,overflow,underflow
  -funroll-loops -fno-unsafe-math-optimizations -frounding-math
  -fsignaling-nans -fall-intrinsics -fopenmp

 This problem will use 7 of 8 possible threads.
 Static thread allocation is used.
 Schedule kind is omp_sched_dynamic with chunk size 1
 INPUT --- proc title ;

 For procedure title CPU Time was 0.001 secs and System Time was 0.001 secs.
 INPUT --- proc chmatrix occasions= 59 groups= 6 etype= Nest Nodes= 
 INPUT --- 101 icovar = 58 ICMeans  NoHist hist= 465 ;
 INPUT ---    time interval 1 1 1 1 1 1 1 1 1 1 1 1 1 1 1 1 1 1 1 1 1 1 1 
 INPUT ---    1 1 1 1 1 1 1 1 1 1  1 1 1 1 1 1 1 1 1 1 1 1 1 1 1 1 1 1 1 
 INPUT ---    1 1 1 1 1 1 1 ;
 INPUT ---     icovariates NestAge1 NestAge2 NestAge3  NestAge4 NestAge5 
 INPUT ---    NestAge6 NestAge7 NestAge8 NestAge9 NestAge10 NestAge11 
 INPUT ---    NestAge12 NestAge13  NestAge14 NestAge15 NestAge16 
 INPUT ---    NestAge17 NestAge18 NestAge19 NestAge20 NestAge21 NestAge22 
 INPUT ---     NestAge23 NestAge24 NestAge25 NestAge26 NestAge27 
 INPUT ---    NestAge28 NestAge29 NestAge30 NestAge31  NestAge32 
 INPUT ---    NestAge33 NestAge34 NestAge35 NestAge36 NestAge37 NestAge38 
 INPUT ---    NestAge39 NestAge40  NestAge41 NestAge42 NestAge43 
 INPUT ---    NestAge44 NestAge45 NestAge46 NestAge47 NestAge48 NestAge49 
 INPUT ---     NestAge50 NestAge51 NestAge52 NestAge53 NestAge54 
 INPUT ---    NestAge55 NestAge56 NestAge57 NestAge58 ;
 INPUT ---    glabel(1)=Year2019;
 INPUT ---    glabel(2)=Year2021;
 INPUT ---    glabel(3)=Year2022;
 INPUT ---    glabel(4)=Year2023;
 INPUT ---    glabel(5)=Year2024;
 INPUT ---    glabel(6)=Year2025;
           7          33          33

   * *  WARNING  * *   Invalid observation -- last 2 times equal and fate>0. 
           9          34          34

   * *  WARNING  * *   Invalid observation -- last 2 times equal and fate>0. 
          21          23          23

   * *  WARNING  * *   Invalid observation -- last 2 times equal and fate>0. 
           3          24          24

   * *  WARNING  * *   Invalid observation -- last 2 times equal and fate>0. 
          21          31          31

   * *  WARNING  * *   Invalid observation -- last 2 times equal and fate>0. 
          27          26          28

Program  MARK  - Survival Rate Estimation with Capture-Recapture Data
 gfortran(dble/PIM2) Vers. 11.1 Nov 2024  18-Aug-2026 07:43:23    Page  002
 - - - - - - - - - - - - - - - - - - - - - - - - - - - - - - - - - - - - - -
 

   * *  WARNING  * *   Invalid observation -- times ordered correctly? 

      Number of unique encounter histories read was 459.

      Number of individual covariates read was 58.
      Time interval lengths are all equal to 1.

      Data type number is 24
      Data type is Nest Success

 For procedure chmatrix CPU Time was 0.109 secs and System Time was 0.109 secs.
 INPUT --- proc estimate link=Logit NOLOOP varest=2ndPart    ;
 INPUT --- model={ S.syn };
 INPUT ---    group=1 S    rows=1 cols=58 Square ;
 INPUT ---        1 2 3 4 5 6 7 8 9 10 11 12 13 14 15 16 17 18 19 20 21 22 
 INPUT ---       23 24 25 26 27 28 29 30 31 32 33 34 35 36 37 38 39 40 41 42 
 INPUT ---       43 44 45 46 47 48 49 50 51 52 53 54 55 56 57 58 ;
 INPUT ---    group=2 S    rows=1 cols=58 Square ;
 INPUT ---        59 60 61 62 63 64 65 66 67 68 69 70 71 72 73 74 75 76 77 
 INPUT ---       78 79 80 81 82 83 84 85 86 87 88 89 90 91 92 93 94 95 96 97 
 INPUT ---       98 99 100 101 102 103 104 105 106 107 108 109 110 111 112 
 INPUT ---       113 114 115 116 ;
 INPUT ---    group=3 S    rows=1 cols=58 Square ;
 INPUT ---        117 118 119 120 121 122 123 124 125 126 127 128 129 130 
 INPUT ---       131 132 133 134 135 136 137 138 139 140 141 142 143 144 145 
 INPUT ---       146 147 148 149 150 151 152 153 154 155 156 157 158 159 160 
 INPUT ---       161 162 163 164 165 166 167 168 169 170 171 172 173 174 ;
 INPUT ---    group=4 S    rows=1 cols=58 Square ;
 INPUT ---        175 176 177 178 179 180 181 182 183 184 185 186 187 188 
 INPUT ---       189 190 191 192 193 194 195 196 197 198 199 200 201 202 203 
 INPUT ---       204 205 206 207 208 209 210 211 212 213 214 215 216 217 218 
 INPUT ---       219 220 221 222 223 224 225 226 227 228 229 230 231 232 ;
 INPUT ---    group=5 S    rows=1 cols=58 Square ;
 INPUT ---        233 234 235 236 237 238 239 240 241 242 243 244 245 246 
 INPUT ---       247 248 249 250 251 252 253 254 255 256 257 258 259 260 261 
 INPUT ---       262 263 264 265 266 267 268 269 270 271 272 273 274 275 276 
 INPUT ---       277 278 279 280 281 282 283 284 285 286 287 288 289 290 ;
 INPUT ---    group=6 S    rows=1 cols=58 Square ;
 INPUT ---        291 292 293 294 295 296 297 298 299 300 301 302 303 304 
 INPUT ---       305 306 307 308 309 310 311 312 313 314 315 316 317 318 319 
 INPUT ---       320 321 322 323 324 325 326 327 328 329 330 331 332 333 334 
 INPUT ---       335 336 337 338 339 340 341 342 343 344 345 346 347 348 ;
 INPUT ---    initial 3.879507 0.586571 -1.4038485 -0.1040022 0.484374 
 INPUT ---    -1.0200119 0 ;
 INPUT ---    design matrix constraints=348 covariates=7;
 INPUT ---        1 0 0 0 0 0 NestAge1;

Program  MARK  - Survival Rate Estimation with Capture-Recapture Data
 gfortran(dble/PIM2) Vers. 11.1 Nov 2024  18-Aug-2026 07:43:23    Page  003
 - - - - - - - - - - - - - - - - - - - - - - - - - - - - - - - - - - - - - -
 
 INPUT ---        1 0 0 0 0 0 NestAge2;
 INPUT ---        1 0 0 0 0 0 NestAge3;
 INPUT ---        1 0 0 0 0 0 NestAge4;
 INPUT ---        1 0 0 0 0 0 NestAge5;
 INPUT ---        1 0 0 0 0 0 NestAge6;
 INPUT ---        1 0 0 0 0 0 NestAge7;
 INPUT ---        1 0 0 0 0 0 NestAge8;
 INPUT ---        1 0 0 0 0 0 NestAge9;
 INPUT ---        1 0 0 0 0 0 NestAge10;
 INPUT ---        1 0 0 0 0 0 NestAge11;
 INPUT ---        1 0 0 0 0 0 NestAge12;
 INPUT ---        1 0 0 0 0 0 NestAge13;
 INPUT ---        1 0 0 0 0 0 NestAge14;
 INPUT ---        1 0 0 0 0 0 NestAge15;
 INPUT ---        1 0 0 0 0 0 NestAge16;
 INPUT ---        1 0 0 0 0 0 NestAge17;
 INPUT ---        1 0 0 0 0 0 NestAge18;
 INPUT ---        1 0 0 0 0 0 NestAge19;
 INPUT ---        1 0 0 0 0 0 NestAge20;
 INPUT ---        1 0 0 0 0 0 NestAge21;
 INPUT ---        1 0 0 0 0 0 NestAge22;
 INPUT ---        1 0 0 0 0 0 NestAge23;
 INPUT ---        1 0 0 0 0 0 NestAge24;
 INPUT ---        1 0 0 0 0 0 NestAge25;
 INPUT ---        1 0 0 0 0 0 NestAge26;
 INPUT ---        1 0 0 0 0 0 NestAge27;
 INPUT ---        1 0 0 0 0 0 NestAge28;
 INPUT ---        1 0 0 0 0 0 NestAge29;
 INPUT ---        1 0 0 0 0 0 NestAge30;
 INPUT ---        1 0 0 0 0 0 NestAge31;
 INPUT ---        1 0 0 0 0 0 NestAge32;
 INPUT ---        1 0 0 0 0 0 NestAge33;
 INPUT ---        1 0 0 0 0 0 NestAge34;
 INPUT ---        1 0 0 0 0 0 NestAge35;
 INPUT ---        1 0 0 0 0 0 NestAge36;
 INPUT ---        1 0 0 0 0 0 NestAge37;
 INPUT ---        1 0 0 0 0 0 NestAge38;
 INPUT ---        1 0 0 0 0 0 NestAge39;
 INPUT ---        1 0 0 0 0 0 NestAge40;
 INPUT ---        1 0 0 0 0 0 NestAge41;
 INPUT ---        1 0 0 0 0 0 NestAge42;
 INPUT ---        1 0 0 0 0 0 NestAge43;
 INPUT ---        1 0 0 0 0 0 NestAge44;
 INPUT ---        1 0 0 0 0 0 NestAge45;
 INPUT ---        1 0 0 0 0 0 NestAge46;
 INPUT ---        1 0 0 0 0 0 NestAge47;

Program  MARK  - Survival Rate Estimation with Capture-Recapture Data
 gfortran(dble/PIM2) Vers. 11.1 Nov 2024  18-Aug-2026 07:43:23    Page  004
 - - - - - - - - - - - - - - - - - - - - - - - - - - - - - - - - - - - - - -
 
 INPUT ---        1 0 0 0 0 0 NestAge48;
 INPUT ---        1 0 0 0 0 0 NestAge49;
 INPUT ---        1 0 0 0 0 0 NestAge50;
 INPUT ---        1 0 0 0 0 0 NestAge51;
 INPUT ---        1 0 0 0 0 0 NestAge52;
 INPUT ---        1 0 0 0 0 0 NestAge53;
 INPUT ---        1 0 0 0 0 0 NestAge54;
 INPUT ---        1 0 0 0 0 0 NestAge55;
 INPUT ---        1 0 0 0 0 0 NestAge56;
 INPUT ---        1 0 0 0 0 0 NestAge57;
 INPUT ---        1 0 0 0 0 0 NestAge58;
 INPUT ---        1 1 0 0 0 0 NestAge1;
 INPUT ---        1 1 0 0 0 0 NestAge2;
 INPUT ---        1 1 0 0 0 0 NestAge3;
 INPUT ---        1 1 0 0 0 0 NestAge4;
 INPUT ---        1 1 0 0 0 0 NestAge5;
 INPUT ---        1 1 0 0 0 0 NestAge6;
 INPUT ---        1 1 0 0 0 0 NestAge7;
 INPUT ---        1 1 0 0 0 0 NestAge8;
 INPUT ---        1 1 0 0 0 0 NestAge9;
 INPUT ---        1 1 0 0 0 0 NestAge10;
 INPUT ---        1 1 0 0 0 0 NestAge11;
 INPUT ---        1 1 0 0 0 0 NestAge12;
 INPUT ---        1 1 0 0 0 0 NestAge13;
 INPUT ---        1 1 0 0 0 0 NestAge14;
 INPUT ---        1 1 0 0 0 0 NestAge15;
 INPUT ---        1 1 0 0 0 0 NestAge16;
 INPUT ---        1 1 0 0 0 0 NestAge17;
 INPUT ---        1 1 0 0 0 0 NestAge18;
 INPUT ---        1 1 0 0 0 0 NestAge19;
 INPUT ---        1 1 0 0 0 0 NestAge20;
 INPUT ---        1 1 0 0 0 0 NestAge21;
 INPUT ---        1 1 0 0 0 0 NestAge22;
 INPUT ---        1 1 0 0 0 0 NestAge23;
 INPUT ---        1 1 0 0 0 0 NestAge24;
 INPUT ---        1 1 0 0 0 0 NestAge25;
 INPUT ---        1 1 0 0 0 0 NestAge26;
 INPUT ---        1 1 0 0 0 0 NestAge27;
 INPUT ---        1 1 0 0 0 0 NestAge28;
 INPUT ---        1 1 0 0 0 0 NestAge29;
 INPUT ---        1 1 0 0 0 0 NestAge30;
 INPUT ---        1 1 0 0 0 0 NestAge31;
 INPUT ---        1 1 0 0 0 0 NestAge32;
 INPUT ---        1 1 0 0 0 0 NestAge33;
 INPUT ---        1 1 0 0 0 0 NestAge34;
 INPUT ---        1 1 0 0 0 0 NestAge35;

Program  MARK  - Survival Rate Estimation with Capture-Recapture Data
 gfortran(dble/PIM2) Vers. 11.1 Nov 2024  18-Aug-2026 07:43:23    Page  005
 - - - - - - - - - - - - - - - - - - - - - - - - - - - - - - - - - - - - - -
 
 INPUT ---        1 1 0 0 0 0 NestAge36;
 INPUT ---        1 1 0 0 0 0 NestAge37;
 INPUT ---        1 1 0 0 0 0 NestAge38;
 INPUT ---        1 1 0 0 0 0 NestAge39;
 INPUT ---        1 1 0 0 0 0 NestAge40;
 INPUT ---        1 1 0 0 0 0 NestAge41;
 INPUT ---        1 1 0 0 0 0 NestAge42;
 INPUT ---        1 1 0 0 0 0 NestAge43;
 INPUT ---        1 1 0 0 0 0 NestAge44;
 INPUT ---        1 1 0 0 0 0 NestAge45;
 INPUT ---        1 1 0 0 0 0 NestAge46;
 INPUT ---        1 1 0 0 0 0 NestAge47;
 INPUT ---        1 1 0 0 0 0 NestAge48;
 INPUT ---        1 1 0 0 0 0 NestAge49;
 INPUT ---        1 1 0 0 0 0 NestAge50;
 INPUT ---        1 1 0 0 0 0 NestAge51;
 INPUT ---        1 1 0 0 0 0 NestAge52;
 INPUT ---        1 1 0 0 0 0 NestAge53;
 INPUT ---        1 1 0 0 0 0 NestAge54;
 INPUT ---        1 1 0 0 0 0 NestAge55;
 INPUT ---        1 1 0 0 0 0 NestAge56;
 INPUT ---        1 1 0 0 0 0 NestAge57;
 INPUT ---        1 1 0 0 0 0 NestAge58;
 INPUT ---        1 0 1 0 0 0 NestAge1;
 INPUT ---        1 0 1 0 0 0 NestAge2;
 INPUT ---        1 0 1 0 0 0 NestAge3;
 INPUT ---        1 0 1 0 0 0 NestAge4;
 INPUT ---        1 0 1 0 0 0 NestAge5;
 INPUT ---        1 0 1 0 0 0 NestAge6;
 INPUT ---        1 0 1 0 0 0 NestAge7;
 INPUT ---        1 0 1 0 0 0 NestAge8;
 INPUT ---        1 0 1 0 0 0 NestAge9;
 INPUT ---        1 0 1 0 0 0 NestAge10;
 INPUT ---        1 0 1 0 0 0 NestAge11;
 INPUT ---        1 0 1 0 0 0 NestAge12;
 INPUT ---        1 0 1 0 0 0 NestAge13;
 INPUT ---        1 0 1 0 0 0 NestAge14;
 INPUT ---        1 0 1 0 0 0 NestAge15;
 INPUT ---        1 0 1 0 0 0 NestAge16;
 INPUT ---        1 0 1 0 0 0 NestAge17;
 INPUT ---        1 0 1 0 0 0 NestAge18;
 INPUT ---        1 0 1 0 0 0 NestAge19;
 INPUT ---        1 0 1 0 0 0 NestAge20;
 INPUT ---        1 0 1 0 0 0 NestAge21;
 INPUT ---        1 0 1 0 0 0 NestAge22;
 INPUT ---        1 0 1 0 0 0 NestAge23;

Program  MARK  - Survival Rate Estimation with Capture-Recapture Data
 gfortran(dble/PIM2) Vers. 11.1 Nov 2024  18-Aug-2026 07:43:23    Page  006
 - - - - - - - - - - - - - - - - - - - - - - - - - - - - - - - - - - - - - -
 
 INPUT ---        1 0 1 0 0 0 NestAge24;
 INPUT ---        1 0 1 0 0 0 NestAge25;
 INPUT ---        1 0 1 0 0 0 NestAge26;
 INPUT ---        1 0 1 0 0 0 NestAge27;
 INPUT ---        1 0 1 0 0 0 NestAge28;
 INPUT ---        1 0 1 0 0 0 NestAge29;
 INPUT ---        1 0 1 0 0 0 NestAge30;
 INPUT ---        1 0 1 0 0 0 NestAge31;
 INPUT ---        1 0 1 0 0 0 NestAge32;
 INPUT ---        1 0 1 0 0 0 NestAge33;
 INPUT ---        1 0 1 0 0 0 NestAge34;
 INPUT ---        1 0 1 0 0 0 NestAge35;
 INPUT ---        1 0 1 0 0 0 NestAge36;
 INPUT ---        1 0 1 0 0 0 NestAge37;
 INPUT ---        1 0 1 0 0 0 NestAge38;
 INPUT ---        1 0 1 0 0 0 NestAge39;
 INPUT ---        1 0 1 0 0 0 NestAge40;
 INPUT ---        1 0 1 0 0 0 NestAge41;
 INPUT ---        1 0 1 0 0 0 NestAge42;
 INPUT ---        1 0 1 0 0 0 NestAge43;
 INPUT ---        1 0 1 0 0 0 NestAge44;
 INPUT ---        1 0 1 0 0 0 NestAge45;
 INPUT ---        1 0 1 0 0 0 NestAge46;
 INPUT ---        1 0 1 0 0 0 NestAge47;
 INPUT ---        1 0 1 0 0 0 NestAge48;
 INPUT ---        1 0 1 0 0 0 NestAge49;
 INPUT ---        1 0 1 0 0 0 NestAge50;
 INPUT ---        1 0 1 0 0 0 NestAge51;
 INPUT ---        1 0 1 0 0 0 NestAge52;
 INPUT ---        1 0 1 0 0 0 NestAge53;
 INPUT ---        1 0 1 0 0 0 NestAge54;
 INPUT ---        1 0 1 0 0 0 NestAge55;
 INPUT ---        1 0 1 0 0 0 NestAge56;
 INPUT ---        1 0 1 0 0 0 NestAge57;
 INPUT ---        1 0 1 0 0 0 NestAge58;
 INPUT ---        1 0 0 1 0 0 NestAge1;
 INPUT ---        1 0 0 1 0 0 NestAge2;
 INPUT ---        1 0 0 1 0 0 NestAge3;
 INPUT ---        1 0 0 1 0 0 NestAge4;
 INPUT ---        1 0 0 1 0 0 NestAge5;
 INPUT ---        1 0 0 1 0 0 NestAge6;
 INPUT ---        1 0 0 1 0 0 NestAge7;
 INPUT ---        1 0 0 1 0 0 NestAge8;
 INPUT ---        1 0 0 1 0 0 NestAge9;
 INPUT ---        1 0 0 1 0 0 NestAge10;
 INPUT ---        1 0 0 1 0 0 NestAge11;

Program  MARK  - Survival Rate Estimation with Capture-Recapture Data
 gfortran(dble/PIM2) Vers. 11.1 Nov 2024  18-Aug-2026 07:43:23    Page  007
 - - - - - - - - - - - - - - - - - - - - - - - - - - - - - - - - - - - - - -
 
 INPUT ---        1 0 0 1 0 0 NestAge12;
 INPUT ---        1 0 0 1 0 0 NestAge13;
 INPUT ---        1 0 0 1 0 0 NestAge14;
 INPUT ---        1 0 0 1 0 0 NestAge15;
 INPUT ---        1 0 0 1 0 0 NestAge16;
 INPUT ---        1 0 0 1 0 0 NestAge17;
 INPUT ---        1 0 0 1 0 0 NestAge18;
 INPUT ---        1 0 0 1 0 0 NestAge19;
 INPUT ---        1 0 0 1 0 0 NestAge20;
 INPUT ---        1 0 0 1 0 0 NestAge21;
 INPUT ---        1 0 0 1 0 0 NestAge22;
 INPUT ---        1 0 0 1 0 0 NestAge23;
 INPUT ---        1 0 0 1 0 0 NestAge24;
 INPUT ---        1 0 0 1 0 0 NestAge25;
 INPUT ---        1 0 0 1 0 0 NestAge26;
 INPUT ---        1 0 0 1 0 0 NestAge27;
 INPUT ---        1 0 0 1 0 0 NestAge28;
 INPUT ---        1 0 0 1 0 0 NestAge29;
 INPUT ---        1 0 0 1 0 0 NestAge30;
 INPUT ---        1 0 0 1 0 0 NestAge31;
 INPUT ---        1 0 0 1 0 0 NestAge32;
 INPUT ---        1 0 0 1 0 0 NestAge33;
 INPUT ---        1 0 0 1 0 0 NestAge34;
 INPUT ---        1 0 0 1 0 0 NestAge35;
 INPUT ---        1 0 0 1 0 0 NestAge36;
 INPUT ---        1 0 0 1 0 0 NestAge37;
 INPUT ---        1 0 0 1 0 0 NestAge38;
 INPUT ---        1 0 0 1 0 0 NestAge39;
 INPUT ---        1 0 0 1 0 0 NestAge40;
 INPUT ---        1 0 0 1 0 0 NestAge41;
 INPUT ---        1 0 0 1 0 0 NestAge42;
 INPUT ---        1 0 0 1 0 0 NestAge43;
 INPUT ---        1 0 0 1 0 0 NestAge44;
 INPUT ---        1 0 0 1 0 0 NestAge45;
 INPUT ---        1 0 0 1 0 0 NestAge46;
 INPUT ---        1 0 0 1 0 0 NestAge47;
 INPUT ---        1 0 0 1 0 0 NestAge48;
 INPUT ---        1 0 0 1 0 0 NestAge49;
 INPUT ---        1 0 0 1 0 0 NestAge50;
 INPUT ---        1 0 0 1 0 0 NestAge51;
 INPUT ---        1 0 0 1 0 0 NestAge52;
 INPUT ---        1 0 0 1 0 0 NestAge53;
 INPUT ---        1 0 0 1 0 0 NestAge54;
 INPUT ---        1 0 0 1 0 0 NestAge55;
 INPUT ---        1 0 0 1 0 0 NestAge56;
 INPUT ---        1 0 0 1 0 0 NestAge57;

Program  MARK  - Survival Rate Estimation with Capture-Recapture Data
 gfortran(dble/PIM2) Vers. 11.1 Nov 2024  18-Aug-2026 07:43:23    Page  008
 - - - - - - - - - - - - - - - - - - - - - - - - - - - - - - - - - - - - - -
 
 INPUT ---        1 0 0 1 0 0 NestAge58;
 INPUT ---        1 0 0 0 1 0 NestAge1;
 INPUT ---        1 0 0 0 1 0 NestAge2;
 INPUT ---        1 0 0 0 1 0 NestAge3;
 INPUT ---        1 0 0 0 1 0 NestAge4;
 INPUT ---        1 0 0 0 1 0 NestAge5;
 INPUT ---        1 0 0 0 1 0 NestAge6;
 INPUT ---        1 0 0 0 1 0 NestAge7;
 INPUT ---        1 0 0 0 1 0 NestAge8;
 INPUT ---        1 0 0 0 1 0 NestAge9;
 INPUT ---        1 0 0 0 1 0 NestAge10;
 INPUT ---        1 0 0 0 1 0 NestAge11;
 INPUT ---        1 0 0 0 1 0 NestAge12;
 INPUT ---        1 0 0 0 1 0 NestAge13;
 INPUT ---        1 0 0 0 1 0 NestAge14;
 INPUT ---        1 0 0 0 1 0 NestAge15;
 INPUT ---        1 0 0 0 1 0 NestAge16;
 INPUT ---        1 0 0 0 1 0 NestAge17;
 INPUT ---        1 0 0 0 1 0 NestAge18;
 INPUT ---        1 0 0 0 1 0 NestAge19;
 INPUT ---        1 0 0 0 1 0 NestAge20;
 INPUT ---        1 0 0 0 1 0 NestAge21;
 INPUT ---        1 0 0 0 1 0 NestAge22;
 INPUT ---        1 0 0 0 1 0 NestAge23;
 INPUT ---        1 0 0 0 1 0 NestAge24;
 INPUT ---        1 0 0 0 1 0 NestAge25;
 INPUT ---        1 0 0 0 1 0 NestAge26;
 INPUT ---        1 0 0 0 1 0 NestAge27;
 INPUT ---        1 0 0 0 1 0 NestAge28;
 INPUT ---        1 0 0 0 1 0 NestAge29;
 INPUT ---        1 0 0 0 1 0 NestAge30;
 INPUT ---        1 0 0 0 1 0 NestAge31;
 INPUT ---        1 0 0 0 1 0 NestAge32;
 INPUT ---        1 0 0 0 1 0 NestAge33;
 INPUT ---        1 0 0 0 1 0 NestAge34;
 INPUT ---        1 0 0 0 1 0 NestAge35;
 INPUT ---        1 0 0 0 1 0 NestAge36;
 INPUT ---        1 0 0 0 1 0 NestAge37;
 INPUT ---        1 0 0 0 1 0 NestAge38;
 INPUT ---        1 0 0 0 1 0 NestAge39;
 INPUT ---        1 0 0 0 1 0 NestAge40;
 INPUT ---        1 0 0 0 1 0 NestAge41;
 INPUT ---        1 0 0 0 1 0 NestAge42;
 INPUT ---        1 0 0 0 1 0 NestAge43;
 INPUT ---        1 0 0 0 1 0 NestAge44;
 INPUT ---        1 0 0 0 1 0 NestAge45;

Program  MARK  - Survival Rate Estimation with Capture-Recapture Data
 gfortran(dble/PIM2) Vers. 11.1 Nov 2024  18-Aug-2026 07:43:23    Page  009
 - - - - - - - - - - - - - - - - - - - - - - - - - - - - - - - - - - - - - -
 
 INPUT ---        1 0 0 0 1 0 NestAge46;
 INPUT ---        1 0 0 0 1 0 NestAge47;
 INPUT ---        1 0 0 0 1 0 NestAge48;
 INPUT ---        1 0 0 0 1 0 NestAge49;
 INPUT ---        1 0 0 0 1 0 NestAge50;
 INPUT ---        1 0 0 0 1 0 NestAge51;
 INPUT ---        1 0 0 0 1 0 NestAge52;
 INPUT ---        1 0 0 0 1 0 NestAge53;
 INPUT ---        1 0 0 0 1 0 NestAge54;
 INPUT ---        1 0 0 0 1 0 NestAge55;
 INPUT ---        1 0 0 0 1 0 NestAge56;
 INPUT ---        1 0 0 0 1 0 NestAge57;
 INPUT ---        1 0 0 0 1 0 NestAge58;
 INPUT ---        1 0 0 0 0 1 NestAge1;
 INPUT ---        1 0 0 0 0 1 NestAge2;
 INPUT ---        1 0 0 0 0 1 NestAge3;
 INPUT ---        1 0 0 0 0 1 NestAge4;
 INPUT ---        1 0 0 0 0 1 NestAge5;
 INPUT ---        1 0 0 0 0 1 NestAge6;
 INPUT ---        1 0 0 0 0 1 NestAge7;
 INPUT ---        1 0 0 0 0 1 NestAge8;
 INPUT ---        1 0 0 0 0 1 NestAge9;
 INPUT ---        1 0 0 0 0 1 NestAge10;
 INPUT ---        1 0 0 0 0 1 NestAge11;
 INPUT ---        1 0 0 0 0 1 NestAge12;
 INPUT ---        1 0 0 0 0 1 NestAge13;
 INPUT ---        1 0 0 0 0 1 NestAge14;
 INPUT ---        1 0 0 0 0 1 NestAge15;
 INPUT ---        1 0 0 0 0 1 NestAge16;
 INPUT ---        1 0 0 0 0 1 NestAge17;
 INPUT ---        1 0 0 0 0 1 NestAge18;
 INPUT ---        1 0 0 0 0 1 NestAge19;
 INPUT ---        1 0 0 0 0 1 NestAge20;
 INPUT ---        1 0 0 0 0 1 NestAge21;
 INPUT ---        1 0 0 0 0 1 NestAge22;
 INPUT ---        1 0 0 0 0 1 NestAge23;
 INPUT ---        1 0 0 0 0 1 NestAge24;
 INPUT ---        1 0 0 0 0 1 NestAge25;
 INPUT ---        1 0 0 0 0 1 NestAge26;
 INPUT ---        1 0 0 0 0 1 NestAge27;
 INPUT ---        1 0 0 0 0 1 NestAge28;
 INPUT ---        1 0 0 0 0 1 NestAge29;
 INPUT ---        1 0 0 0 0 1 NestAge30;
 INPUT ---        1 0 0 0 0 1 NestAge31;
 INPUT ---        1 0 0 0 0 1 NestAge32;
 INPUT ---        1 0 0 0 0 1 NestAge33;

Program  MARK  - Survival Rate Estimation with Capture-Recapture Data
 gfortran(dble/PIM2) Vers. 11.1 Nov 2024  18-Aug-2026 07:43:23    Page  010
 - - - - - - - - - - - - - - - - - - - - - - - - - - - - - - - - - - - - - -
 
 INPUT ---        1 0 0 0 0 1 NestAge34;
 INPUT ---        1 0 0 0 0 1 NestAge35;
 INPUT ---        1 0 0 0 0 1 NestAge36;
 INPUT ---        1 0 0 0 0 1 NestAge37;
 INPUT ---        1 0 0 0 0 1 NestAge38;
 INPUT ---        1 0 0 0 0 1 NestAge39;
 INPUT ---        1 0 0 0 0 1 NestAge40;
 INPUT ---        1 0 0 0 0 1 NestAge41;
 INPUT ---        1 0 0 0 0 1 NestAge42;
 INPUT ---        1 0 0 0 0 1 NestAge43;
 INPUT ---        1 0 0 0 0 1 NestAge44;
 INPUT ---        1 0 0 0 0 1 NestAge45;
 INPUT ---        1 0 0 0 0 1 NestAge46;
 INPUT ---        1 0 0 0 0 1 NestAge47;
 INPUT ---        1 0 0 0 0 1 NestAge48;
 INPUT ---        1 0 0 0 0 1 NestAge49;
 INPUT ---        1 0 0 0 0 1 NestAge50;
 INPUT ---        1 0 0 0 0 1 NestAge51;
 INPUT ---        1 0 0 0 0 1 NestAge52;
 INPUT ---        1 0 0 0 0 1 NestAge53;
 INPUT ---        1 0 0 0 0 1 NestAge54;
 INPUT ---        1 0 0 0 0 1 NestAge55;
 INPUT ---        1 0 0 0 0 1 NestAge56;
 INPUT ---        1 0 0 0 0 1 NestAge57;
 INPUT ---        1 0 0 0 0 1 NestAge58;
 INPUT ---       blabel(1)=S:(Intercept);
 INPUT ---       blabel(2)=S:Year2021;
 INPUT ---       blabel(3)=S:Year2022;
 INPUT ---       blabel(4)=S:Year2023;
 INPUT ---       blabel(5)=S:Year2024;
 INPUT ---       blabel(6)=S:Year2025;
 INPUT ---       blabel(7)=S:NestAge;
 INPUT ---       rlabel(1)=S g2019 a0 t1;
 INPUT ---       rlabel(2)=S g2019 a1 t2;
 INPUT ---       rlabel(3)=S g2019 a2 t3;
 INPUT ---       rlabel(4)=S g2019 a3 t4;
 INPUT ---       rlabel(5)=S g2019 a4 t5;
 INPUT ---       rlabel(6)=S g2019 a5 t6;
 INPUT ---       rlabel(7)=S g2019 a6 t7;
 INPUT ---       rlabel(8)=S g2019 a7 t8;
 INPUT ---       rlabel(9)=S g2019 a8 t9;
 INPUT ---       rlabel(10)=S g2019 a9 t10;
 INPUT ---       rlabel(11)=S g2019 a10 t11;
 INPUT ---       rlabel(12)=S g2019 a11 t12;
 INPUT ---       rlabel(13)=S g2019 a12 t13;
 INPUT ---       rlabel(14)=S g2019 a13 t14;

Program  MARK  - Survival Rate Estimation with Capture-Recapture Data
 gfortran(dble/PIM2) Vers. 11.1 Nov 2024  18-Aug-2026 07:43:23    Page  011
 - - - - - - - - - - - - - - - - - - - - - - - - - - - - - - - - - - - - - -
 
 INPUT ---       rlabel(15)=S g2019 a14 t15;
 INPUT ---       rlabel(16)=S g2019 a15 t16;
 INPUT ---       rlabel(17)=S g2019 a16 t17;
 INPUT ---       rlabel(18)=S g2019 a17 t18;
 INPUT ---       rlabel(19)=S g2019 a18 t19;
 INPUT ---       rlabel(20)=S g2019 a19 t20;
 INPUT ---       rlabel(21)=S g2019 a20 t21;
 INPUT ---       rlabel(22)=S g2019 a21 t22;
 INPUT ---       rlabel(23)=S g2019 a22 t23;
 INPUT ---       rlabel(24)=S g2019 a23 t24;
 INPUT ---       rlabel(25)=S g2019 a24 t25;
 INPUT ---       rlabel(26)=S g2019 a25 t26;
 INPUT ---       rlabel(27)=S g2019 a26 t27;
 INPUT ---       rlabel(28)=S g2019 a27 t28;
 INPUT ---       rlabel(29)=S g2019 a28 t29;
 INPUT ---       rlabel(30)=S g2019 a29 t30;
 INPUT ---       rlabel(31)=S g2019 a30 t31;
 INPUT ---       rlabel(32)=S g2019 a31 t32;
 INPUT ---       rlabel(33)=S g2019 a32 t33;
 INPUT ---       rlabel(34)=S g2019 a33 t34;
 INPUT ---       rlabel(35)=S g2019 a34 t35;
 INPUT ---       rlabel(36)=S g2019 a35 t36;
 INPUT ---       rlabel(37)=S g2019 a36 t37;
 INPUT ---       rlabel(38)=S g2019 a37 t38;
 INPUT ---       rlabel(39)=S g2019 a38 t39;
 INPUT ---       rlabel(40)=S g2019 a39 t40;
 INPUT ---       rlabel(41)=S g2019 a40 t41;
 INPUT ---       rlabel(42)=S g2019 a41 t42;
 INPUT ---       rlabel(43)=S g2019 a42 t43;
 INPUT ---       rlabel(44)=S g2019 a43 t44;
 INPUT ---       rlabel(45)=S g2019 a44 t45;
 INPUT ---       rlabel(46)=S g2019 a45 t46;
 INPUT ---       rlabel(47)=S g2019 a46 t47;
 INPUT ---       rlabel(48)=S g2019 a47 t48;
 INPUT ---       rlabel(49)=S g2019 a48 t49;
 INPUT ---       rlabel(50)=S g2019 a49 t50;
 INPUT ---       rlabel(51)=S g2019 a50 t51;
 INPUT ---       rlabel(52)=S g2019 a51 t52;
 INPUT ---       rlabel(53)=S g2019 a52 t53;
 INPUT ---       rlabel(54)=S g2019 a53 t54;
 INPUT ---       rlabel(55)=S g2019 a54 t55;
 INPUT ---       rlabel(56)=S g2019 a55 t56;
 INPUT ---       rlabel(57)=S g2019 a56 t57;
 INPUT ---       rlabel(58)=S g2019 a57 t58;
 INPUT ---       rlabel(59)=S g2021 a0 t1;
 INPUT ---       rlabel(60)=S g2021 a1 t2;

Program  MARK  - Survival Rate Estimation with Capture-Recapture Data
 gfortran(dble/PIM2) Vers. 11.1 Nov 2024  18-Aug-2026 07:43:23    Page  012
 - - - - - - - - - - - - - - - - - - - - - - - - - - - - - - - - - - - - - -
 
 INPUT ---       rlabel(61)=S g2021 a2 t3;
 INPUT ---       rlabel(62)=S g2021 a3 t4;
 INPUT ---       rlabel(63)=S g2021 a4 t5;
 INPUT ---       rlabel(64)=S g2021 a5 t6;
 INPUT ---       rlabel(65)=S g2021 a6 t7;
 INPUT ---       rlabel(66)=S g2021 a7 t8;
 INPUT ---       rlabel(67)=S g2021 a8 t9;
 INPUT ---       rlabel(68)=S g2021 a9 t10;
 INPUT ---       rlabel(69)=S g2021 a10 t11;
 INPUT ---       rlabel(70)=S g2021 a11 t12;
 INPUT ---       rlabel(71)=S g2021 a12 t13;
 INPUT ---       rlabel(72)=S g2021 a13 t14;
 INPUT ---       rlabel(73)=S g2021 a14 t15;
 INPUT ---       rlabel(74)=S g2021 a15 t16;
 INPUT ---       rlabel(75)=S g2021 a16 t17;
 INPUT ---       rlabel(76)=S g2021 a17 t18;
 INPUT ---       rlabel(77)=S g2021 a18 t19;
 INPUT ---       rlabel(78)=S g2021 a19 t20;
 INPUT ---       rlabel(79)=S g2021 a20 t21;
 INPUT ---       rlabel(80)=S g2021 a21 t22;
 INPUT ---       rlabel(81)=S g2021 a22 t23;
 INPUT ---       rlabel(82)=S g2021 a23 t24;
 INPUT ---       rlabel(83)=S g2021 a24 t25;
 INPUT ---       rlabel(84)=S g2021 a25 t26;
 INPUT ---       rlabel(85)=S g2021 a26 t27;
 INPUT ---       rlabel(86)=S g2021 a27 t28;
 INPUT ---       rlabel(87)=S g2021 a28 t29;
 INPUT ---       rlabel(88)=S g2021 a29 t30;
 INPUT ---       rlabel(89)=S g2021 a30 t31;
 INPUT ---       rlabel(90)=S g2021 a31 t32;
 INPUT ---       rlabel(91)=S g2021 a32 t33;
 INPUT ---       rlabel(92)=S g2021 a33 t34;
 INPUT ---       rlabel(93)=S g2021 a34 t35;
 INPUT ---       rlabel(94)=S g2021 a35 t36;
 INPUT ---       rlabel(95)=S g2021 a36 t37;
 INPUT ---       rlabel(96)=S g2021 a37 t38;
 INPUT ---       rlabel(97)=S g2021 a38 t39;
 INPUT ---       rlabel(98)=S g2021 a39 t40;
 INPUT ---       rlabel(99)=S g2021 a40 t41;
 INPUT ---       rlabel(100)=S g2021 a41 t42;
 INPUT ---       rlabel(101)=S g2021 a42 t43;
 INPUT ---       rlabel(102)=S g2021 a43 t44;
 INPUT ---       rlabel(103)=S g2021 a44 t45;
 INPUT ---       rlabel(104)=S g2021 a45 t46;
 INPUT ---       rlabel(105)=S g2021 a46 t47;
 INPUT ---       rlabel(106)=S g2021 a47 t48;

Program  MARK  - Survival Rate Estimation with Capture-Recapture Data
 gfortran(dble/PIM2) Vers. 11.1 Nov 2024  18-Aug-2026 07:43:23    Page  013
 - - - - - - - - - - - - - - - - - - - - - - - - - - - - - - - - - - - - - -
 
 INPUT ---       rlabel(107)=S g2021 a48 t49;
 INPUT ---       rlabel(108)=S g2021 a49 t50;
 INPUT ---       rlabel(109)=S g2021 a50 t51;
 INPUT ---       rlabel(110)=S g2021 a51 t52;
 INPUT ---       rlabel(111)=S g2021 a52 t53;
 INPUT ---       rlabel(112)=S g2021 a53 t54;
 INPUT ---       rlabel(113)=S g2021 a54 t55;
 INPUT ---       rlabel(114)=S g2021 a55 t56;
 INPUT ---       rlabel(115)=S g2021 a56 t57;
 INPUT ---       rlabel(116)=S g2021 a57 t58;
 INPUT ---       rlabel(117)=S g2022 a0 t1;
 INPUT ---       rlabel(118)=S g2022 a1 t2;
 INPUT ---       rlabel(119)=S g2022 a2 t3;
 INPUT ---       rlabel(120)=S g2022 a3 t4;
 INPUT ---       rlabel(121)=S g2022 a4 t5;
 INPUT ---       rlabel(122)=S g2022 a5 t6;
 INPUT ---       rlabel(123)=S g2022 a6 t7;
 INPUT ---       rlabel(124)=S g2022 a7 t8;
 INPUT ---       rlabel(125)=S g2022 a8 t9;
 INPUT ---       rlabel(126)=S g2022 a9 t10;
 INPUT ---       rlabel(127)=S g2022 a10 t11;
 INPUT ---       rlabel(128)=S g2022 a11 t12;
 INPUT ---       rlabel(129)=S g2022 a12 t13;
 INPUT ---       rlabel(130)=S g2022 a13 t14;
 INPUT ---       rlabel(131)=S g2022 a14 t15;
 INPUT ---       rlabel(132)=S g2022 a15 t16;
 INPUT ---       rlabel(133)=S g2022 a16 t17;
 INPUT ---       rlabel(134)=S g2022 a17 t18;
 INPUT ---       rlabel(135)=S g2022 a18 t19;
 INPUT ---       rlabel(136)=S g2022 a19 t20;
 INPUT ---       rlabel(137)=S g2022 a20 t21;
 INPUT ---       rlabel(138)=S g2022 a21 t22;
 INPUT ---       rlabel(139)=S g2022 a22 t23;
 INPUT ---       rlabel(140)=S g2022 a23 t24;
 INPUT ---       rlabel(141)=S g2022 a24 t25;
 INPUT ---       rlabel(142)=S g2022 a25 t26;
 INPUT ---       rlabel(143)=S g2022 a26 t27;
 INPUT ---       rlabel(144)=S g2022 a27 t28;
 INPUT ---       rlabel(145)=S g2022 a28 t29;
 INPUT ---       rlabel(146)=S g2022 a29 t30;
 INPUT ---       rlabel(147)=S g2022 a30 t31;
 INPUT ---       rlabel(148)=S g2022 a31 t32;
 INPUT ---       rlabel(149)=S g2022 a32 t33;
 INPUT ---       rlabel(150)=S g2022 a33 t34;
 INPUT ---       rlabel(151)=S g2022 a34 t35;
 INPUT ---       rlabel(152)=S g2022 a35 t36;

Program  MARK  - Survival Rate Estimation with Capture-Recapture Data
 gfortran(dble/PIM2) Vers. 11.1 Nov 2024  18-Aug-2026 07:43:23    Page  014
 - - - - - - - - - - - - - - - - - - - - - - - - - - - - - - - - - - - - - -
 
 INPUT ---       rlabel(153)=S g2022 a36 t37;
 INPUT ---       rlabel(154)=S g2022 a37 t38;
 INPUT ---       rlabel(155)=S g2022 a38 t39;
 INPUT ---       rlabel(156)=S g2022 a39 t40;
 INPUT ---       rlabel(157)=S g2022 a40 t41;
 INPUT ---       rlabel(158)=S g2022 a41 t42;
 INPUT ---       rlabel(159)=S g2022 a42 t43;
 INPUT ---       rlabel(160)=S g2022 a43 t44;
 INPUT ---       rlabel(161)=S g2022 a44 t45;
 INPUT ---       rlabel(162)=S g2022 a45 t46;
 INPUT ---       rlabel(163)=S g2022 a46 t47;
 INPUT ---       rlabel(164)=S g2022 a47 t48;
 INPUT ---       rlabel(165)=S g2022 a48 t49;
 INPUT ---       rlabel(166)=S g2022 a49 t50;
 INPUT ---       rlabel(167)=S g2022 a50 t51;
 INPUT ---       rlabel(168)=S g2022 a51 t52;
 INPUT ---       rlabel(169)=S g2022 a52 t53;
 INPUT ---       rlabel(170)=S g2022 a53 t54;
 INPUT ---       rlabel(171)=S g2022 a54 t55;
 INPUT ---       rlabel(172)=S g2022 a55 t56;
 INPUT ---       rlabel(173)=S g2022 a56 t57;
 INPUT ---       rlabel(174)=S g2022 a57 t58;
 INPUT ---       rlabel(175)=S g2023 a0 t1;
 INPUT ---       rlabel(176)=S g2023 a1 t2;
 INPUT ---       rlabel(177)=S g2023 a2 t3;
 INPUT ---       rlabel(178)=S g2023 a3 t4;
 INPUT ---       rlabel(179)=S g2023 a4 t5;
 INPUT ---       rlabel(180)=S g2023 a5 t6;
 INPUT ---       rlabel(181)=S g2023 a6 t7;
 INPUT ---       rlabel(182)=S g2023 a7 t8;
 INPUT ---       rlabel(183)=S g2023 a8 t9;
 INPUT ---       rlabel(184)=S g2023 a9 t10;
 INPUT ---       rlabel(185)=S g2023 a10 t11;
 INPUT ---       rlabel(186)=S g2023 a11 t12;
 INPUT ---       rlabel(187)=S g2023 a12 t13;
 INPUT ---       rlabel(188)=S g2023 a13 t14;
 INPUT ---       rlabel(189)=S g2023 a14 t15;
 INPUT ---       rlabel(190)=S g2023 a15 t16;
 INPUT ---       rlabel(191)=S g2023 a16 t17;
 INPUT ---       rlabel(192)=S g2023 a17 t18;
 INPUT ---       rlabel(193)=S g2023 a18 t19;
 INPUT ---       rlabel(194)=S g2023 a19 t20;
 INPUT ---       rlabel(195)=S g2023 a20 t21;
 INPUT ---       rlabel(196)=S g2023 a21 t22;
 INPUT ---       rlabel(197)=S g2023 a22 t23;
 INPUT ---       rlabel(198)=S g2023 a23 t24;

Program  MARK  - Survival Rate Estimation with Capture-Recapture Data
 gfortran(dble/PIM2) Vers. 11.1 Nov 2024  18-Aug-2026 07:43:23    Page  015
 - - - - - - - - - - - - - - - - - - - - - - - - - - - - - - - - - - - - - -
 
 INPUT ---       rlabel(199)=S g2023 a24 t25;
 INPUT ---       rlabel(200)=S g2023 a25 t26;
 INPUT ---       rlabel(201)=S g2023 a26 t27;
 INPUT ---       rlabel(202)=S g2023 a27 t28;
 INPUT ---       rlabel(203)=S g2023 a28 t29;
 INPUT ---       rlabel(204)=S g2023 a29 t30;
 INPUT ---       rlabel(205)=S g2023 a30 t31;
 INPUT ---       rlabel(206)=S g2023 a31 t32;
 INPUT ---       rlabel(207)=S g2023 a32 t33;
 INPUT ---       rlabel(208)=S g2023 a33 t34;
 INPUT ---       rlabel(209)=S g2023 a34 t35;
 INPUT ---       rlabel(210)=S g2023 a35 t36;
 INPUT ---       rlabel(211)=S g2023 a36 t37;
 INPUT ---       rlabel(212)=S g2023 a37 t38;
 INPUT ---       rlabel(213)=S g2023 a38 t39;
 INPUT ---       rlabel(214)=S g2023 a39 t40;
 INPUT ---       rlabel(215)=S g2023 a40 t41;
 INPUT ---       rlabel(216)=S g2023 a41 t42;
 INPUT ---       rlabel(217)=S g2023 a42 t43;
 INPUT ---       rlabel(218)=S g2023 a43 t44;
 INPUT ---       rlabel(219)=S g2023 a44 t45;
 INPUT ---       rlabel(220)=S g2023 a45 t46;
 INPUT ---       rlabel(221)=S g2023 a46 t47;
 INPUT ---       rlabel(222)=S g2023 a47 t48;
 INPUT ---       rlabel(223)=S g2023 a48 t49;
 INPUT ---       rlabel(224)=S g2023 a49 t50;
 INPUT ---       rlabel(225)=S g2023 a50 t51;
 INPUT ---       rlabel(226)=S g2023 a51 t52;
 INPUT ---       rlabel(227)=S g2023 a52 t53;
 INPUT ---       rlabel(228)=S g2023 a53 t54;
 INPUT ---       rlabel(229)=S g2023 a54 t55;
 INPUT ---       rlabel(230)=S g2023 a55 t56;
 INPUT ---       rlabel(231)=S g2023 a56 t57;
 INPUT ---       rlabel(232)=S g2023 a57 t58;
 INPUT ---       rlabel(233)=S g2024 a0 t1;
 INPUT ---       rlabel(234)=S g2024 a1 t2;
 INPUT ---       rlabel(235)=S g2024 a2 t3;
 INPUT ---       rlabel(236)=S g2024 a3 t4;
 INPUT ---       rlabel(237)=S g2024 a4 t5;
 INPUT ---       rlabel(238)=S g2024 a5 t6;
 INPUT ---       rlabel(239)=S g2024 a6 t7;
 INPUT ---       rlabel(240)=S g2024 a7 t8;
 INPUT ---       rlabel(241)=S g2024 a8 t9;
 INPUT ---       rlabel(242)=S g2024 a9 t10;
 INPUT ---       rlabel(243)=S g2024 a10 t11;
 INPUT ---       rlabel(244)=S g2024 a11 t12;

Program  MARK  - Survival Rate Estimation with Capture-Recapture Data
 gfortran(dble/PIM2) Vers. 11.1 Nov 2024  18-Aug-2026 07:43:23    Page  016
 - - - - - - - - - - - - - - - - - - - - - - - - - - - - - - - - - - - - - -
 
 INPUT ---       rlabel(245)=S g2024 a12 t13;
 INPUT ---       rlabel(246)=S g2024 a13 t14;
 INPUT ---       rlabel(247)=S g2024 a14 t15;
 INPUT ---       rlabel(248)=S g2024 a15 t16;
 INPUT ---       rlabel(249)=S g2024 a16 t17;
 INPUT ---       rlabel(250)=S g2024 a17 t18;
 INPUT ---       rlabel(251)=S g2024 a18 t19;
 INPUT ---       rlabel(252)=S g2024 a19 t20;
 INPUT ---       rlabel(253)=S g2024 a20 t21;
 INPUT ---       rlabel(254)=S g2024 a21 t22;
 INPUT ---       rlabel(255)=S g2024 a22 t23;
 INPUT ---       rlabel(256)=S g2024 a23 t24;
 INPUT ---       rlabel(257)=S g2024 a24 t25;
 INPUT ---       rlabel(258)=S g2024 a25 t26;
 INPUT ---       rlabel(259)=S g2024 a26 t27;
 INPUT ---       rlabel(260)=S g2024 a27 t28;
 INPUT ---       rlabel(261)=S g2024 a28 t29;
 INPUT ---       rlabel(262)=S g2024 a29 t30;
 INPUT ---       rlabel(263)=S g2024 a30 t31;
 INPUT ---       rlabel(264)=S g2024 a31 t32;
 INPUT ---       rlabel(265)=S g2024 a32 t33;
 INPUT ---       rlabel(266)=S g2024 a33 t34;
 INPUT ---       rlabel(267)=S g2024 a34 t35;
 INPUT ---       rlabel(268)=S g2024 a35 t36;
 INPUT ---       rlabel(269)=S g2024 a36 t37;
 INPUT ---       rlabel(270)=S g2024 a37 t38;
 INPUT ---       rlabel(271)=S g2024 a38 t39;
 INPUT ---       rlabel(272)=S g2024 a39 t40;
 INPUT ---       rlabel(273)=S g2024 a40 t41;
 INPUT ---       rlabel(274)=S g2024 a41 t42;
 INPUT ---       rlabel(275)=S g2024 a42 t43;
 INPUT ---       rlabel(276)=S g2024 a43 t44;
 INPUT ---       rlabel(277)=S g2024 a44 t45;
 INPUT ---       rlabel(278)=S g2024 a45 t46;
 INPUT ---       rlabel(279)=S g2024 a46 t47;
 INPUT ---       rlabel(280)=S g2024 a47 t48;
 INPUT ---       rlabel(281)=S g2024 a48 t49;
 INPUT ---       rlabel(282)=S g2024 a49 t50;
 INPUT ---       rlabel(283)=S g2024 a50 t51;
 INPUT ---       rlabel(284)=S g2024 a51 t52;
 INPUT ---       rlabel(285)=S g2024 a52 t53;
 INPUT ---       rlabel(286)=S g2024 a53 t54;
 INPUT ---       rlabel(287)=S g2024 a54 t55;
 INPUT ---       rlabel(288)=S g2024 a55 t56;
 INPUT ---       rlabel(289)=S g2024 a56 t57;
 INPUT ---       rlabel(290)=S g2024 a57 t58;

Program  MARK  - Survival Rate Estimation with Capture-Recapture Data
 gfortran(dble/PIM2) Vers. 11.1 Nov 2024  18-Aug-2026 07:43:23    Page  017
 - - - - - - - - - - - - - - - - - - - - - - - - - - - - - - - - - - - - - -
 
 INPUT ---       rlabel(291)=S g2025 a0 t1;
 INPUT ---       rlabel(292)=S g2025 a1 t2;
 INPUT ---       rlabel(293)=S g2025 a2 t3;
 INPUT ---       rlabel(294)=S g2025 a3 t4;
 INPUT ---       rlabel(295)=S g2025 a4 t5;
 INPUT ---       rlabel(296)=S g2025 a5 t6;
 INPUT ---       rlabel(297)=S g2025 a6 t7;
 INPUT ---       rlabel(298)=S g2025 a7 t8;
 INPUT ---       rlabel(299)=S g2025 a8 t9;
 INPUT ---       rlabel(300)=S g2025 a9 t10;
 INPUT ---       rlabel(301)=S g2025 a10 t11;
 INPUT ---       rlabel(302)=S g2025 a11 t12;
 INPUT ---       rlabel(303)=S g2025 a12 t13;
 INPUT ---       rlabel(304)=S g2025 a13 t14;
 INPUT ---       rlabel(305)=S g2025 a14 t15;
 INPUT ---       rlabel(306)=S g2025 a15 t16;
 INPUT ---       rlabel(307)=S g2025 a16 t17;
 INPUT ---       rlabel(308)=S g2025 a17 t18;
 INPUT ---       rlabel(309)=S g2025 a18 t19;
 INPUT ---       rlabel(310)=S g2025 a19 t20;
 INPUT ---       rlabel(311)=S g2025 a20 t21;
 INPUT ---       rlabel(312)=S g2025 a21 t22;
 INPUT ---       rlabel(313)=S g2025 a22 t23;
 INPUT ---       rlabel(314)=S g2025 a23 t24;
 INPUT ---       rlabel(315)=S g2025 a24 t25;
 INPUT ---       rlabel(316)=S g2025 a25 t26;
 INPUT ---       rlabel(317)=S g2025 a26 t27;
 INPUT ---       rlabel(318)=S g2025 a27 t28;
 INPUT ---       rlabel(319)=S g2025 a28 t29;
 INPUT ---       rlabel(320)=S g2025 a29 t30;
 INPUT ---       rlabel(321)=S g2025 a30 t31;
 INPUT ---       rlabel(322)=S g2025 a31 t32;
 INPUT ---       rlabel(323)=S g2025 a32 t33;
 INPUT ---       rlabel(324)=S g2025 a33 t34;
 INPUT ---       rlabel(325)=S g2025 a34 t35;
 INPUT ---       rlabel(326)=S g2025 a35 t36;
 INPUT ---       rlabel(327)=S g2025 a36 t37;
 INPUT ---       rlabel(328)=S g2025 a37 t38;
 INPUT ---       rlabel(329)=S g2025 a38 t39;
 INPUT ---       rlabel(330)=S g2025 a39 t40;
 INPUT ---       rlabel(331)=S g2025 a40 t41;
 INPUT ---       rlabel(332)=S g2025 a41 t42;
 INPUT ---       rlabel(333)=S g2025 a42 t43;
 INPUT ---       rlabel(334)=S g2025 a43 t44;
 INPUT ---       rlabel(335)=S g2025 a44 t45;
 INPUT ---       rlabel(336)=S g2025 a45 t46;

Program  MARK  - Survival Rate Estimation with Capture-Recapture Data
 gfortran(dble/PIM2) Vers. 11.1 Nov 2024  18-Aug-2026 07:43:23    Page  018
 - - - - - - - - - - - - - - - - - - - - - - - - - - - - - - - - - - - - - -
 
 INPUT ---       rlabel(337)=S g2025 a46 t47;
 INPUT ---       rlabel(338)=S g2025 a47 t48;
 INPUT ---       rlabel(339)=S g2025 a48 t49;
 INPUT ---       rlabel(340)=S g2025 a49 t50;
 INPUT ---       rlabel(341)=S g2025 a50 t51;
 INPUT ---       rlabel(342)=S g2025 a51 t52;
 INPUT ---       rlabel(343)=S g2025 a52 t53;
 INPUT ---       rlabel(344)=S g2025 a53 t54;
 INPUT ---       rlabel(345)=S g2025 a54 t55;
 INPUT ---       rlabel(346)=S g2025 a55 t56;
 INPUT ---       rlabel(347)=S g2025 a56 t57;
 INPUT ---       rlabel(348)=S g2025 a57 t58;
   Model is { S.syn }

 Link Function Used is LOGIT        

 Variance Estimation Procedure Used is 2ndPart 
 -2logL(saturated) = 0.0000000     
 Effective Sample Size = 5564
 Results from first iteration:
  -2logL Initial { S.syn } =  790.04616    
  Penalty Initial { S.syn } =  0.0000000    

 Number of function evaluations was 14 for 7 parameters.
 For numerical optimization, CPU Time was 0.438 secs and System Time was 0.343 secs.
 -2logL { S.syn } = 787.14613     
 Penalty { S.syn } = 0.0000000     
 Gradient { S.syn }:
   0.0000     -4.76629E-06   0.0000     -6.78967E-06   0.0000    
   0.0000     -2.64887E-06
 Maximum ABS(G) { S.syn } =  6.78967E-06
 To compute VC matrix, CPU Time was 0.547 secs and System Time was 0.125 secs.
 S Vector { S.syn }:
   141.4519      22.19989      18.60547      13.31936      10.52438    
   4.854408     0.7979242    
 To invert VC matrix, CPU Time was 0.001 secs and System Time was 0.001 secs.
 Ratio Threshold = 50.00 Max Gap (1/2) = 6.372 Next Max Gap (1/2) = 6.372
 Gap Method for Num. of Estimated Parameters { S.syn } = 7          
 Threshold { S.syn } = 0.1357935E-04           
 Numerical Threshold Method for Num. of Estimated Parameters { S.syn } = 7          
 Number of Estimated Parameters { S.syn } = 7          
 DEVIANCE { S.syn } = 787.14613               
 DEVIANCE Degrees of Freedom { S.syn } = 452          
 c-hat { S.syn } = 1.7414737               
 AIC { S.syn } = 801.14613               
 AICc { S.syn } = 801.16629               
 BIC { S.syn } = 847.51464               
 Pearson Chisquare { S.syn } = 3360.9175               

Program  MARK  - Survival Rate Estimation with Capture-Recapture Data
 gfortran(dble/PIM2) Vers. 11.1 Nov 2024  18-Aug-2026 07:43:23    Page  019
 - - - - - - - - - - - - - - - - - - - - - - - - - - - - - - - - - - - - - -
 
                       LOGIT Link Function Parameters of { S.syn }
                                                              95% Confidence Interval
    Parameter                  Beta         Standard Error     Lower           Upper
 -------------------------  --------------  --------------  --------------  --------------
    1:S:(Intercept)          3.4888205       0.2683005       2.9629516       4.0146894    
    2:S:Year2021             0.6007004       0.2891431       0.0339800       1.1674208    
    3:S:Year2022            -1.3634623       0.2610544      -1.8751289      -0.8517957    
    4:S:Year2023            -0.1236763       0.2660940      -0.6452204       0.3978679    
    5:S:Year2024             0.4750722       0.3410951      -0.1934742       1.1436186    
    6:S:Year2025            -1.0047805       0.3483851      -1.6876153      -0.3219456    
    7:S:NestAge              0.0280633       0.0163700      -0.0040219       0.0601485    


                          Real Function Parameters of { S.syn }

Program  MARK  - Survival Rate Estimation with Capture-Recapture Data
 gfortran(dble/PIM2) Vers. 11.1 Nov 2024  18-Aug-2026 07:43:23    Page  020
 - - - - - - - - - - - - - - - - - - - - - - - - - - - - - - - - - - - - - -
 

      Following estimates based on unstandardized individual covariate values:
          Variable                 Value        
          ----------------------  ------------- 
          NESTAGE1                -9.1830065    
          NESTAGE2                -8.1830065    
          NESTAGE3                -7.1830065    
          NESTAGE4                -6.1830065    
          NESTAGE5                -5.1830065    
          NESTAGE6                -4.1830065    
          NESTAGE7                -3.1830065    
          NESTAGE8                -2.1830065    
          NESTAGE9                -1.1830065    
          NESTAGE10               -0.1830065    
          NESTAGE11                0.8169935    
          NESTAGE12                1.8169935    
          NESTAGE13                2.8169935    
          NESTAGE14                3.8169935    
          NESTAGE15                4.8169935    
          NESTAGE16                5.8169935    
          NESTAGE17                6.8169935    
          NESTAGE18                7.8169935    
          NESTAGE19                8.8169935    
          NESTAGE20                9.8169935    
          NESTAGE21                10.816993    
          NESTAGE22                11.816993    
          NESTAGE23                12.816993    
          NESTAGE24                13.816993    
          NESTAGE25                14.816993    
          NESTAGE26                15.816993    
          NESTAGE27                16.816993    
          NESTAGE28                17.816993    
          NESTAGE29                18.816993    
          NESTAGE30                19.816993    
          NESTAGE31                20.816993    
          NESTAGE32                21.816993    
          NESTAGE33                22.816993    
          NESTAGE34                23.816993    
          NESTAGE35                24.816993    
          NESTAGE36                25.816993    
          NESTAGE37                26.816993    
          NESTAGE38                27.816993    
          NESTAGE39                28.816993    
          NESTAGE40                29.816993    
          NESTAGE41                30.816993    
          NESTAGE42                31.816993    
          NESTAGE43                32.816993    
          NESTAGE44                33.816993    
          NESTAGE45                34.816993    
          NESTAGE46                35.816993    
          NESTAGE47                36.816993    
          NESTAGE48                37.816993    
          NESTAGE49                38.816993    
          NESTAGE50                39.816993    
          NESTAGE51                40.816993    
          NESTAGE52                41.816993    
          NESTAGE53                42.816993    
          NESTAGE54                43.816993    
          NESTAGE55                44.816993    
          NESTAGE56                45.816993    
          NESTAGE57                46.816993    
          NESTAGE58                47.816993    

Program  MARK  - Survival Rate Estimation with Capture-Recapture Data
 gfortran(dble/PIM2) Vers. 11.1 Nov 2024  18-Aug-2026 07:43:23    Page  021
 - - - - - - - - - - - - - - - - - - - - - - - - - - - - - - - - - - - - - -
 
                                                               95% Confidence Interval
     Parameter                Estimate       Standard Error     Lower           Upper
 --------------------------  --------------  --------------  --------------  --------------
     1:S g2019 a0 t1          0.9619885       0.0146501       0.9202580       0.9823007       
     2:S g2019 a1 t2          0.9630015       0.0137384       0.9243812       0.9822757       
     3:S g2019 a2 t3          0.9639885       0.0128671       0.9282933       0.9822545       
     4:S g2019 a3 t4          0.9649501       0.0120350       0.9320022       0.9822376       
     5:S g2019 a4 t5          0.9658870       0.0112413       0.9355158       0.9822255       
     6:S g2019 a5 t6          0.9667997       0.0104851       0.9388415       0.9822190       
     7:S g2019 a6 t7          0.9676887       0.0097658       0.9419867       0.9822188       
     8:S g2019 a7 t8          0.9685548       0.0090827       0.9449581       0.9822257       
     9:S g2019 a8 t9          0.9693983       0.0084352       0.9477623       0.9822410       
    10:S g2019 a9 t10         0.9702200       0.0078230       0.9504054       0.9822657       
    11:S g2019 a10 t11        0.9710202       0.0072456       0.9528929       0.9823015       
    12:S g2019 a11 t12        0.9717995       0.0067030       0.9552300       0.9823499       
    13:S g2019 a12 t13        0.9725585       0.0061953       0.9574213       0.9824131       
    14:S g2019 a13 t14        0.9732976       0.0057227       0.9594709       0.9824934       
    15:S g2019 a14 t15        0.9740174       0.0052855       0.9613820       0.9825935       
    16:S g2019 a15 t16        0.9747182       0.0048845       0.9631575       0.9827164       
    17:S g2019 a16 t17        0.9754006       0.0045205       0.9647996       0.9828657       
    18:S g2019 a17 t18        0.9760651       0.0041946       0.9663099       0.9830451       
    19:S g2019 a18 t19        0.9767120       0.0039077       0.9676899       0.9832585       
    20:S g2019 a19 t20        0.9773419       0.0036608       0.9689407       0.9835093       
    21:S g2019 a20 t21        0.9779551       0.0034547       0.9700641       0.9838008       
    22:S g2019 a21 t22        0.9785520       0.0032894       0.9710626       0.9841348       
    23:S g2019 a22 t23        0.9791332       0.0031643       0.9719402       0.9845117       
    24:S g2019 a23 t24        0.9796989       0.0030775       0.9727026       0.9849298       
    25:S g2019 a24 t25        0.9802496       0.0030265       0.9733575       0.9853856       
    26:S g2019 a25 t26        0.9807857       0.0030073       0.9739138       0.9858735       
    27:S g2019 a26 t27        0.9813075       0.0030159       0.9743821       0.9863868       
    28:S g2019 a27 t28        0.9818153       0.0030474       0.9747728       0.9869182       
    29:S g2019 a28 t29        0.9823097       0.0030974       0.9750966       0.9874604       
    30:S g2019 a29 t30        0.9827908       0.0031616       0.9753630       0.9880067       
    31:S g2019 a30 t31        0.9832590       0.0032362       0.9755809       0.9885512       
    32:S g2019 a31 t32        0.9837148       0.0033181       0.9757579       0.9890892       
    33:S g2019 a32 t33        0.9841583       0.0034043       0.9759003       0.9896167       
    34:S g2019 a33 t34        0.9845899       0.0034929       0.9760136       0.9901308       
    35:S g2019 a34 t35        0.9850100       0.0035819       0.9761024       0.9906292       
    36:S g2019 a35 t36        0.9854188       0.0036700       0.9761704       0.9911105       
    37:S g2019 a36 t37        0.9858165       0.0037561       0.9762207       0.9915735       
    38:S g2019 a37 t38        0.9862036       0.0038393       0.9762558       0.9920178       
    39:S g2019 a38 t39        0.9865803       0.0039191       0.9762779       0.9924430       
    40:S g2019 a39 t40        0.9869468       0.0039948       0.9762888       0.9928492       
    41:S g2019 a40 t41        0.9873035       0.0040662       0.9762899       0.9932366       
    42:S g2019 a41 t42        0.9876505       0.0041331       0.9762825       0.9936054       
    43:S g2019 a42 t43        0.9879881       0.0041953       0.9762676       0.9939562       

Program  MARK  - Survival Rate Estimation with Capture-Recapture Data
 gfortran(dble/PIM2) Vers. 11.1 Nov 2024  18-Aug-2026 07:43:23    Page  022
 - - - - - - - - - - - - - - - - - - - - - - - - - - - - - - - - - - - - - -
 
    44:S g2019 a43 t44        0.9883166       0.0042527       0.9762461       0.9942894       
    45:S g2019 a44 t45        0.9886363       0.0043053       0.9762187       0.9946058       
    46:S g2019 a45 t46        0.9889473       0.0043532       0.9761861       0.9949058       
    47:S g2019 a46 t47        0.9892499       0.0043962       0.9761488       0.9951902       
    48:S g2019 a47 t48        0.9895442       0.0044347       0.9761074       0.9954596       
    49:S g2019 a48 t49        0.9898306       0.0044685       0.9760621       0.9957146       
    50:S g2019 a49 t50        0.9901093       0.0044979       0.9760134       0.9959559       
    51:S g2019 a50 t51        0.9903803       0.0045230       0.9759615       0.9961843       
    52:S g2019 a51 t52        0.9906441       0.0045439       0.9759068       0.9964001       
    53:S g2019 a52 t53        0.9909006       0.0045608       0.9758494       0.9966042       
    54:S g2019 a53 t54        0.9911502       0.0045737       0.9757896       0.9967971       
    55:S g2019 a54 t55        0.9913930       0.0045829       0.9757276       0.9969793       
    56:S g2019 a55 t56        0.9916292       0.0045885       0.9756635       0.9971513       
    57:S g2019 a56 t57        0.9918589       0.0045907       0.9755974       0.9973139       
    58:S g2019 a57 t58        0.9920824       0.0045895       0.9755296       0.9974673       
    59:S g2021 a0 t1          0.9787894       0.0090457       0.9515621       0.9908591       
    60:S g2021 a1 t2          0.9793642       0.0085337       0.9540106       0.9908743       
    61:S g2021 a2 t3          0.9799238       0.0080465       0.9563235       0.9908933       
    62:S g2021 a3 t4          0.9804686       0.0075833       0.9585070       0.9909164       
    63:S g2021 a4 t5          0.9809988       0.0071437       0.9605667       0.9909439       
    64:S g2021 a5 t6          0.9815149       0.0067271       0.9625081       0.9909764       
    65:S g2021 a6 t7          0.9820172       0.0063329       0.9643363       0.9910142       
    66:S g2021 a7 t8          0.9825062       0.0059608       0.9660562       0.9910579       
    67:S g2021 a8 t9          0.9829820       0.0056104       0.9676725       0.9911080       
    68:S g2021 a9 t10         0.9834452       0.0052811       0.9691894       0.9911651       
    69:S g2021 a10 t11        0.9838959       0.0049728       0.9706111       0.9912298       
    70:S g2021 a11 t12        0.9843346       0.0046851       0.9719415       0.9913028       
    71:S g2021 a12 t13        0.9847615       0.0044176       0.9731842       0.9913847       
    72:S g2021 a13 t14        0.9851770       0.0041702       0.9743426       0.9914763       
    73:S g2021 a14 t15        0.9855812       0.0039425       0.9754200       0.9915781       
    74:S g2021 a15 t16        0.9859747       0.0037344       0.9764195       0.9916909       
    75:S g2021 a16 t17        0.9863575       0.0035454       0.9773441       0.9918150       
    76:S g2021 a17 t18        0.9867300       0.0033753       0.9781968       0.9919510       
    77:S g2021 a18 t19        0.9870925       0.0032235       0.9789805       0.9920991       
    78:S g2021 a19 t20        0.9874452       0.0030897       0.9796982       0.9922594       
    79:S g2021 a20 t21        0.9877884       0.0029731       0.9803530       0.9924316       
    80:S g2021 a21 t22        0.9881223       0.0028730       0.9809481       0.9926153       
    81:S g2021 a22 t23        0.9884472       0.0027886       0.9814868       0.9928099       
    82:S g2021 a23 t24        0.9887633       0.0027187       0.9819725       0.9930143       
    83:S g2021 a24 t25        0.9890709       0.0026623       0.9824089       0.9932273       
    84:S g2021 a25 t26        0.9893701       0.0026181       0.9827995       0.9934475       
    85:S g2021 a26 t27        0.9896612       0.0025850       0.9831480       0.9936733       
    86:S g2021 a27 t28        0.9899445       0.0025615       0.9834580       0.9939032       
    87:S g2021 a28 t29        0.9902200       0.0025464       0.9837331       0.9941355       
    88:S g2021 a29 t30        0.9904881       0.0025385       0.9839765       0.9943687       
    89:S g2021 a30 t31        0.9907489       0.0025367       0.9841914       0.9946012       

Program  MARK  - Survival Rate Estimation with Capture-Recapture Data
 gfortran(dble/PIM2) Vers. 11.1 Nov 2024  18-Aug-2026 07:43:23    Page  023
 - - - - - - - - - - - - - - - - - - - - - - - - - - - - - - - - - - - - - -
 
    90:S g2021 a31 t32        0.9910026       0.0025397       0.9843808       0.9948318       
    91:S g2021 a32 t33        0.9912494       0.0025466       0.9845473       0.9950592       
    92:S g2021 a33 t34        0.9914895       0.0025566       0.9846935       0.9952826       
    93:S g2021 a34 t35        0.9917230       0.0025689       0.9848214       0.9955009       
    94:S g2021 a35 t36        0.9919502       0.0025827       0.9849332       0.9957135       
    95:S g2021 a36 t37        0.9921713       0.0025975       0.9850304       0.9959199       
    96:S g2021 a37 t38        0.9923863       0.0026128       0.9851148       0.9961196       
    97:S g2021 a38 t39        0.9925954       0.0026281       0.9851876       0.9963124       
    98:S g2021 a39 t40        0.9927988       0.0026431       0.9852502       0.9964980       
    99:S g2021 a40 t41        0.9929967       0.0026576       0.9853035       0.9966763       
   100:S g2021 a41 t42        0.9931892       0.0026711       0.9853484       0.9968474       
   101:S g2021 a42 t43        0.9933764       0.0026837       0.9853860       0.9970112       
   102:S g2021 a43 t44        0.9935585       0.0026950       0.9854168       0.9971679       
   103:S g2021 a44 t45        0.9937357       0.0027050       0.9854415       0.9973174       
   104:S g2021 a45 t46        0.9939080       0.0027136       0.9854607       0.9974601       
   105:S g2021 a46 t47        0.9940756       0.0027208       0.9854748       0.9975960       
   106:S g2021 a47 t48        0.9942386       0.0027264       0.9854845       0.9977254       
   107:S g2021 a48 t49        0.9943971       0.0027305       0.9854899       0.9978485       
   108:S g2021 a49 t50        0.9945513       0.0027330       0.9854916       0.9979654       
   109:S g2021 a50 t51        0.9947013       0.0027340       0.9854897       0.9980765       
   110:S g2021 a51 t52        0.9948472       0.0027334       0.9854847       0.9981819       
   111:S g2021 a52 t53        0.9949891       0.0027314       0.9854767       0.9982820       
   112:S g2021 a53 t54        0.9951271       0.0027278       0.9854659       0.9983768       
   113:S g2021 a54 t55        0.9952613       0.0027228       0.9854527       0.9984667       
   114:S g2021 a55 t56        0.9953918       0.0027164       0.9854370       0.9985518       
   115:S g2021 a56 t57        0.9955187       0.0027086       0.9854192       0.9986324       
   116:S g2021 a57 t58        0.9956422       0.0026994       0.9853994       0.9987088       
   117:S g2022 a0 t1          0.8661864       0.0468880       0.7455040       0.9346570       
   118:S g2022 a1 t2          0.8694059       0.0443492       0.7558624       0.9347043       
   119:S g2022 a2 t3          0.8725593       0.0419090       0.7658623       0.9347751       
   120:S g2022 a3 t4          0.8756474       0.0395674       0.7754995       0.9348720       
   121:S g2022 a4 t5          0.8786711       0.0373248       0.7847706       0.9349979       
   122:S g2022 a5 t6          0.8816312       0.0351813       0.7936729       0.9351560       
   123:S g2022 a6 t7          0.8845286       0.0331375       0.8022046       0.9353501       
   124:S g2022 a7 t8          0.8873642       0.0311941       0.8103644       0.9355842       
   125:S g2022 a8 t9          0.8901387       0.0293518       0.8181513       0.9358629       
   126:S g2022 a9 t10         0.8928532       0.0276118       0.8255649       0.9361913       
   127:S g2022 a10 t11        0.8955085       0.0259753       0.8326048       0.9365749       
   128:S g2022 a11 t12        0.8981055       0.0244438       0.8392710       0.9370198       
   129:S g2022 a12 t13        0.9006450       0.0230188       0.8455636       0.9375324       
   130:S g2022 a13 t14        0.9031282       0.0217022       0.8514827       0.9381196       
   131:S g2022 a14 t15        0.9055557       0.0204957       0.8570290       0.9387881       
   132:S g2022 a15 t16        0.9079287       0.0194010       0.8622035       0.9395447       
   133:S g2022 a16 t17        0.9102479       0.0184194       0.8670082       0.9403955       
   134:S g2022 a17 t18        0.9125143       0.0175517       0.8714461       0.9413458       
   135:S g2022 a18 t19        0.9147289       0.0167978       0.8755221       0.9423992       

Program  MARK  - Survival Rate Estimation with Capture-Recapture Data
 gfortran(dble/PIM2) Vers. 11.1 Nov 2024  18-Aug-2026 07:43:23    Page  024
 - - - - - - - - - - - - - - - - - - - - - - - - - - - - - - - - - - - - - -
 
   136:S g2022 a19 t20        0.9168925       0.0161566       0.8792431       0.9435572       
   137:S g2022 a20 t21        0.9190061       0.0156255       0.8826188       0.9448188       
   138:S g2022 a21 t22        0.9210706       0.0152005       0.8856617       0.9461802       
   139:S g2022 a22 t23        0.9230868       0.0148759       0.8883872       0.9476344       
   140:S g2022 a23 t24        0.9250557       0.0146448       0.8908136       0.9491718       
   141:S g2022 a24 t25        0.9269782       0.0144987       0.8929613       0.9507804       
   142:S g2022 a25 t26        0.9288552       0.0144285       0.8948523       0.9524465       
   143:S g2022 a26 t27        0.9306875       0.0144245       0.8965096       0.9541554       
   144:S g2022 a27 t28        0.9324761       0.0144769       0.8979557       0.9558923       
   145:S g2022 a28 t29        0.9342218       0.0145764       0.8992129       0.9576430       
   146:S g2022 a29 t30        0.9359255       0.0147139       0.9003020       0.9593943       
   147:S g2022 a30 t31        0.9375879       0.0148814       0.9012423       0.9611342       
   148:S g2022 a31 t32        0.9392101       0.0150714       0.9020514       0.9628525       
   149:S g2022 a32 t33        0.9407927       0.0152775       0.9027449       0.9645403       
   150:S g2022 a33 t34        0.9423367       0.0154941       0.9033368       0.9661906       
   151:S g2022 a34 t35        0.9438428       0.0157164       0.9038394       0.9677975       
   152:S g2022 a35 t36        0.9453119       0.0159404       0.9042634       0.9693567       
   153:S g2022 a36 t37        0.9467447       0.0161627       0.9046180       0.9708648       
   154:S g2022 a37 t38        0.9481420       0.0163804       0.9049115       0.9723197       
   155:S g2022 a38 t39        0.9495046       0.0165913       0.9051508       0.9737197       
   156:S g2022 a39 t40        0.9508333       0.0167935       0.9053420       0.9750643       
   157:S g2022 a40 t41        0.9521288       0.0169856       0.9054904       0.9763532       
   158:S g2022 a41 t42        0.9533918       0.0171664       0.9056007       0.9775867       
   159:S g2022 a42 t43        0.9546230       0.0173350       0.9056768       0.9787656       
   160:S g2022 a43 t44        0.9558233       0.0174909       0.9057222       0.9798908       
   161:S g2022 a44 t45        0.9569932       0.0176334       0.9057401       0.9809636       
   162:S g2022 a45 t46        0.9581335       0.0177624       0.9057329       0.9819854       
   163:S g2022 a46 t47        0.9592449       0.0178776       0.9057032       0.9829577       
   164:S g2022 a47 t48        0.9603280       0.0179791       0.9056529       0.9838822       
   165:S g2022 a48 t49        0.9613834       0.0180668       0.9055839       0.9847606       
   166:S g2022 a49 t50        0.9624119       0.0181410       0.9054978       0.9855947       
   167:S g2022 a50 t51        0.9634140       0.0182018       0.9053960       0.9863862       
   168:S g2022 a51 t52        0.9643904       0.0182494       0.9052798       0.9871369       
   169:S g2022 a52 t53        0.9653417       0.0182842       0.9051504       0.9878486       
   170:S g2022 a53 t54        0.9662685       0.0183065       0.9050087       0.9885229       
   171:S g2022 a54 t55        0.9671713       0.0183166       0.9048556       0.9891616       
   172:S g2022 a55 t56        0.9680507       0.0183150       0.9046920       0.9897664       
   173:S g2022 a56 t57        0.9689074       0.0183019       0.9045186       0.9903388       
   174:S g2022 a57 t58        0.9697418       0.0182778       0.9043360       0.9908804       
   175:S g2023 a0 t1          0.9571985       0.0180029       0.9043196       0.9814527       
   176:S g2023 a1 t2          0.9583336       0.0169803       0.9090439       0.9814578       
   177:S g2023 a2 t3          0.9594399       0.0160032       0.9135319       0.9814687       
   178:S g2023 a3 t4          0.9605180       0.0150708       0.9177919       0.9814860       
   179:S g2023 a4 t5          0.9615686       0.0141821       0.9218318       0.9815104       
   180:S g2023 a5 t6          0.9625924       0.0133361       0.9256592       0.9815427       
   181:S g2023 a6 t7          0.9635899       0.0125321       0.9292819       0.9815836       

Program  MARK  - Survival Rate Estimation with Capture-Recapture Data
 gfortran(dble/PIM2) Vers. 11.1 Nov 2024  18-Aug-2026 07:43:23    Page  025
 - - - - - - - - - - - - - - - - - - - - - - - - - - - - - - - - - - - - - -
 
   182:S g2023 a7 t8          0.9645617       0.0117693       0.9327070       0.9816342       
   183:S g2023 a8 t9          0.9655086       0.0110471       0.9359415       0.9816955       
   184:S g2023 a9 t10         0.9664310       0.0103650       0.9389922       0.9817686       
   185:S g2023 a10 t11        0.9673297       0.0097223       0.9418654       0.9818549       
   186:S g2023 a11 t12        0.9682050       0.0091187       0.9445670       0.9819557       
   187:S g2023 a12 t13        0.9690577       0.0085540       0.9471028       0.9820727       
   188:S g2023 a13 t14        0.9698881       0.0080278       0.9494780       0.9822074       
   189:S g2023 a14 t15        0.9706970       0.0075400       0.9516977       0.9823616       
   190:S g2023 a15 t16        0.9714848       0.0070905       0.9537665       0.9825372       
   191:S g2023 a16 t17        0.9722520       0.0066792       0.9556887       0.9827359       
   192:S g2023 a17 t18        0.9729992       0.0063060       0.9574688       0.9829595       
   193:S g2023 a18 t19        0.9737267       0.0059707       0.9591109       0.9832096       
   194:S g2023 a19 t20        0.9744352       0.0056729       0.9606192       0.9834874       
   195:S g2023 a20 t21        0.9751251       0.0054122       0.9619982       0.9837939       
   196:S g2023 a21 t22        0.9757968       0.0051876       0.9632526       0.9841294       
   197:S g2023 a22 t23        0.9764508       0.0049981       0.9643878       0.9844933       
   198:S g2023 a23 t24        0.9770875       0.0048421       0.9654096       0.9848847       
   199:S g2023 a24 t25        0.9777075       0.0047176       0.9663243       0.9853014       
   200:S g2023 a25 t26        0.9783110       0.0046223       0.9671388       0.9857408       
   201:S g2023 a26 t27        0.9788985       0.0045536       0.9678607       0.9861996       
   202:S g2023 a27 t28        0.9794705       0.0045087       0.9684974       0.9866740       
   203:S g2023 a28 t29        0.9800272       0.0044845       0.9690567       0.9871599       
   204:S g2023 a29 t30        0.9805692       0.0044781       0.9695462       0.9876532       
   205:S g2023 a30 t31        0.9810968       0.0044866       0.9699732       0.9881499       
   206:S g2023 a31 t32        0.9816103       0.0045073       0.9703446       0.9886464       
   207:S g2023 a32 t33        0.9821101       0.0045378       0.9706666       0.9891392       
   208:S g2023 a33 t34        0.9825965       0.0045757       0.9709450       0.9896255       
   209:S g2023 a34 t35        0.9830700       0.0046192       0.9711850       0.9901029       
   210:S g2023 a35 t36        0.9835308       0.0046664       0.9713911       0.9905692       
   211:S g2023 a36 t37        0.9839792       0.0047159       0.9715674       0.9910229       
   212:S g2023 a37 t38        0.9844157       0.0047665       0.9717175       0.9914627       
   213:S g2023 a38 t39        0.9848404       0.0048171       0.9718443       0.9918878       
   214:S g2023 a39 t40        0.9852537       0.0048669       0.9719507       0.9922975       
   215:S g2023 a40 t41        0.9856559       0.0049151       0.9720389       0.9926913       
   216:S g2023 a41 t42        0.9860473       0.0049613       0.9721110       0.9930692       
   217:S g2023 a42 t43        0.9864282       0.0050048       0.9721687       0.9934312       
   218:S g2023 a43 t44        0.9867988       0.0050455       0.9722136       0.9937772       
   219:S g2023 a44 t45        0.9871595       0.0050829       0.9722471       0.9941076       
   220:S g2023 a45 t46        0.9875104       0.0051170       0.9722702       0.9944227       
   221:S g2023 a46 t47        0.9878518       0.0051475       0.9722840       0.9947228       
   222:S g2023 a47 t48        0.9881840       0.0051744       0.9722894       0.9950084       
   223:S g2023 a48 t49        0.9885072       0.0051976       0.9722873       0.9952799       
   224:S g2023 a49 t50        0.9888217       0.0052172       0.9722782       0.9955379       
   225:S g2023 a50 t51        0.9891277       0.0052330       0.9722628       0.9957828       
   226:S g2023 a51 t52        0.9894254       0.0052453       0.9722416       0.9960152       
   227:S g2023 a52 t53        0.9897150       0.0052540       0.9722152       0.9962355       

Program  MARK  - Survival Rate Estimation with Capture-Recapture Data
 gfortran(dble/PIM2) Vers. 11.1 Nov 2024  18-Aug-2026 07:43:23    Page  026
 - - - - - - - - - - - - - - - - - - - - - - - - - - - - - - - - - - - - - -
 
   228:S g2023 a53 t54        0.9899968       0.0052591       0.9721839       0.9964444       
   229:S g2023 a54 t55        0.9902709       0.0052609       0.9721481       0.9966422       
   230:S g2023 a55 t56        0.9905376       0.0052593       0.9721082       0.9968296       
   231:S g2023 a56 t57        0.9907970       0.0052545       0.9720644       0.9970069       
   232:S g2023 a57 t58        0.9910494       0.0052465       0.9720171       0.9971747       
   233:S g2024 a0 t1          0.9760182       0.0113110       0.9404218       0.9905602       
   234:S g2024 a1 t2          0.9766664       0.0107252       0.9433113       0.9905914       
   235:S g2024 a2 t3          0.9772974       0.0101673       0.9460450       0.9906268       
   236:S g2024 a3 t4          0.9779118       0.0096366       0.9486294       0.9906668       
   237:S g2024 a4 t5          0.9785099       0.0091325       0.9510710       0.9907116       
   238:S g2024 a5 t6          0.9790922       0.0086542       0.9533759       0.9907617       
   239:S g2024 a6 t7          0.9796590       0.0082011       0.9555500       0.9908173       
   240:S g2024 a7 t8          0.9802108       0.0077726       0.9575989       0.9908789       
   241:S g2024 a8 t9          0.9807479       0.0073682       0.9595281       0.9909469       
   242:S g2024 a9 t10         0.9812707       0.0069872       0.9613427       0.9910216       
   243:S g2024 a10 t11        0.9817795       0.0066292       0.9630477       0.9911035       
   244:S g2024 a11 t12        0.9822748       0.0062936       0.9646477       0.9911931       
   245:S g2024 a12 t13        0.9827569       0.0059799       0.9661472       0.9912905       
   246:S g2024 a13 t14        0.9832260       0.0056876       0.9675506       0.9913964       
   247:S g2024 a14 t15        0.9836826       0.0054163       0.9688620       0.9915110       
   248:S g2024 a15 t16        0.9841270       0.0051653       0.9700854       0.9916345       
   249:S g2024 a16 t17        0.9845595       0.0049342       0.9712247       0.9917672       
   250:S g2024 a17 t18        0.9849804       0.0047223       0.9722836       0.9919092       
   251:S g2024 a18 t19        0.9853899       0.0045291       0.9732658       0.9920605       
   252:S g2024 a19 t20        0.9857885       0.0043540       0.9741750       0.9922211       
   253:S g2024 a20 t21        0.9861763       0.0041961       0.9750147       0.9923907       
   254:S g2024 a21 t22        0.9865537       0.0040548       0.9757885       0.9925688       
   255:S g2024 a22 t23        0.9869210       0.0039291       0.9765000       0.9927551       
   256:S g2024 a23 t24        0.9872783       0.0038182       0.9771527       0.9929488       
   257:S g2024 a24 t25        0.9876260       0.0037211       0.9777501       0.9931491       
   258:S g2024 a25 t26        0.9879643       0.0036368       0.9782958       0.9933551       
   259:S g2024 a26 t27        0.9882935       0.0035643       0.9787933       0.9935658       
   260:S g2024 a27 t28        0.9886137       0.0035025       0.9792459       0.9937801       
   261:S g2024 a28 t29        0.9889253       0.0034504       0.9796569       0.9939969       
   262:S g2024 a29 t30        0.9892285       0.0034070       0.9800297       0.9942151       
   263:S g2024 a30 t31        0.9895235       0.0033711       0.9803672       0.9944337       
   264:S g2024 a31 t32        0.9898104       0.0033419       0.9806724       0.9946516       
   265:S g2024 a32 t33        0.9900896       0.0033184       0.9809480       0.9948678       
   266:S g2024 a33 t34        0.9903612       0.0032998       0.9811967       0.9950815       
   267:S g2024 a34 t35        0.9906255       0.0032853       0.9814207       0.9952918       
   268:S g2024 a35 t36        0.9908825       0.0032742       0.9816223       0.9954981       
   269:S g2024 a36 t37        0.9911326       0.0032657       0.9818036       0.9956997       
   270:S g2024 a37 t38        0.9913759       0.0032594       0.9819664       0.9958962       
   271:S g2024 a38 t39        0.9916125       0.0032547       0.9821123       0.9960872       
   272:S g2024 a39 t40        0.9918427       0.0032511       0.9822430       0.9962724       
   273:S g2024 a40 t41        0.9920667       0.0032483       0.9823598       0.9964515       

Program  MARK  - Survival Rate Estimation with Capture-Recapture Data
 gfortran(dble/PIM2) Vers. 11.1 Nov 2024  18-Aug-2026 07:43:23    Page  027
 - - - - - - - - - - - - - - - - - - - - - - - - - - - - - - - - - - - - - -
 
   274:S g2024 a41 t42        0.9922845       0.0032459       0.9824639       0.9966243       
   275:S g2024 a42 t43        0.9924964       0.0032436       0.9825565       0.9967907       
   276:S g2024 a43 t44        0.9927026       0.0032411       0.9826386       0.9969508       
   277:S g2024 a44 t45        0.9929031       0.0032383       0.9827111       0.9971045       
   278:S g2024 a45 t46        0.9930981       0.0032349       0.9827748       0.9972518       
   279:S g2024 a46 t47        0.9932878       0.0032308       0.9828305       0.9973929       
   280:S g2024 a47 t48        0.9934724       0.0032259       0.9828788       0.9975278       
   281:S g2024 a48 t49        0.9936519       0.0032202       0.9829204       0.9976566       
   282:S g2024 a49 t50        0.9938265       0.0032134       0.9829558       0.9977796       
   283:S g2024 a50 t51        0.9939963       0.0032056       0.9829855       0.9978968       
   284:S g2024 a51 t52        0.9941614       0.0031967       0.9830098       0.9980085       
   285:S g2024 a52 t53        0.9943221       0.0031867       0.9830293       0.9981148       
   286:S g2024 a53 t54        0.9944784       0.0031756       0.9830443       0.9982159       
   287:S g2024 a54 t55        0.9946303       0.0031634       0.9830550       0.9983120       
   288:S g2024 a55 t56        0.9947782       0.0031500       0.9830619       0.9984033       
   289:S g2024 a56 t57        0.9949219       0.0031356       0.9830651       0.9984900       
   290:S g2024 a57 t58        0.9950618       0.0031201       0.9830650       0.9985724       
   291:S g2025 a0 t1          0.9025895       0.0419349       0.7844004       0.9593467       
   292:S g2025 a1 t2          0.9050292       0.0399418       0.7930782       0.9595040       
   293:S g2025 a2 t3          0.9074140       0.0380336       0.8014141       0.9596805       
   294:S g2025 a3 t4          0.9097449       0.0362095       0.8094096       0.9598776       
   295:S g2025 a4 t5          0.9120228       0.0344685       0.8170676       0.9600965       
   296:S g2025 a5 t6          0.9142487       0.0328098       0.8243911       0.9603389       
   297:S g2025 a6 t7          0.9164234       0.0312324       0.8313840       0.9606064       
   298:S g2025 a7 t8          0.9185478       0.0297356       0.8380507       0.9609005       
   299:S g2025 a8 t9          0.9206229       0.0283183       0.8443960       0.9612228       
   300:S g2025 a9 t10         0.9226496       0.0269799       0.8504253       0.9615751       
   301:S g2025 a10 t11        0.9246288       0.0257193       0.8561441       0.9619590       
   302:S g2025 a11 t12        0.9265614       0.0245358       0.8615584       0.9623762       
   303:S g2025 a12 t13        0.9284483       0.0234283       0.8666746       0.9628279       
   304:S g2025 a13 t14        0.9302903       0.0223957       0.8714994       0.9633157       
   305:S g2025 a14 t15        0.9320884       0.0214370       0.8760397       0.9638407       
   306:S g2025 a15 t16        0.9338434       0.0205507       0.8803028       0.9644037       
   307:S g2025 a16 t17        0.9355562       0.0197355       0.8842966       0.9650051       
   308:S g2025 a17 t18        0.9372276       0.0189897       0.8880292       0.9656452       
   309:S g2025 a18 t19        0.9388585       0.0183111       0.8915092       0.9663235       
   310:S g2025 a19 t20        0.9404497       0.0176978       0.8947455       0.9670391       
   311:S g2025 a20 t21        0.9420021       0.0171472       0.8977478       0.9677905       
   312:S g2025 a21 t22        0.9435164       0.0166564       0.9005259       0.9685758       
   313:S g2025 a22 t23        0.9449935       0.0162224       0.9030901       0.9693922       
   314:S g2025 a23 t24        0.9464342       0.0158419       0.9054514       0.9702366       
   315:S g2025 a24 t25        0.9478392       0.0155114       0.9076206       0.9711056       
   316:S g2025 a25 t26        0.9492094       0.0152270       0.9096090       0.9719949       
   317:S g2025 a26 t27        0.9505454       0.0149849       0.9114278       0.9729005       
   318:S g2025 a27 t28        0.9518481       0.0147813       0.9130884       0.9738179       
   319:S g2025 a28 t29        0.9531181       0.0146122       0.9146017       0.9747426       

Program  MARK  - Survival Rate Estimation with Capture-Recapture Data
 gfortran(dble/PIM2) Vers. 11.1 Nov 2024  18-Aug-2026 07:43:23    Page  028
 - - - - - - - - - - - - - - - - - - - - - - - - - - - - - - - - - - - - - -
 
   320:S g2025 a29 t30        0.9543563       0.0144738       0.9159786       0.9756701       
   321:S g2025 a30 t31        0.9555632       0.0143623       0.9172296       0.9765963       
   322:S g2025 a31 t32        0.9567398       0.0142742       0.9183645       0.9775172       
   323:S g2025 a32 t33        0.9578865       0.0142061       0.9193929       0.9784289       
   324:S g2025 a33 t34        0.9590041       0.0141549       0.9203236       0.9793282       
   325:S g2025 a34 t35        0.9600933       0.0141177       0.9211649       0.9802120       
   326:S g2025 a35 t36        0.9611548       0.0140918       0.9219245       0.9810778       
   327:S g2025 a36 t37        0.9621891       0.0140749       0.9226095       0.9819232       
   328:S g2025 a37 t38        0.9631970       0.0140649       0.9232263       0.9827466       
   329:S g2025 a38 t39        0.9641789       0.0140597       0.9237809       0.9835464       
   330:S g2025 a39 t40        0.9651357       0.0140578       0.9242788       0.9843213       
   331:S g2025 a40 t41        0.9660677       0.0140576       0.9247249       0.9850707       
   332:S g2025 a41 t42        0.9669757       0.0140580       0.9251236       0.9857938       
   333:S g2025 a42 t43        0.9678602       0.0140578       0.9254790       0.9864905       
   334:S g2025 a43 t44        0.9687218       0.0140560       0.9257948       0.9871604       
   335:S g2025 a44 t45        0.9695611       0.0140519       0.9260742       0.9878037       
   336:S g2025 a45 t46        0.9703784       0.0140449       0.9263203       0.9884205       
   337:S g2025 a46 t47        0.9711745       0.0140343       0.9265358       0.9890113       
   338:S g2025 a47 t48        0.9719499       0.0140198       0.9267232       0.9895765       
   339:S g2025 a48 t49        0.9727049       0.0140009       0.9268846       0.9901165       
   340:S g2025 a49 t50        0.9734402       0.0139774       0.9270220       0.9906321       
   341:S g2025 a50 t51        0.9741562       0.0139492       0.9271373       0.9911239       
   342:S g2025 a51 t52        0.9748534       0.0139160       0.9272322       0.9915926       
   343:S g2025 a52 t53        0.9755322       0.0138778       0.9273081       0.9920389       
   344:S g2025 a53 t54        0.9761932       0.0138346       0.9273664       0.9924637       
   345:S g2025 a54 t55        0.9768368       0.0137862       0.9274083       0.9928677       
   346:S g2025 a55 t56        0.9774633       0.0137329       0.9274350       0.9932517       
   347:S g2025 a56 t57        0.9780733       0.0136746       0.9274474       0.9936165       
   348:S g2025 a57 t58        0.9786672       0.0136114       0.9274466       0.9939629       


                     Estimates of Derived Parameters

                     Survival Estimates of { S.syn }

       Pr. Surviving
        Duration of                   95% Confidence Interval
 Group     Study      Standard Error     Lower          Upper     
 ----- -------------- -------------- -------------- --------------
   1    0.3217620      0.0564189      0.2222848      0.4405400    
   2    0.5351562      0.0813559      0.3775073      0.6860801    
   3    0.0137067      0.0117712      0.0025157      0.0711307    
   4    0.2776886      0.0770003      0.1533732      0.4492934    
   5    0.4924949      0.1058096      0.2973901      0.6899127    

Program  MARK  - Survival Rate Estimation with Capture-Recapture Data
 gfortran(dble/PIM2) Vers. 11.1 Nov 2024  18-Aug-2026 07:43:23    Page  029
 - - - - - - - - - - - - - - - - - - - - - - - - - - - - - - - - - - - - - -
 
   6    0.0480123      0.0441296      0.0075438      0.2507267    

 To compute parameter estimates, CPU Time was 0.016 secs and System Time was 0.032 secs.

 For procedure estimate CPU Time was 1.094 secs and System Time was 0.610 secs.
 INPUT --- proc stop;

 For this job, CPU Time in mins was 0.021 and System Time in mins was 0.013.

     Time Start = 07:43:23.130   Time End = 07:43:23.867

 Wall Clock Time in mins for this job was 0.012.

 Maximum of 63 words used of 2048 words allocated.


          E X E C U T I O N   S U C C E S S F U L
