
 Program  MARK  - Survival Rate Estimation with Capture-Recapture Data
 gfortran(dble/PIM2) Vers. 11.1 Nov 2024  19-Aug-2026 14:54:19    Page  001
  
 - - - - - - - - - - - - - - - - - - - - - - - - - - - - - - - - - - - - - -
 
 Welcome to MARK shoepfner on machine IFW-3NHM9N3 in subdirectory 
 "C:\Users\shoepfner\Desktop\nest survival\nest_survival_2022-2025" running file "mark006.inp".
 This version was compiled by GCC version 14.2.0 using the options: 
  -cpp -iprefix C:/tdm-gcc-64/mingw64-14-2/bin/../lib/gcc/
  x86_64-w64-mingw32/14.2.0/ -D_MT -D_REENTRANT -U_REENTRANT -D
  dbleprecision -m64 -march=x86-64 -mtune=generic -mthreads -O3 -std=f2023
  -fimplicit-none -ffpe-summary=invalid,zero,overflow,underflow
  -funroll-loops -fno-unsafe-math-optimizations -frounding-math
  -fsignaling-nans -fall-intrinsics -fopenmp

 This problem will use 7 of 8 possible threads.
 Static thread allocation is used.
 Schedule kind is omp_sched_dynamic with chunk size 1
 INPUT --- proc title ;

 For procedure title CPU Time was 0.001 secs and System Time was 0.001 secs.
 INPUT --- proc chmatrix occasions= 59 groups= 1 etype= Nest Nodes= 
 INPUT --- 101 ICMeans NoHist hist= 465  ;
 INPUT ---    time interval 1 1 1 1 1 1 1 1 1 1 1 1 1 1 1 1 1 1 1 1 1 1 1 
 INPUT ---    1 1 1 1 1 1 1 1 1 1 1 1 1 1 1 1 1 1  1 1 1 1 1 1 1 1 1 1 1 
 INPUT ---    1 1 1 1 1 1 1 ;
 INPUT ---    glabel(1)=Group 1;
          21          31          31

   * *  WARNING  * *   Invalid observation -- last 2 times equal and fate>0. 
          27          26          28

   * *  WARNING  * *   Invalid observation -- times ordered correctly? 
           7          33          33

   * *  WARNING  * *   Invalid observation -- last 2 times equal and fate>0. 
           9          34          34

   * *  WARNING  * *   Invalid observation -- last 2 times equal and fate>0. 
          21          23          23

   * *  WARNING  * *   Invalid observation -- last 2 times equal and fate>0. 
           3          24          24

   * *  WARNING  * *   Invalid observation -- last 2 times equal and fate>0. 

      Number of unique encounter histories read was 347.

      Number of individual covariates read was 0.
      Time interval lengths are all equal to 1.

      Data type number is 24
      Data type is Nest Success

 For procedure chmatrix CPU Time was 0.001 secs and System Time was 0.001 secs.

Program  MARK  - Survival Rate Estimation with Capture-Recapture Data
 gfortran(dble/PIM2) Vers. 11.1 Nov 2024  19-Aug-2026 14:54:19    Page  002
 - - - - - - - - - - - - - - - - - - - - - - - - - - - - - - - - - - - - - -
 


 INPUT --- proc estimate link=Logit NOLOOP varest=2ndPart    ;
 INPUT --- model={ S.dot };
 INPUT ---    group=1 S    rows=1 cols=58 Square ;
 INPUT ---        1 1 1 1 1 1 1 1 1 1 1 1 1 1 1 1 1 1 1 1 1 1 1 1 1 1 1 1 1 
 INPUT ---       1 1 1 1 1 1 1 1 1 1 1 1 1 1 1 1 1 1 1 1 1 1 1 1 1 1 1 1 1 ;
 INPUT ---    design matrix constraints=1 covariates=1 identity;
 INPUT ---       blabel(1)=S:(Intercept);
 INPUT ---       rlabel(1)=S g1 a0 t1;
   Model is { S.dot }

 Link Function Used is LOGIT        

 Variance Estimation Procedure Used is 2ndPart 
 -2logL(saturated) = 0.0000000     
 Effective Sample Size = 5564

 Number of function evaluations was 12 for 1 parameters.
 For numerical optimization, CPU Time was 0.001 secs and System Time was 0.001 secs.
 -2logL { S.dot } = 839.12832     
 Penalty { S.dot } = 0.0000000     
 Gradient { S.dot }:
 -1.58349E-06
 Maximum ABS(G) { S.dot } =  1.58349E-06
 To compute VC matrix, CPU Time was 0.001 secs and System Time was 0.001 secs.
 S Vector { S.dot }:
   125.6607    
 To invert VC matrix, CPU Time was 0.001 secs and System Time was 0.001 secs.
 Gap Method for Num. of Estimated Parameters { S.dot } = 1          
 Threshold { S.dot } = 0.3166976E-05           
 Numerical Threshold Method for Num. of Estimated Parameters { S.dot } = 1          
 Number of Estimated Parameters { S.dot } = 1          
 DEVIANCE { S.dot } = 839.12832               
 DEVIANCE Degrees of Freedom { S.dot } = 346          
 c-hat { S.dot } = 2.4252264               
 AIC { S.dot } = 841.12832               
 AICc { S.dot } = 841.12904               
 BIC { S.dot } = 847.75240               
 Pearson Chisquare { S.dot } = 2577.8914               

Program  MARK  - Survival Rate Estimation with Capture-Recapture Data
 gfortran(dble/PIM2) Vers. 11.1 Nov 2024  19-Aug-2026 14:54:19    Page  003
 - - - - - - - - - - - - - - - - - - - - - - - - - - - - - - - - - - - - - -
 
                       LOGIT Link Function Parameters of { S.dot }
                                                              95% Confidence Interval
    Parameter                  Beta         Standard Error     Lower           Upper
 -------------------------  --------------  --------------  --------------  --------------
    1:S:(Intercept)          3.8180949       0.0892073       3.6432486       3.9929412    


                          Real Function Parameters of { S.dot }
                                                               95% Confidence Interval
     Parameter                Estimate       Standard Error     Lower           Upper
 --------------------------  --------------  --------------  --------------  --------------
     1:S g1 a0 t1             0.9785027       0.0018765       0.9745001       0.9818887       


                     Estimates of Derived Parameters

                     Survival Estimates of { S.dot }

       Pr. Surviving
        Duration of                   95% Confidence Interval
 Group     Study      Standard Error     Lower          Upper     
 ----- -------------- -------------- -------------- --------------
   1    0.2835286      0.0315361      0.2259536      0.3491567    

 To compute parameter estimates, CPU Time was 0.016 secs and System Time was 0.016 secs.

 For procedure estimate CPU Time was 0.062 secs and System Time was 0.078 secs.

Program  MARK  - Survival Rate Estimation with Capture-Recapture Data
 gfortran(dble/PIM2) Vers. 11.1 Nov 2024  19-Aug-2026 14:54:19    Page  004
 - - - - - - - - - - - - - - - - - - - - - - - - - - - - - - - - - - - - - -
 


 INPUT --- proc stop;

 For this job, CPU Time in mins was 0.002 and System Time in mins was 0.002.

     Time Start = 14:54:19.696   Time End = 14:54:19.783

 Wall Clock Time in mins for this job was 0.001.

 Maximum of 61 words used of 2048 words allocated.


          E X E C U T I O N   S U C C E S S F U L
