
 Program  MARK  - Survival Rate Estimation with Capture-Recapture Data
 gfortran(dble/PIM2) Vers. 11.1 Nov 2024  18-Aug-2026 07:43:25    Page  001
  
 - - - - - - - - - - - - - - - - - - - - - - - - - - - - - - - - - - - - - -
 
 Welcome to MARK shoepfner on machine IFW-3NHM9N3 in subdirectory 
 "C:\Users\shoepfner\Desktop\nest survival\nest_survival_2022-2025" running file "mark005.inp".
 This version was compiled by GCC version 14.2.0 using the options: 
  -cpp -iprefix C:/tdm-gcc-64/mingw64-14-2/bin/../lib/gcc/
  x86_64-w64-mingw32/14.2.0/ -D_MT -D_REENTRANT -U_REENTRANT -D
  dbleprecision -m64 -march=x86-64 -mtune=generic -mthreads -O3 -std=f2023
  -fimplicit-none -ffpe-summary=invalid,zero,overflow,underflow
  -funroll-loops -fno-unsafe-math-optimizations -frounding-math
  -fsignaling-nans -fall-intrinsics -fopenmp

 This problem will use 7 of 8 possible threads.
 Static thread allocation is used.
 Schedule kind is omp_sched_dynamic with chunk size 1
 INPUT --- proc title ;

 For procedure title CPU Time was 0.001 secs and System Time was 0.001 secs.
 INPUT --- proc chmatrix occasions= 59 groups= 6 etype= Nest Nodes= 
 INPUT --- 101 icovar = 59 ICMeans  NoHist hist= 465 ;
 INPUT ---    time interval 1 1 1 1 1 1 1 1 1 1 1 1 1 1 1 1 1 1 1 1 1 1 1 
 INPUT ---    1 1 1 1 1 1 1 1 1 1  1 1 1 1 1 1 1 1 1 1 1 1 1 1 1 1 1 1 1 
 INPUT ---    1 1 1 1 1 1 1 ;
 INPUT ---     icovariates Init NestAge1 NestAge2 NestAge3  NestAge4 
 INPUT ---    NestAge5 NestAge6 NestAge7 NestAge8 NestAge9 NestAge10 
 INPUT ---    NestAge11 NestAge12 NestAge13  NestAge14 NestAge15 
 INPUT ---    NestAge16 NestAge17 NestAge18 NestAge19 NestAge20 NestAge21 
 INPUT ---    NestAge22  NestAge23 NestAge24 NestAge25 NestAge26 
 INPUT ---    NestAge27 NestAge28 NestAge29 NestAge30 NestAge31  
 INPUT ---    NestAge32 NestAge33 NestAge34 NestAge35 NestAge36 NestAge37 
 INPUT ---    NestAge38 NestAge39 NestAge40  NestAge41 NestAge42 
 INPUT ---    NestAge43 NestAge44 NestAge45 NestAge46 NestAge47 NestAge48 
 INPUT ---    NestAge49  NestAge50 NestAge51 NestAge52 NestAge53 
 INPUT ---    NestAge54 NestAge55 NestAge56 NestAge57 NestAge58 ;
 INPUT ---    glabel(1)=Year2019;
 INPUT ---    glabel(2)=Year2021;
 INPUT ---    glabel(3)=Year2022;
 INPUT ---    glabel(4)=Year2023;
 INPUT ---    glabel(5)=Year2024;
 INPUT ---    glabel(6)=Year2025;
           7          33          33

   * *  WARNING  * *   Invalid observation -- last 2 times equal and fate>0. 
           9          34          34

   * *  WARNING  * *   Invalid observation -- last 2 times equal and fate>0. 
          21          23          23

   * *  WARNING  * *   Invalid observation -- last 2 times equal and fate>0. 
           3          24          24

   * *  WARNING  * *   Invalid observation -- last 2 times equal and fate>0. 
          21          31          31

   * *  WARNING  * *   Invalid observation -- last 2 times equal and fate>0. 
          27          26          28

Program  MARK  - Survival Rate Estimation with Capture-Recapture Data
 gfortran(dble/PIM2) Vers. 11.1 Nov 2024  18-Aug-2026 07:43:25    Page  002
 - - - - - - - - - - - - - - - - - - - - - - - - - - - - - - - - - - - - - -
 

   * *  WARNING  * *   Invalid observation -- times ordered correctly? 

      Number of unique encounter histories read was 459.

      Number of individual covariates read was 59.
      Time interval lengths are all equal to 1.

      Data type number is 24
      Data type is Nest Success

 For procedure chmatrix CPU Time was 0.125 secs and System Time was 0.125 secs.
 INPUT --- proc estimate link=Logit NOLOOP varest=2ndPart    ;
 INPUT --- model={ S.syin };
 INPUT ---    group=1 S    rows=1 cols=58 Square ;
 INPUT ---        1 2 3 4 5 6 7 8 9 10 11 12 13 14 15 16 17 18 19 20 21 22 
 INPUT ---       23 24 25 26 27 28 29 30 31 32 33 34 35 36 37 38 39 40 41 42 
 INPUT ---       43 44 45 46 47 48 49 50 51 52 53 54 55 56 57 58 ;
 INPUT ---    group=2 S    rows=1 cols=58 Square ;
 INPUT ---        59 60 61 62 63 64 65 66 67 68 69 70 71 72 73 74 75 76 77 
 INPUT ---       78 79 80 81 82 83 84 85 86 87 88 89 90 91 92 93 94 95 96 97 
 INPUT ---       98 99 100 101 102 103 104 105 106 107 108 109 110 111 112 
 INPUT ---       113 114 115 116 ;
 INPUT ---    group=3 S    rows=1 cols=58 Square ;
 INPUT ---        117 118 119 120 121 122 123 124 125 126 127 128 129 130 
 INPUT ---       131 132 133 134 135 136 137 138 139 140 141 142 143 144 145 
 INPUT ---       146 147 148 149 150 151 152 153 154 155 156 157 158 159 160 
 INPUT ---       161 162 163 164 165 166 167 168 169 170 171 172 173 174 ;
 INPUT ---    group=4 S    rows=1 cols=58 Square ;
 INPUT ---        175 176 177 178 179 180 181 182 183 184 185 186 187 188 
 INPUT ---       189 190 191 192 193 194 195 196 197 198 199 200 201 202 203 
 INPUT ---       204 205 206 207 208 209 210 211 212 213 214 215 216 217 218 
 INPUT ---       219 220 221 222 223 224 225 226 227 228 229 230 231 232 ;
 INPUT ---    group=5 S    rows=1 cols=58 Square ;
 INPUT ---        233 234 235 236 237 238 239 240 241 242 243 244 245 246 
 INPUT ---       247 248 249 250 251 252 253 254 255 256 257 258 259 260 261 
 INPUT ---       262 263 264 265 266 267 268 269 270 271 272 273 274 275 276 
 INPUT ---       277 278 279 280 281 282 283 284 285 286 287 288 289 290 ;
 INPUT ---    group=6 S    rows=1 cols=58 Square ;
 INPUT ---        291 292 293 294 295 296 297 298 299 300 301 302 303 304 
 INPUT ---       305 306 307 308 309 310 311 312 313 314 315 316 317 318 319 
 INPUT ---       320 321 322 323 324 325 326 327 328 329 330 331 332 333 334 
 INPUT ---       335 336 337 338 339 340 341 342 343 344 345 346 347 348 ;
 INPUT ---    initial 3.8795811 0.5710295 -1.3988371 -0.1277495 0.4704088 
 INPUT ---    -1.0200859 0.0259783 0 ;
 INPUT ---    design matrix constraints=348 covariates=8;
 INPUT ---        1 0 0 0 0 0 Init NestAge1;

Program  MARK  - Survival Rate Estimation with Capture-Recapture Data
 gfortran(dble/PIM2) Vers. 11.1 Nov 2024  18-Aug-2026 07:43:25    Page  003
 - - - - - - - - - - - - - - - - - - - - - - - - - - - - - - - - - - - - - -
 
 INPUT ---        1 0 0 0 0 0 Init NestAge2;
 INPUT ---        1 0 0 0 0 0 Init NestAge3;
 INPUT ---        1 0 0 0 0 0 Init NestAge4;
 INPUT ---        1 0 0 0 0 0 Init NestAge5;
 INPUT ---        1 0 0 0 0 0 Init NestAge6;
 INPUT ---        1 0 0 0 0 0 Init NestAge7;
 INPUT ---        1 0 0 0 0 0 Init NestAge8;
 INPUT ---        1 0 0 0 0 0 Init NestAge9;
 INPUT ---        1 0 0 0 0 0 Init NestAge10;
 INPUT ---        1 0 0 0 0 0 Init NestAge11;
 INPUT ---        1 0 0 0 0 0 Init NestAge12;
 INPUT ---        1 0 0 0 0 0 Init NestAge13;
 INPUT ---        1 0 0 0 0 0 Init NestAge14;
 INPUT ---        1 0 0 0 0 0 Init NestAge15;
 INPUT ---        1 0 0 0 0 0 Init NestAge16;
 INPUT ---        1 0 0 0 0 0 Init NestAge17;
 INPUT ---        1 0 0 0 0 0 Init NestAge18;
 INPUT ---        1 0 0 0 0 0 Init NestAge19;
 INPUT ---        1 0 0 0 0 0 Init NestAge20;
 INPUT ---        1 0 0 0 0 0 Init NestAge21;
 INPUT ---        1 0 0 0 0 0 Init NestAge22;
 INPUT ---        1 0 0 0 0 0 Init NestAge23;
 INPUT ---        1 0 0 0 0 0 Init NestAge24;
 INPUT ---        1 0 0 0 0 0 Init NestAge25;
 INPUT ---        1 0 0 0 0 0 Init NestAge26;
 INPUT ---        1 0 0 0 0 0 Init NestAge27;
 INPUT ---        1 0 0 0 0 0 Init NestAge28;
 INPUT ---        1 0 0 0 0 0 Init NestAge29;
 INPUT ---        1 0 0 0 0 0 Init NestAge30;
 INPUT ---        1 0 0 0 0 0 Init NestAge31;
 INPUT ---        1 0 0 0 0 0 Init NestAge32;
 INPUT ---        1 0 0 0 0 0 Init NestAge33;
 INPUT ---        1 0 0 0 0 0 Init NestAge34;
 INPUT ---        1 0 0 0 0 0 Init NestAge35;
 INPUT ---        1 0 0 0 0 0 Init NestAge36;
 INPUT ---        1 0 0 0 0 0 Init NestAge37;
 INPUT ---        1 0 0 0 0 0 Init NestAge38;
 INPUT ---        1 0 0 0 0 0 Init NestAge39;
 INPUT ---        1 0 0 0 0 0 Init NestAge40;
 INPUT ---        1 0 0 0 0 0 Init NestAge41;
 INPUT ---        1 0 0 0 0 0 Init NestAge42;
 INPUT ---        1 0 0 0 0 0 Init NestAge43;
 INPUT ---        1 0 0 0 0 0 Init NestAge44;
 INPUT ---        1 0 0 0 0 0 Init NestAge45;
 INPUT ---        1 0 0 0 0 0 Init NestAge46;
 INPUT ---        1 0 0 0 0 0 Init NestAge47;

Program  MARK  - Survival Rate Estimation with Capture-Recapture Data
 gfortran(dble/PIM2) Vers. 11.1 Nov 2024  18-Aug-2026 07:43:25    Page  004
 - - - - - - - - - - - - - - - - - - - - - - - - - - - - - - - - - - - - - -
 
 INPUT ---        1 0 0 0 0 0 Init NestAge48;
 INPUT ---        1 0 0 0 0 0 Init NestAge49;
 INPUT ---        1 0 0 0 0 0 Init NestAge50;
 INPUT ---        1 0 0 0 0 0 Init NestAge51;
 INPUT ---        1 0 0 0 0 0 Init NestAge52;
 INPUT ---        1 0 0 0 0 0 Init NestAge53;
 INPUT ---        1 0 0 0 0 0 Init NestAge54;
 INPUT ---        1 0 0 0 0 0 Init NestAge55;
 INPUT ---        1 0 0 0 0 0 Init NestAge56;
 INPUT ---        1 0 0 0 0 0 Init NestAge57;
 INPUT ---        1 0 0 0 0 0 Init NestAge58;
 INPUT ---        1 1 0 0 0 0 Init NestAge1;
 INPUT ---        1 1 0 0 0 0 Init NestAge2;
 INPUT ---        1 1 0 0 0 0 Init NestAge3;
 INPUT ---        1 1 0 0 0 0 Init NestAge4;
 INPUT ---        1 1 0 0 0 0 Init NestAge5;
 INPUT ---        1 1 0 0 0 0 Init NestAge6;
 INPUT ---        1 1 0 0 0 0 Init NestAge7;
 INPUT ---        1 1 0 0 0 0 Init NestAge8;
 INPUT ---        1 1 0 0 0 0 Init NestAge9;
 INPUT ---        1 1 0 0 0 0 Init NestAge10;
 INPUT ---        1 1 0 0 0 0 Init NestAge11;
 INPUT ---        1 1 0 0 0 0 Init NestAge12;
 INPUT ---        1 1 0 0 0 0 Init NestAge13;
 INPUT ---        1 1 0 0 0 0 Init NestAge14;
 INPUT ---        1 1 0 0 0 0 Init NestAge15;
 INPUT ---        1 1 0 0 0 0 Init NestAge16;
 INPUT ---        1 1 0 0 0 0 Init NestAge17;
 INPUT ---        1 1 0 0 0 0 Init NestAge18;
 INPUT ---        1 1 0 0 0 0 Init NestAge19;
 INPUT ---        1 1 0 0 0 0 Init NestAge20;
 INPUT ---        1 1 0 0 0 0 Init NestAge21;
 INPUT ---        1 1 0 0 0 0 Init NestAge22;
 INPUT ---        1 1 0 0 0 0 Init NestAge23;
 INPUT ---        1 1 0 0 0 0 Init NestAge24;
 INPUT ---        1 1 0 0 0 0 Init NestAge25;
 INPUT ---        1 1 0 0 0 0 Init NestAge26;
 INPUT ---        1 1 0 0 0 0 Init NestAge27;
 INPUT ---        1 1 0 0 0 0 Init NestAge28;
 INPUT ---        1 1 0 0 0 0 Init NestAge29;
 INPUT ---        1 1 0 0 0 0 Init NestAge30;
 INPUT ---        1 1 0 0 0 0 Init NestAge31;
 INPUT ---        1 1 0 0 0 0 Init NestAge32;
 INPUT ---        1 1 0 0 0 0 Init NestAge33;
 INPUT ---        1 1 0 0 0 0 Init NestAge34;
 INPUT ---        1 1 0 0 0 0 Init NestAge35;

Program  MARK  - Survival Rate Estimation with Capture-Recapture Data
 gfortran(dble/PIM2) Vers. 11.1 Nov 2024  18-Aug-2026 07:43:25    Page  005
 - - - - - - - - - - - - - - - - - - - - - - - - - - - - - - - - - - - - - -
 
 INPUT ---        1 1 0 0 0 0 Init NestAge36;
 INPUT ---        1 1 0 0 0 0 Init NestAge37;
 INPUT ---        1 1 0 0 0 0 Init NestAge38;
 INPUT ---        1 1 0 0 0 0 Init NestAge39;
 INPUT ---        1 1 0 0 0 0 Init NestAge40;
 INPUT ---        1 1 0 0 0 0 Init NestAge41;
 INPUT ---        1 1 0 0 0 0 Init NestAge42;
 INPUT ---        1 1 0 0 0 0 Init NestAge43;
 INPUT ---        1 1 0 0 0 0 Init NestAge44;
 INPUT ---        1 1 0 0 0 0 Init NestAge45;
 INPUT ---        1 1 0 0 0 0 Init NestAge46;
 INPUT ---        1 1 0 0 0 0 Init NestAge47;
 INPUT ---        1 1 0 0 0 0 Init NestAge48;
 INPUT ---        1 1 0 0 0 0 Init NestAge49;
 INPUT ---        1 1 0 0 0 0 Init NestAge50;
 INPUT ---        1 1 0 0 0 0 Init NestAge51;
 INPUT ---        1 1 0 0 0 0 Init NestAge52;
 INPUT ---        1 1 0 0 0 0 Init NestAge53;
 INPUT ---        1 1 0 0 0 0 Init NestAge54;
 INPUT ---        1 1 0 0 0 0 Init NestAge55;
 INPUT ---        1 1 0 0 0 0 Init NestAge56;
 INPUT ---        1 1 0 0 0 0 Init NestAge57;
 INPUT ---        1 1 0 0 0 0 Init NestAge58;
 INPUT ---        1 0 1 0 0 0 Init NestAge1;
 INPUT ---        1 0 1 0 0 0 Init NestAge2;
 INPUT ---        1 0 1 0 0 0 Init NestAge3;
 INPUT ---        1 0 1 0 0 0 Init NestAge4;
 INPUT ---        1 0 1 0 0 0 Init NestAge5;
 INPUT ---        1 0 1 0 0 0 Init NestAge6;
 INPUT ---        1 0 1 0 0 0 Init NestAge7;
 INPUT ---        1 0 1 0 0 0 Init NestAge8;
 INPUT ---        1 0 1 0 0 0 Init NestAge9;
 INPUT ---        1 0 1 0 0 0 Init NestAge10;
 INPUT ---        1 0 1 0 0 0 Init NestAge11;
 INPUT ---        1 0 1 0 0 0 Init NestAge12;
 INPUT ---        1 0 1 0 0 0 Init NestAge13;
 INPUT ---        1 0 1 0 0 0 Init NestAge14;
 INPUT ---        1 0 1 0 0 0 Init NestAge15;
 INPUT ---        1 0 1 0 0 0 Init NestAge16;
 INPUT ---        1 0 1 0 0 0 Init NestAge17;
 INPUT ---        1 0 1 0 0 0 Init NestAge18;
 INPUT ---        1 0 1 0 0 0 Init NestAge19;
 INPUT ---        1 0 1 0 0 0 Init NestAge20;
 INPUT ---        1 0 1 0 0 0 Init NestAge21;
 INPUT ---        1 0 1 0 0 0 Init NestAge22;
 INPUT ---        1 0 1 0 0 0 Init NestAge23;

Program  MARK  - Survival Rate Estimation with Capture-Recapture Data
 gfortran(dble/PIM2) Vers. 11.1 Nov 2024  18-Aug-2026 07:43:25    Page  006
 - - - - - - - - - - - - - - - - - - - - - - - - - - - - - - - - - - - - - -
 
 INPUT ---        1 0 1 0 0 0 Init NestAge24;
 INPUT ---        1 0 1 0 0 0 Init NestAge25;
 INPUT ---        1 0 1 0 0 0 Init NestAge26;
 INPUT ---        1 0 1 0 0 0 Init NestAge27;
 INPUT ---        1 0 1 0 0 0 Init NestAge28;
 INPUT ---        1 0 1 0 0 0 Init NestAge29;
 INPUT ---        1 0 1 0 0 0 Init NestAge30;
 INPUT ---        1 0 1 0 0 0 Init NestAge31;
 INPUT ---        1 0 1 0 0 0 Init NestAge32;
 INPUT ---        1 0 1 0 0 0 Init NestAge33;
 INPUT ---        1 0 1 0 0 0 Init NestAge34;
 INPUT ---        1 0 1 0 0 0 Init NestAge35;
 INPUT ---        1 0 1 0 0 0 Init NestAge36;
 INPUT ---        1 0 1 0 0 0 Init NestAge37;
 INPUT ---        1 0 1 0 0 0 Init NestAge38;
 INPUT ---        1 0 1 0 0 0 Init NestAge39;
 INPUT ---        1 0 1 0 0 0 Init NestAge40;
 INPUT ---        1 0 1 0 0 0 Init NestAge41;
 INPUT ---        1 0 1 0 0 0 Init NestAge42;
 INPUT ---        1 0 1 0 0 0 Init NestAge43;
 INPUT ---        1 0 1 0 0 0 Init NestAge44;
 INPUT ---        1 0 1 0 0 0 Init NestAge45;
 INPUT ---        1 0 1 0 0 0 Init NestAge46;
 INPUT ---        1 0 1 0 0 0 Init NestAge47;
 INPUT ---        1 0 1 0 0 0 Init NestAge48;
 INPUT ---        1 0 1 0 0 0 Init NestAge49;
 INPUT ---        1 0 1 0 0 0 Init NestAge50;
 INPUT ---        1 0 1 0 0 0 Init NestAge51;
 INPUT ---        1 0 1 0 0 0 Init NestAge52;
 INPUT ---        1 0 1 0 0 0 Init NestAge53;
 INPUT ---        1 0 1 0 0 0 Init NestAge54;
 INPUT ---        1 0 1 0 0 0 Init NestAge55;
 INPUT ---        1 0 1 0 0 0 Init NestAge56;
 INPUT ---        1 0 1 0 0 0 Init NestAge57;
 INPUT ---        1 0 1 0 0 0 Init NestAge58;
 INPUT ---        1 0 0 1 0 0 Init NestAge1;
 INPUT ---        1 0 0 1 0 0 Init NestAge2;
 INPUT ---        1 0 0 1 0 0 Init NestAge3;
 INPUT ---        1 0 0 1 0 0 Init NestAge4;
 INPUT ---        1 0 0 1 0 0 Init NestAge5;
 INPUT ---        1 0 0 1 0 0 Init NestAge6;
 INPUT ---        1 0 0 1 0 0 Init NestAge7;
 INPUT ---        1 0 0 1 0 0 Init NestAge8;
 INPUT ---        1 0 0 1 0 0 Init NestAge9;
 INPUT ---        1 0 0 1 0 0 Init NestAge10;
 INPUT ---        1 0 0 1 0 0 Init NestAge11;

Program  MARK  - Survival Rate Estimation with Capture-Recapture Data
 gfortran(dble/PIM2) Vers. 11.1 Nov 2024  18-Aug-2026 07:43:25    Page  007
 - - - - - - - - - - - - - - - - - - - - - - - - - - - - - - - - - - - - - -
 
 INPUT ---        1 0 0 1 0 0 Init NestAge12;
 INPUT ---        1 0 0 1 0 0 Init NestAge13;
 INPUT ---        1 0 0 1 0 0 Init NestAge14;
 INPUT ---        1 0 0 1 0 0 Init NestAge15;
 INPUT ---        1 0 0 1 0 0 Init NestAge16;
 INPUT ---        1 0 0 1 0 0 Init NestAge17;
 INPUT ---        1 0 0 1 0 0 Init NestAge18;
 INPUT ---        1 0 0 1 0 0 Init NestAge19;
 INPUT ---        1 0 0 1 0 0 Init NestAge20;
 INPUT ---        1 0 0 1 0 0 Init NestAge21;
 INPUT ---        1 0 0 1 0 0 Init NestAge22;
 INPUT ---        1 0 0 1 0 0 Init NestAge23;
 INPUT ---        1 0 0 1 0 0 Init NestAge24;
 INPUT ---        1 0 0 1 0 0 Init NestAge25;
 INPUT ---        1 0 0 1 0 0 Init NestAge26;
 INPUT ---        1 0 0 1 0 0 Init NestAge27;
 INPUT ---        1 0 0 1 0 0 Init NestAge28;
 INPUT ---        1 0 0 1 0 0 Init NestAge29;
 INPUT ---        1 0 0 1 0 0 Init NestAge30;
 INPUT ---        1 0 0 1 0 0 Init NestAge31;
 INPUT ---        1 0 0 1 0 0 Init NestAge32;
 INPUT ---        1 0 0 1 0 0 Init NestAge33;
 INPUT ---        1 0 0 1 0 0 Init NestAge34;
 INPUT ---        1 0 0 1 0 0 Init NestAge35;
 INPUT ---        1 0 0 1 0 0 Init NestAge36;
 INPUT ---        1 0 0 1 0 0 Init NestAge37;
 INPUT ---        1 0 0 1 0 0 Init NestAge38;
 INPUT ---        1 0 0 1 0 0 Init NestAge39;
 INPUT ---        1 0 0 1 0 0 Init NestAge40;
 INPUT ---        1 0 0 1 0 0 Init NestAge41;
 INPUT ---        1 0 0 1 0 0 Init NestAge42;
 INPUT ---        1 0 0 1 0 0 Init NestAge43;
 INPUT ---        1 0 0 1 0 0 Init NestAge44;
 INPUT ---        1 0 0 1 0 0 Init NestAge45;
 INPUT ---        1 0 0 1 0 0 Init NestAge46;
 INPUT ---        1 0 0 1 0 0 Init NestAge47;
 INPUT ---        1 0 0 1 0 0 Init NestAge48;
 INPUT ---        1 0 0 1 0 0 Init NestAge49;
 INPUT ---        1 0 0 1 0 0 Init NestAge50;
 INPUT ---        1 0 0 1 0 0 Init NestAge51;
 INPUT ---        1 0 0 1 0 0 Init NestAge52;
 INPUT ---        1 0 0 1 0 0 Init NestAge53;
 INPUT ---        1 0 0 1 0 0 Init NestAge54;
 INPUT ---        1 0 0 1 0 0 Init NestAge55;
 INPUT ---        1 0 0 1 0 0 Init NestAge56;
 INPUT ---        1 0 0 1 0 0 Init NestAge57;

Program  MARK  - Survival Rate Estimation with Capture-Recapture Data
 gfortran(dble/PIM2) Vers. 11.1 Nov 2024  18-Aug-2026 07:43:25    Page  008
 - - - - - - - - - - - - - - - - - - - - - - - - - - - - - - - - - - - - - -
 
 INPUT ---        1 0 0 1 0 0 Init NestAge58;
 INPUT ---        1 0 0 0 1 0 Init NestAge1;
 INPUT ---        1 0 0 0 1 0 Init NestAge2;
 INPUT ---        1 0 0 0 1 0 Init NestAge3;
 INPUT ---        1 0 0 0 1 0 Init NestAge4;
 INPUT ---        1 0 0 0 1 0 Init NestAge5;
 INPUT ---        1 0 0 0 1 0 Init NestAge6;
 INPUT ---        1 0 0 0 1 0 Init NestAge7;
 INPUT ---        1 0 0 0 1 0 Init NestAge8;
 INPUT ---        1 0 0 0 1 0 Init NestAge9;
 INPUT ---        1 0 0 0 1 0 Init NestAge10;
 INPUT ---        1 0 0 0 1 0 Init NestAge11;
 INPUT ---        1 0 0 0 1 0 Init NestAge12;
 INPUT ---        1 0 0 0 1 0 Init NestAge13;
 INPUT ---        1 0 0 0 1 0 Init NestAge14;
 INPUT ---        1 0 0 0 1 0 Init NestAge15;
 INPUT ---        1 0 0 0 1 0 Init NestAge16;
 INPUT ---        1 0 0 0 1 0 Init NestAge17;
 INPUT ---        1 0 0 0 1 0 Init NestAge18;
 INPUT ---        1 0 0 0 1 0 Init NestAge19;
 INPUT ---        1 0 0 0 1 0 Init NestAge20;
 INPUT ---        1 0 0 0 1 0 Init NestAge21;
 INPUT ---        1 0 0 0 1 0 Init NestAge22;
 INPUT ---        1 0 0 0 1 0 Init NestAge23;
 INPUT ---        1 0 0 0 1 0 Init NestAge24;
 INPUT ---        1 0 0 0 1 0 Init NestAge25;
 INPUT ---        1 0 0 0 1 0 Init NestAge26;
 INPUT ---        1 0 0 0 1 0 Init NestAge27;
 INPUT ---        1 0 0 0 1 0 Init NestAge28;
 INPUT ---        1 0 0 0 1 0 Init NestAge29;
 INPUT ---        1 0 0 0 1 0 Init NestAge30;
 INPUT ---        1 0 0 0 1 0 Init NestAge31;
 INPUT ---        1 0 0 0 1 0 Init NestAge32;
 INPUT ---        1 0 0 0 1 0 Init NestAge33;
 INPUT ---        1 0 0 0 1 0 Init NestAge34;
 INPUT ---        1 0 0 0 1 0 Init NestAge35;
 INPUT ---        1 0 0 0 1 0 Init NestAge36;
 INPUT ---        1 0 0 0 1 0 Init NestAge37;
 INPUT ---        1 0 0 0 1 0 Init NestAge38;
 INPUT ---        1 0 0 0 1 0 Init NestAge39;
 INPUT ---        1 0 0 0 1 0 Init NestAge40;
 INPUT ---        1 0 0 0 1 0 Init NestAge41;
 INPUT ---        1 0 0 0 1 0 Init NestAge42;
 INPUT ---        1 0 0 0 1 0 Init NestAge43;
 INPUT ---        1 0 0 0 1 0 Init NestAge44;
 INPUT ---        1 0 0 0 1 0 Init NestAge45;

Program  MARK  - Survival Rate Estimation with Capture-Recapture Data
 gfortran(dble/PIM2) Vers. 11.1 Nov 2024  18-Aug-2026 07:43:25    Page  009
 - - - - - - - - - - - - - - - - - - - - - - - - - - - - - - - - - - - - - -
 
 INPUT ---        1 0 0 0 1 0 Init NestAge46;
 INPUT ---        1 0 0 0 1 0 Init NestAge47;
 INPUT ---        1 0 0 0 1 0 Init NestAge48;
 INPUT ---        1 0 0 0 1 0 Init NestAge49;
 INPUT ---        1 0 0 0 1 0 Init NestAge50;
 INPUT ---        1 0 0 0 1 0 Init NestAge51;
 INPUT ---        1 0 0 0 1 0 Init NestAge52;
 INPUT ---        1 0 0 0 1 0 Init NestAge53;
 INPUT ---        1 0 0 0 1 0 Init NestAge54;
 INPUT ---        1 0 0 0 1 0 Init NestAge55;
 INPUT ---        1 0 0 0 1 0 Init NestAge56;
 INPUT ---        1 0 0 0 1 0 Init NestAge57;
 INPUT ---        1 0 0 0 1 0 Init NestAge58;
 INPUT ---        1 0 0 0 0 1 Init NestAge1;
 INPUT ---        1 0 0 0 0 1 Init NestAge2;
 INPUT ---        1 0 0 0 0 1 Init NestAge3;
 INPUT ---        1 0 0 0 0 1 Init NestAge4;
 INPUT ---        1 0 0 0 0 1 Init NestAge5;
 INPUT ---        1 0 0 0 0 1 Init NestAge6;
 INPUT ---        1 0 0 0 0 1 Init NestAge7;
 INPUT ---        1 0 0 0 0 1 Init NestAge8;
 INPUT ---        1 0 0 0 0 1 Init NestAge9;
 INPUT ---        1 0 0 0 0 1 Init NestAge10;
 INPUT ---        1 0 0 0 0 1 Init NestAge11;
 INPUT ---        1 0 0 0 0 1 Init NestAge12;
 INPUT ---        1 0 0 0 0 1 Init NestAge13;
 INPUT ---        1 0 0 0 0 1 Init NestAge14;
 INPUT ---        1 0 0 0 0 1 Init NestAge15;
 INPUT ---        1 0 0 0 0 1 Init NestAge16;
 INPUT ---        1 0 0 0 0 1 Init NestAge17;
 INPUT ---        1 0 0 0 0 1 Init NestAge18;
 INPUT ---        1 0 0 0 0 1 Init NestAge19;
 INPUT ---        1 0 0 0 0 1 Init NestAge20;
 INPUT ---        1 0 0 0 0 1 Init NestAge21;
 INPUT ---        1 0 0 0 0 1 Init NestAge22;
 INPUT ---        1 0 0 0 0 1 Init NestAge23;
 INPUT ---        1 0 0 0 0 1 Init NestAge24;
 INPUT ---        1 0 0 0 0 1 Init NestAge25;
 INPUT ---        1 0 0 0 0 1 Init NestAge26;
 INPUT ---        1 0 0 0 0 1 Init NestAge27;
 INPUT ---        1 0 0 0 0 1 Init NestAge28;
 INPUT ---        1 0 0 0 0 1 Init NestAge29;
 INPUT ---        1 0 0 0 0 1 Init NestAge30;
 INPUT ---        1 0 0 0 0 1 Init NestAge31;
 INPUT ---        1 0 0 0 0 1 Init NestAge32;
 INPUT ---        1 0 0 0 0 1 Init NestAge33;

Program  MARK  - Survival Rate Estimation with Capture-Recapture Data
 gfortran(dble/PIM2) Vers. 11.1 Nov 2024  18-Aug-2026 07:43:25    Page  010
 - - - - - - - - - - - - - - - - - - - - - - - - - - - - - - - - - - - - - -
 
 INPUT ---        1 0 0 0 0 1 Init NestAge34;
 INPUT ---        1 0 0 0 0 1 Init NestAge35;
 INPUT ---        1 0 0 0 0 1 Init NestAge36;
 INPUT ---        1 0 0 0 0 1 Init NestAge37;
 INPUT ---        1 0 0 0 0 1 Init NestAge38;
 INPUT ---        1 0 0 0 0 1 Init NestAge39;
 INPUT ---        1 0 0 0 0 1 Init NestAge40;
 INPUT ---        1 0 0 0 0 1 Init NestAge41;
 INPUT ---        1 0 0 0 0 1 Init NestAge42;
 INPUT ---        1 0 0 0 0 1 Init NestAge43;
 INPUT ---        1 0 0 0 0 1 Init NestAge44;
 INPUT ---        1 0 0 0 0 1 Init NestAge45;
 INPUT ---        1 0 0 0 0 1 Init NestAge46;
 INPUT ---        1 0 0 0 0 1 Init NestAge47;
 INPUT ---        1 0 0 0 0 1 Init NestAge48;
 INPUT ---        1 0 0 0 0 1 Init NestAge49;
 INPUT ---        1 0 0 0 0 1 Init NestAge50;
 INPUT ---        1 0 0 0 0 1 Init NestAge51;
 INPUT ---        1 0 0 0 0 1 Init NestAge52;
 INPUT ---        1 0 0 0 0 1 Init NestAge53;
 INPUT ---        1 0 0 0 0 1 Init NestAge54;
 INPUT ---        1 0 0 0 0 1 Init NestAge55;
 INPUT ---        1 0 0 0 0 1 Init NestAge56;
 INPUT ---        1 0 0 0 0 1 Init NestAge57;
 INPUT ---        1 0 0 0 0 1 Init NestAge58;
 INPUT ---       blabel(1)=S:(Intercept);
 INPUT ---       blabel(2)=S:Year2021;
 INPUT ---       blabel(3)=S:Year2022;
 INPUT ---       blabel(4)=S:Year2023;
 INPUT ---       blabel(5)=S:Year2024;
 INPUT ---       blabel(6)=S:Year2025;
 INPUT ---       blabel(7)=S:Init;
 INPUT ---       blabel(8)=S:NestAge;
 INPUT ---       rlabel(1)=S g2019 a0 t1;
 INPUT ---       rlabel(2)=S g2019 a1 t2;
 INPUT ---       rlabel(3)=S g2019 a2 t3;
 INPUT ---       rlabel(4)=S g2019 a3 t4;
 INPUT ---       rlabel(5)=S g2019 a4 t5;
 INPUT ---       rlabel(6)=S g2019 a5 t6;
 INPUT ---       rlabel(7)=S g2019 a6 t7;
 INPUT ---       rlabel(8)=S g2019 a7 t8;
 INPUT ---       rlabel(9)=S g2019 a8 t9;
 INPUT ---       rlabel(10)=S g2019 a9 t10;
 INPUT ---       rlabel(11)=S g2019 a10 t11;
 INPUT ---       rlabel(12)=S g2019 a11 t12;
 INPUT ---       rlabel(13)=S g2019 a12 t13;

Program  MARK  - Survival Rate Estimation with Capture-Recapture Data
 gfortran(dble/PIM2) Vers. 11.1 Nov 2024  18-Aug-2026 07:43:25    Page  011
 - - - - - - - - - - - - - - - - - - - - - - - - - - - - - - - - - - - - - -
 
 INPUT ---       rlabel(14)=S g2019 a13 t14;
 INPUT ---       rlabel(15)=S g2019 a14 t15;
 INPUT ---       rlabel(16)=S g2019 a15 t16;
 INPUT ---       rlabel(17)=S g2019 a16 t17;
 INPUT ---       rlabel(18)=S g2019 a17 t18;
 INPUT ---       rlabel(19)=S g2019 a18 t19;
 INPUT ---       rlabel(20)=S g2019 a19 t20;
 INPUT ---       rlabel(21)=S g2019 a20 t21;
 INPUT ---       rlabel(22)=S g2019 a21 t22;
 INPUT ---       rlabel(23)=S g2019 a22 t23;
 INPUT ---       rlabel(24)=S g2019 a23 t24;
 INPUT ---       rlabel(25)=S g2019 a24 t25;
 INPUT ---       rlabel(26)=S g2019 a25 t26;
 INPUT ---       rlabel(27)=S g2019 a26 t27;
 INPUT ---       rlabel(28)=S g2019 a27 t28;
 INPUT ---       rlabel(29)=S g2019 a28 t29;
 INPUT ---       rlabel(30)=S g2019 a29 t30;
 INPUT ---       rlabel(31)=S g2019 a30 t31;
 INPUT ---       rlabel(32)=S g2019 a31 t32;
 INPUT ---       rlabel(33)=S g2019 a32 t33;
 INPUT ---       rlabel(34)=S g2019 a33 t34;
 INPUT ---       rlabel(35)=S g2019 a34 t35;
 INPUT ---       rlabel(36)=S g2019 a35 t36;
 INPUT ---       rlabel(37)=S g2019 a36 t37;
 INPUT ---       rlabel(38)=S g2019 a37 t38;
 INPUT ---       rlabel(39)=S g2019 a38 t39;
 INPUT ---       rlabel(40)=S g2019 a39 t40;
 INPUT ---       rlabel(41)=S g2019 a40 t41;
 INPUT ---       rlabel(42)=S g2019 a41 t42;
 INPUT ---       rlabel(43)=S g2019 a42 t43;
 INPUT ---       rlabel(44)=S g2019 a43 t44;
 INPUT ---       rlabel(45)=S g2019 a44 t45;
 INPUT ---       rlabel(46)=S g2019 a45 t46;
 INPUT ---       rlabel(47)=S g2019 a46 t47;
 INPUT ---       rlabel(48)=S g2019 a47 t48;
 INPUT ---       rlabel(49)=S g2019 a48 t49;
 INPUT ---       rlabel(50)=S g2019 a49 t50;
 INPUT ---       rlabel(51)=S g2019 a50 t51;
 INPUT ---       rlabel(52)=S g2019 a51 t52;
 INPUT ---       rlabel(53)=S g2019 a52 t53;
 INPUT ---       rlabel(54)=S g2019 a53 t54;
 INPUT ---       rlabel(55)=S g2019 a54 t55;
 INPUT ---       rlabel(56)=S g2019 a55 t56;
 INPUT ---       rlabel(57)=S g2019 a56 t57;
 INPUT ---       rlabel(58)=S g2019 a57 t58;
 INPUT ---       rlabel(59)=S g2021 a0 t1;

Program  MARK  - Survival Rate Estimation with Capture-Recapture Data
 gfortran(dble/PIM2) Vers. 11.1 Nov 2024  18-Aug-2026 07:43:25    Page  012
 - - - - - - - - - - - - - - - - - - - - - - - - - - - - - - - - - - - - - -
 
 INPUT ---       rlabel(60)=S g2021 a1 t2;
 INPUT ---       rlabel(61)=S g2021 a2 t3;
 INPUT ---       rlabel(62)=S g2021 a3 t4;
 INPUT ---       rlabel(63)=S g2021 a4 t5;
 INPUT ---       rlabel(64)=S g2021 a5 t6;
 INPUT ---       rlabel(65)=S g2021 a6 t7;
 INPUT ---       rlabel(66)=S g2021 a7 t8;
 INPUT ---       rlabel(67)=S g2021 a8 t9;
 INPUT ---       rlabel(68)=S g2021 a9 t10;
 INPUT ---       rlabel(69)=S g2021 a10 t11;
 INPUT ---       rlabel(70)=S g2021 a11 t12;
 INPUT ---       rlabel(71)=S g2021 a12 t13;
 INPUT ---       rlabel(72)=S g2021 a13 t14;
 INPUT ---       rlabel(73)=S g2021 a14 t15;
 INPUT ---       rlabel(74)=S g2021 a15 t16;
 INPUT ---       rlabel(75)=S g2021 a16 t17;
 INPUT ---       rlabel(76)=S g2021 a17 t18;
 INPUT ---       rlabel(77)=S g2021 a18 t19;
 INPUT ---       rlabel(78)=S g2021 a19 t20;
 INPUT ---       rlabel(79)=S g2021 a20 t21;
 INPUT ---       rlabel(80)=S g2021 a21 t22;
 INPUT ---       rlabel(81)=S g2021 a22 t23;
 INPUT ---       rlabel(82)=S g2021 a23 t24;
 INPUT ---       rlabel(83)=S g2021 a24 t25;
 INPUT ---       rlabel(84)=S g2021 a25 t26;
 INPUT ---       rlabel(85)=S g2021 a26 t27;
 INPUT ---       rlabel(86)=S g2021 a27 t28;
 INPUT ---       rlabel(87)=S g2021 a28 t29;
 INPUT ---       rlabel(88)=S g2021 a29 t30;
 INPUT ---       rlabel(89)=S g2021 a30 t31;
 INPUT ---       rlabel(90)=S g2021 a31 t32;
 INPUT ---       rlabel(91)=S g2021 a32 t33;
 INPUT ---       rlabel(92)=S g2021 a33 t34;
 INPUT ---       rlabel(93)=S g2021 a34 t35;
 INPUT ---       rlabel(94)=S g2021 a35 t36;
 INPUT ---       rlabel(95)=S g2021 a36 t37;
 INPUT ---       rlabel(96)=S g2021 a37 t38;
 INPUT ---       rlabel(97)=S g2021 a38 t39;
 INPUT ---       rlabel(98)=S g2021 a39 t40;
 INPUT ---       rlabel(99)=S g2021 a40 t41;
 INPUT ---       rlabel(100)=S g2021 a41 t42;
 INPUT ---       rlabel(101)=S g2021 a42 t43;
 INPUT ---       rlabel(102)=S g2021 a43 t44;
 INPUT ---       rlabel(103)=S g2021 a44 t45;
 INPUT ---       rlabel(104)=S g2021 a45 t46;
 INPUT ---       rlabel(105)=S g2021 a46 t47;

Program  MARK  - Survival Rate Estimation with Capture-Recapture Data
 gfortran(dble/PIM2) Vers. 11.1 Nov 2024  18-Aug-2026 07:43:25    Page  013
 - - - - - - - - - - - - - - - - - - - - - - - - - - - - - - - - - - - - - -
 
 INPUT ---       rlabel(106)=S g2021 a47 t48;
 INPUT ---       rlabel(107)=S g2021 a48 t49;
 INPUT ---       rlabel(108)=S g2021 a49 t50;
 INPUT ---       rlabel(109)=S g2021 a50 t51;
 INPUT ---       rlabel(110)=S g2021 a51 t52;
 INPUT ---       rlabel(111)=S g2021 a52 t53;
 INPUT ---       rlabel(112)=S g2021 a53 t54;
 INPUT ---       rlabel(113)=S g2021 a54 t55;
 INPUT ---       rlabel(114)=S g2021 a55 t56;
 INPUT ---       rlabel(115)=S g2021 a56 t57;
 INPUT ---       rlabel(116)=S g2021 a57 t58;
 INPUT ---       rlabel(117)=S g2022 a0 t1;
 INPUT ---       rlabel(118)=S g2022 a1 t2;
 INPUT ---       rlabel(119)=S g2022 a2 t3;
 INPUT ---       rlabel(120)=S g2022 a3 t4;
 INPUT ---       rlabel(121)=S g2022 a4 t5;
 INPUT ---       rlabel(122)=S g2022 a5 t6;
 INPUT ---       rlabel(123)=S g2022 a6 t7;
 INPUT ---       rlabel(124)=S g2022 a7 t8;
 INPUT ---       rlabel(125)=S g2022 a8 t9;
 INPUT ---       rlabel(126)=S g2022 a9 t10;
 INPUT ---       rlabel(127)=S g2022 a10 t11;
 INPUT ---       rlabel(128)=S g2022 a11 t12;
 INPUT ---       rlabel(129)=S g2022 a12 t13;
 INPUT ---       rlabel(130)=S g2022 a13 t14;
 INPUT ---       rlabel(131)=S g2022 a14 t15;
 INPUT ---       rlabel(132)=S g2022 a15 t16;
 INPUT ---       rlabel(133)=S g2022 a16 t17;
 INPUT ---       rlabel(134)=S g2022 a17 t18;
 INPUT ---       rlabel(135)=S g2022 a18 t19;
 INPUT ---       rlabel(136)=S g2022 a19 t20;
 INPUT ---       rlabel(137)=S g2022 a20 t21;
 INPUT ---       rlabel(138)=S g2022 a21 t22;
 INPUT ---       rlabel(139)=S g2022 a22 t23;
 INPUT ---       rlabel(140)=S g2022 a23 t24;
 INPUT ---       rlabel(141)=S g2022 a24 t25;
 INPUT ---       rlabel(142)=S g2022 a25 t26;
 INPUT ---       rlabel(143)=S g2022 a26 t27;
 INPUT ---       rlabel(144)=S g2022 a27 t28;
 INPUT ---       rlabel(145)=S g2022 a28 t29;
 INPUT ---       rlabel(146)=S g2022 a29 t30;
 INPUT ---       rlabel(147)=S g2022 a30 t31;
 INPUT ---       rlabel(148)=S g2022 a31 t32;
 INPUT ---       rlabel(149)=S g2022 a32 t33;
 INPUT ---       rlabel(150)=S g2022 a33 t34;
 INPUT ---       rlabel(151)=S g2022 a34 t35;

Program  MARK  - Survival Rate Estimation with Capture-Recapture Data
 gfortran(dble/PIM2) Vers. 11.1 Nov 2024  18-Aug-2026 07:43:25    Page  014
 - - - - - - - - - - - - - - - - - - - - - - - - - - - - - - - - - - - - - -
 
 INPUT ---       rlabel(152)=S g2022 a35 t36;
 INPUT ---       rlabel(153)=S g2022 a36 t37;
 INPUT ---       rlabel(154)=S g2022 a37 t38;
 INPUT ---       rlabel(155)=S g2022 a38 t39;
 INPUT ---       rlabel(156)=S g2022 a39 t40;
 INPUT ---       rlabel(157)=S g2022 a40 t41;
 INPUT ---       rlabel(158)=S g2022 a41 t42;
 INPUT ---       rlabel(159)=S g2022 a42 t43;
 INPUT ---       rlabel(160)=S g2022 a43 t44;
 INPUT ---       rlabel(161)=S g2022 a44 t45;
 INPUT ---       rlabel(162)=S g2022 a45 t46;
 INPUT ---       rlabel(163)=S g2022 a46 t47;
 INPUT ---       rlabel(164)=S g2022 a47 t48;
 INPUT ---       rlabel(165)=S g2022 a48 t49;
 INPUT ---       rlabel(166)=S g2022 a49 t50;
 INPUT ---       rlabel(167)=S g2022 a50 t51;
 INPUT ---       rlabel(168)=S g2022 a51 t52;
 INPUT ---       rlabel(169)=S g2022 a52 t53;
 INPUT ---       rlabel(170)=S g2022 a53 t54;
 INPUT ---       rlabel(171)=S g2022 a54 t55;
 INPUT ---       rlabel(172)=S g2022 a55 t56;
 INPUT ---       rlabel(173)=S g2022 a56 t57;
 INPUT ---       rlabel(174)=S g2022 a57 t58;
 INPUT ---       rlabel(175)=S g2023 a0 t1;
 INPUT ---       rlabel(176)=S g2023 a1 t2;
 INPUT ---       rlabel(177)=S g2023 a2 t3;
 INPUT ---       rlabel(178)=S g2023 a3 t4;
 INPUT ---       rlabel(179)=S g2023 a4 t5;
 INPUT ---       rlabel(180)=S g2023 a5 t6;
 INPUT ---       rlabel(181)=S g2023 a6 t7;
 INPUT ---       rlabel(182)=S g2023 a7 t8;
 INPUT ---       rlabel(183)=S g2023 a8 t9;
 INPUT ---       rlabel(184)=S g2023 a9 t10;
 INPUT ---       rlabel(185)=S g2023 a10 t11;
 INPUT ---       rlabel(186)=S g2023 a11 t12;
 INPUT ---       rlabel(187)=S g2023 a12 t13;
 INPUT ---       rlabel(188)=S g2023 a13 t14;
 INPUT ---       rlabel(189)=S g2023 a14 t15;
 INPUT ---       rlabel(190)=S g2023 a15 t16;
 INPUT ---       rlabel(191)=S g2023 a16 t17;
 INPUT ---       rlabel(192)=S g2023 a17 t18;
 INPUT ---       rlabel(193)=S g2023 a18 t19;
 INPUT ---       rlabel(194)=S g2023 a19 t20;
 INPUT ---       rlabel(195)=S g2023 a20 t21;
 INPUT ---       rlabel(196)=S g2023 a21 t22;
 INPUT ---       rlabel(197)=S g2023 a22 t23;

Program  MARK  - Survival Rate Estimation with Capture-Recapture Data
 gfortran(dble/PIM2) Vers. 11.1 Nov 2024  18-Aug-2026 07:43:25    Page  015
 - - - - - - - - - - - - - - - - - - - - - - - - - - - - - - - - - - - - - -
 
 INPUT ---       rlabel(198)=S g2023 a23 t24;
 INPUT ---       rlabel(199)=S g2023 a24 t25;
 INPUT ---       rlabel(200)=S g2023 a25 t26;
 INPUT ---       rlabel(201)=S g2023 a26 t27;
 INPUT ---       rlabel(202)=S g2023 a27 t28;
 INPUT ---       rlabel(203)=S g2023 a28 t29;
 INPUT ---       rlabel(204)=S g2023 a29 t30;
 INPUT ---       rlabel(205)=S g2023 a30 t31;
 INPUT ---       rlabel(206)=S g2023 a31 t32;
 INPUT ---       rlabel(207)=S g2023 a32 t33;
 INPUT ---       rlabel(208)=S g2023 a33 t34;
 INPUT ---       rlabel(209)=S g2023 a34 t35;
 INPUT ---       rlabel(210)=S g2023 a35 t36;
 INPUT ---       rlabel(211)=S g2023 a36 t37;
 INPUT ---       rlabel(212)=S g2023 a37 t38;
 INPUT ---       rlabel(213)=S g2023 a38 t39;
 INPUT ---       rlabel(214)=S g2023 a39 t40;
 INPUT ---       rlabel(215)=S g2023 a40 t41;
 INPUT ---       rlabel(216)=S g2023 a41 t42;
 INPUT ---       rlabel(217)=S g2023 a42 t43;
 INPUT ---       rlabel(218)=S g2023 a43 t44;
 INPUT ---       rlabel(219)=S g2023 a44 t45;
 INPUT ---       rlabel(220)=S g2023 a45 t46;
 INPUT ---       rlabel(221)=S g2023 a46 t47;
 INPUT ---       rlabel(222)=S g2023 a47 t48;
 INPUT ---       rlabel(223)=S g2023 a48 t49;
 INPUT ---       rlabel(224)=S g2023 a49 t50;
 INPUT ---       rlabel(225)=S g2023 a50 t51;
 INPUT ---       rlabel(226)=S g2023 a51 t52;
 INPUT ---       rlabel(227)=S g2023 a52 t53;
 INPUT ---       rlabel(228)=S g2023 a53 t54;
 INPUT ---       rlabel(229)=S g2023 a54 t55;
 INPUT ---       rlabel(230)=S g2023 a55 t56;
 INPUT ---       rlabel(231)=S g2023 a56 t57;
 INPUT ---       rlabel(232)=S g2023 a57 t58;
 INPUT ---       rlabel(233)=S g2024 a0 t1;
 INPUT ---       rlabel(234)=S g2024 a1 t2;
 INPUT ---       rlabel(235)=S g2024 a2 t3;
 INPUT ---       rlabel(236)=S g2024 a3 t4;
 INPUT ---       rlabel(237)=S g2024 a4 t5;
 INPUT ---       rlabel(238)=S g2024 a5 t6;
 INPUT ---       rlabel(239)=S g2024 a6 t7;
 INPUT ---       rlabel(240)=S g2024 a7 t8;
 INPUT ---       rlabel(241)=S g2024 a8 t9;
 INPUT ---       rlabel(242)=S g2024 a9 t10;
 INPUT ---       rlabel(243)=S g2024 a10 t11;

Program  MARK  - Survival Rate Estimation with Capture-Recapture Data
 gfortran(dble/PIM2) Vers. 11.1 Nov 2024  18-Aug-2026 07:43:25    Page  016
 - - - - - - - - - - - - - - - - - - - - - - - - - - - - - - - - - - - - - -
 
 INPUT ---       rlabel(244)=S g2024 a11 t12;
 INPUT ---       rlabel(245)=S g2024 a12 t13;
 INPUT ---       rlabel(246)=S g2024 a13 t14;
 INPUT ---       rlabel(247)=S g2024 a14 t15;
 INPUT ---       rlabel(248)=S g2024 a15 t16;
 INPUT ---       rlabel(249)=S g2024 a16 t17;
 INPUT ---       rlabel(250)=S g2024 a17 t18;
 INPUT ---       rlabel(251)=S g2024 a18 t19;
 INPUT ---       rlabel(252)=S g2024 a19 t20;
 INPUT ---       rlabel(253)=S g2024 a20 t21;
 INPUT ---       rlabel(254)=S g2024 a21 t22;
 INPUT ---       rlabel(255)=S g2024 a22 t23;
 INPUT ---       rlabel(256)=S g2024 a23 t24;
 INPUT ---       rlabel(257)=S g2024 a24 t25;
 INPUT ---       rlabel(258)=S g2024 a25 t26;
 INPUT ---       rlabel(259)=S g2024 a26 t27;
 INPUT ---       rlabel(260)=S g2024 a27 t28;
 INPUT ---       rlabel(261)=S g2024 a28 t29;
 INPUT ---       rlabel(262)=S g2024 a29 t30;
 INPUT ---       rlabel(263)=S g2024 a30 t31;
 INPUT ---       rlabel(264)=S g2024 a31 t32;
 INPUT ---       rlabel(265)=S g2024 a32 t33;
 INPUT ---       rlabel(266)=S g2024 a33 t34;
 INPUT ---       rlabel(267)=S g2024 a34 t35;
 INPUT ---       rlabel(268)=S g2024 a35 t36;
 INPUT ---       rlabel(269)=S g2024 a36 t37;
 INPUT ---       rlabel(270)=S g2024 a37 t38;
 INPUT ---       rlabel(271)=S g2024 a38 t39;
 INPUT ---       rlabel(272)=S g2024 a39 t40;
 INPUT ---       rlabel(273)=S g2024 a40 t41;
 INPUT ---       rlabel(274)=S g2024 a41 t42;
 INPUT ---       rlabel(275)=S g2024 a42 t43;
 INPUT ---       rlabel(276)=S g2024 a43 t44;
 INPUT ---       rlabel(277)=S g2024 a44 t45;
 INPUT ---       rlabel(278)=S g2024 a45 t46;
 INPUT ---       rlabel(279)=S g2024 a46 t47;
 INPUT ---       rlabel(280)=S g2024 a47 t48;
 INPUT ---       rlabel(281)=S g2024 a48 t49;
 INPUT ---       rlabel(282)=S g2024 a49 t50;
 INPUT ---       rlabel(283)=S g2024 a50 t51;
 INPUT ---       rlabel(284)=S g2024 a51 t52;
 INPUT ---       rlabel(285)=S g2024 a52 t53;
 INPUT ---       rlabel(286)=S g2024 a53 t54;
 INPUT ---       rlabel(287)=S g2024 a54 t55;
 INPUT ---       rlabel(288)=S g2024 a55 t56;
 INPUT ---       rlabel(289)=S g2024 a56 t57;

Program  MARK  - Survival Rate Estimation with Capture-Recapture Data
 gfortran(dble/PIM2) Vers. 11.1 Nov 2024  18-Aug-2026 07:43:25    Page  017
 - - - - - - - - - - - - - - - - - - - - - - - - - - - - - - - - - - - - - -
 
 INPUT ---       rlabel(290)=S g2024 a57 t58;
 INPUT ---       rlabel(291)=S g2025 a0 t1;
 INPUT ---       rlabel(292)=S g2025 a1 t2;
 INPUT ---       rlabel(293)=S g2025 a2 t3;
 INPUT ---       rlabel(294)=S g2025 a3 t4;
 INPUT ---       rlabel(295)=S g2025 a4 t5;
 INPUT ---       rlabel(296)=S g2025 a5 t6;
 INPUT ---       rlabel(297)=S g2025 a6 t7;
 INPUT ---       rlabel(298)=S g2025 a7 t8;
 INPUT ---       rlabel(299)=S g2025 a8 t9;
 INPUT ---       rlabel(300)=S g2025 a9 t10;
 INPUT ---       rlabel(301)=S g2025 a10 t11;
 INPUT ---       rlabel(302)=S g2025 a11 t12;
 INPUT ---       rlabel(303)=S g2025 a12 t13;
 INPUT ---       rlabel(304)=S g2025 a13 t14;
 INPUT ---       rlabel(305)=S g2025 a14 t15;
 INPUT ---       rlabel(306)=S g2025 a15 t16;
 INPUT ---       rlabel(307)=S g2025 a16 t17;
 INPUT ---       rlabel(308)=S g2025 a17 t18;
 INPUT ---       rlabel(309)=S g2025 a18 t19;
 INPUT ---       rlabel(310)=S g2025 a19 t20;
 INPUT ---       rlabel(311)=S g2025 a20 t21;
 INPUT ---       rlabel(312)=S g2025 a21 t22;
 INPUT ---       rlabel(313)=S g2025 a22 t23;
 INPUT ---       rlabel(314)=S g2025 a23 t24;
 INPUT ---       rlabel(315)=S g2025 a24 t25;
 INPUT ---       rlabel(316)=S g2025 a25 t26;
 INPUT ---       rlabel(317)=S g2025 a26 t27;
 INPUT ---       rlabel(318)=S g2025 a27 t28;
 INPUT ---       rlabel(319)=S g2025 a28 t29;
 INPUT ---       rlabel(320)=S g2025 a29 t30;
 INPUT ---       rlabel(321)=S g2025 a30 t31;
 INPUT ---       rlabel(322)=S g2025 a31 t32;
 INPUT ---       rlabel(323)=S g2025 a32 t33;
 INPUT ---       rlabel(324)=S g2025 a33 t34;
 INPUT ---       rlabel(325)=S g2025 a34 t35;
 INPUT ---       rlabel(326)=S g2025 a35 t36;
 INPUT ---       rlabel(327)=S g2025 a36 t37;
 INPUT ---       rlabel(328)=S g2025 a37 t38;
 INPUT ---       rlabel(329)=S g2025 a38 t39;
 INPUT ---       rlabel(330)=S g2025 a39 t40;
 INPUT ---       rlabel(331)=S g2025 a40 t41;
 INPUT ---       rlabel(332)=S g2025 a41 t42;
 INPUT ---       rlabel(333)=S g2025 a42 t43;
 INPUT ---       rlabel(334)=S g2025 a43 t44;
 INPUT ---       rlabel(335)=S g2025 a44 t45;

Program  MARK  - Survival Rate Estimation with Capture-Recapture Data
 gfortran(dble/PIM2) Vers. 11.1 Nov 2024  18-Aug-2026 07:43:25    Page  018
 - - - - - - - - - - - - - - - - - - - - - - - - - - - - - - - - - - - - - -
 
 INPUT ---       rlabel(336)=S g2025 a45 t46;
 INPUT ---       rlabel(337)=S g2025 a46 t47;
 INPUT ---       rlabel(338)=S g2025 a47 t48;
 INPUT ---       rlabel(339)=S g2025 a48 t49;
 INPUT ---       rlabel(340)=S g2025 a49 t50;
 INPUT ---       rlabel(341)=S g2025 a50 t51;
 INPUT ---       rlabel(342)=S g2025 a51 t52;
 INPUT ---       rlabel(343)=S g2025 a52 t53;
 INPUT ---       rlabel(344)=S g2025 a53 t54;
 INPUT ---       rlabel(345)=S g2025 a54 t55;
 INPUT ---       rlabel(346)=S g2025 a55 t56;
 INPUT ---       rlabel(347)=S g2025 a56 t57;
 INPUT ---       rlabel(348)=S g2025 a57 t58;
   Model is { S.syin }

 Link Function Used is LOGIT        

 Variance Estimation Procedure Used is 2ndPart 
 -2logL(saturated) = 0.0000000     
 Effective Sample Size = 5564
 Results from first iteration:
  -2logL Initial { S.syin } =  789.91962    
  Penalty Initial { S.syin } =  0.0000000    

 Number of function evaluations was 16 for 8 parameters.
 For numerical optimization, CPU Time was 0.688 secs and System Time was 0.281 secs.
 -2logL { S.syin } = 784.63881     
 Penalty { S.syin } = 0.0000000     
 Gradient { S.syin }:
  6.89529E-06   0.0000      3.24289E-06   0.0000      5.23875E-06
   0.0000       0.0000      4.78764E-06
 Maximum ABS(G) { S.syin } =  6.89529E-06
 To compute VC matrix, CPU Time was 0.672 secs and System Time was 0.172 secs.
 S Vector { S.syin }:
   141.2450      22.17662      18.58207      13.31228      10.51802    
   5.125096      4.716848     0.7678904    
 To invert VC matrix, CPU Time was 0.001 secs and System Time was 0.001 secs.
 Ratio Threshold = 50.00 Max Gap (1/2) = 6.369 Next Max Gap (1/2) = 6.369
 Gap Method for Num. of Estimated Parameters { S.syin } = 8          
 Threshold { S.syin } = 0.1379058E-04           
 Numerical Threshold Method for Num. of Estimated Parameters { S.syin } = 8          
 Number of Estimated Parameters { S.syin } = 8          
 DEVIANCE { S.syin } = 784.63881               
 DEVIANCE Degrees of Freedom { S.syin } = 451          
 c-hat { S.syin } = 1.7397756               
 AIC { S.syin } = 800.63881               
 AICc { S.syin } = 800.66473               
 BIC { S.syin } = 853.63139               

Program  MARK  - Survival Rate Estimation with Capture-Recapture Data
 gfortran(dble/PIM2) Vers. 11.1 Nov 2024  18-Aug-2026 07:43:26    Page  019
 - - - - - - - - - - - - - - - - - - - - - - - - - - - - - - - - - - - - - -
 
 Pearson Chisquare { S.syin } = 3422.8771               
                       LOGIT Link Function Parameters of { S.syin }
                                                              95% Confidence Interval
    Parameter                  Beta         Standard Error     Lower           Upper
 -------------------------  --------------  --------------  --------------  --------------
    1:S:(Intercept)          3.4258574       0.2700591       2.8965415       3.9551732    
    2:S:Year2021             0.5825113       0.2894113       0.0152652       1.1497574    
    3:S:Year2022            -1.3526500       0.2613121      -1.8648217      -0.8404783    
    4:S:Year2023            -0.1550019       0.2669447      -0.6782134       0.3682096    
    5:S:Year2024             0.4563376       0.3413180      -0.2126457       1.1253210    
    6:S:Year2025            -1.0002796       0.3485392      -1.6834164      -0.3171428    
    7:S:Init                 0.0328364       0.0207193      -0.0077733       0.0734462    
    8:S:NestAge              0.0326436       0.0166442       0.2094842E-04   0.0652663    


                          Real Function Parameters of { S.syin }

Program  MARK  - Survival Rate Estimation with Capture-Recapture Data
 gfortran(dble/PIM2) Vers. 11.1 Nov 2024  18-Aug-2026 07:43:26    Page  020
 - - - - - - - - - - - - - - - - - - - - - - - - - - - - - - - - - - - - - -
 

      Following estimates based on unstandardized individual covariate values:
          Variable                 Value        
          ----------------------  ------------- 
          INIT                     0.1525054    
          NESTAGE1                -9.1830065    
          NESTAGE2                -8.1830065    
          NESTAGE3                -7.1830065    
          NESTAGE4                -6.1830065    
          NESTAGE5                -5.1830065    
          NESTAGE6                -4.1830065    
          NESTAGE7                -3.1830065    
          NESTAGE8                -2.1830065    
          NESTAGE9                -1.1830065    
          NESTAGE10               -0.1830065    
          NESTAGE11                0.8169935    
          NESTAGE12                1.8169935    
          NESTAGE13                2.8169935    
          NESTAGE14                3.8169935    
          NESTAGE15                4.8169935    
          NESTAGE16                5.8169935    
          NESTAGE17                6.8169935    
          NESTAGE18                7.8169935    
          NESTAGE19                8.8169935    
          NESTAGE20                9.8169935    
          NESTAGE21                10.816993    
          NESTAGE22                11.816993    
          NESTAGE23                12.816993    
          NESTAGE24                13.816993    
          NESTAGE25                14.816993    
          NESTAGE26                15.816993    
          NESTAGE27                16.816993    
          NESTAGE28                17.816993    
          NESTAGE29                18.816993    
          NESTAGE30                19.816993    
          NESTAGE31                20.816993    
          NESTAGE32                21.816993    
          NESTAGE33                22.816993    
          NESTAGE34                23.816993    
          NESTAGE35                24.816993    
          NESTAGE36                25.816993    
          NESTAGE37                26.816993    
          NESTAGE38                27.816993    
          NESTAGE39                28.816993    
          NESTAGE40                29.816993    
          NESTAGE41                30.816993    
          NESTAGE42                31.816993    
          NESTAGE43                32.816993    
          NESTAGE44                33.816993    
          NESTAGE45                34.816993    
          NESTAGE46                35.816993    
          NESTAGE47                36.816993    
          NESTAGE48                37.816993    
          NESTAGE49                38.816993    
          NESTAGE50                39.816993    
          NESTAGE51                40.816993    
          NESTAGE52                41.816993    
          NESTAGE53                42.816993    
          NESTAGE54                43.816993    
          NESTAGE55                44.816993    
          NESTAGE56                45.816993    
          NESTAGE57                46.816993    
          NESTAGE58                47.816993    

Program  MARK  - Survival Rate Estimation with Capture-Recapture Data
 gfortran(dble/PIM2) Vers. 11.1 Nov 2024  18-Aug-2026 07:43:26    Page  021
 - - - - - - - - - - - - - - - - - - - - - - - - - - - - - - - - - - - - - -
 
                                                               95% Confidence Interval
     Parameter                Estimate       Standard Error     Lower           Upper
 --------------------------  --------------  --------------  --------------  --------------
     1:S g2019 a0 t1          0.9581575       0.0162158       0.9120031       0.9806183       
     2:S g2019 a1 t2          0.9594468       0.0151410       0.9169054       0.9806678       
     3:S g2019 a2 t3          0.9606980       0.0141186       0.9215420       0.9807213       
     4:S g2019 a3 t4          0.9619122       0.0131470       0.9259237       0.9807793       
     5:S g2019 a4 t5          0.9630903       0.0122248       0.9300610       0.9808425       
     6:S g2019 a5 t6          0.9642333       0.0113506       0.9339639       0.9809115       
     7:S g2019 a6 t7          0.9653422       0.0105231       0.9376422       0.9809871       
     8:S g2019 a7 t8          0.9664179       0.0097412       0.9411054       0.9810701       
     9:S g2019 a8 t9          0.9674614       0.0090039       0.9443623       0.9811617       
    10:S g2019 a9 t10         0.9684735       0.0083101       0.9474215       0.9812631       
    11:S g2019 a10 t11        0.9694550       0.0076592       0.9502907       0.9813758       
    12:S g2019 a11 t12        0.9704070       0.0070506       0.9529774       0.9815015       
    13:S g2019 a12 t13        0.9713302       0.0064839       0.9554883       0.9816422       
    14:S g2019 a13 t14        0.9722254       0.0059589       0.9578293       0.9818004       
    15:S g2019 a14 t15        0.9730934       0.0054757       0.9600058       0.9819787       
    16:S g2019 a15 t16        0.9739350       0.0050345       0.9620224       0.9821802       
    17:S g2019 a16 t17        0.9747510       0.0046359       0.9638830       0.9824084       
    18:S g2019 a17 t18        0.9755421       0.0042803       0.9655911       0.9826669       
    19:S g2019 a18 t19        0.9763090       0.0039686       0.9671496       0.9829595       
    20:S g2019 a19 t20        0.9770524       0.0037011       0.9685616       0.9832896       
    21:S g2019 a20 t21        0.9777730       0.0034782       0.9698303       0.9836599       
    22:S g2019 a21 t22        0.9784715       0.0032994       0.9709603       0.9840718       
    23:S g2019 a22 t23        0.9791485       0.0031633       0.9719573       0.9845250       
    24:S g2019 a23 t24        0.9798047       0.0030675       0.9728290       0.9850171       
    25:S g2019 a24 t25        0.9804406       0.0030086       0.9735849       0.9855434       
    26:S g2019 a25 t26        0.9810569       0.0029821       0.9742362       0.9860976       
    27:S g2019 a26 t27        0.9816541       0.0029831       0.9747948       0.9866722       
    28:S g2019 a27 t28        0.9822328       0.0030065       0.9752727       0.9872594       
    29:S g2019 a28 t29        0.9827936       0.0030475       0.9756816       0.9878516       
    30:S g2019 a29 t30        0.9833370       0.0031015       0.9760318       0.9884421       
    31:S g2019 a30 t31        0.9838636       0.0031646       0.9763329       0.9890250       
    32:S g2019 a31 t32        0.9843737       0.0032336       0.9765926       0.9895957       
    33:S g2019 a32 t33        0.9848680       0.0033058       0.9768179       0.9901508       
    34:S g2019 a33 t34        0.9853468       0.0033791       0.9770142       0.9906876       
    35:S g2019 a34 t35        0.9858108       0.0034518       0.9771863       0.9912042       
    36:S g2019 a35 t36        0.9862602       0.0035225       0.9773379       0.9916996       
    37:S g2019 a36 t37        0.9866956       0.0035903       0.9774722       0.9921730       
    38:S g2019 a37 t38        0.9871174       0.0036544       0.9775917       0.9926243       
    39:S g2019 a38 t39        0.9875260       0.0037144       0.9776987       0.9930536       
    40:S g2019 a39 t40        0.9879218       0.0037698       0.9777948       0.9934611       
    41:S g2019 a40 t41        0.9883052       0.0038204       0.9778816       0.9938474       
    42:S g2019 a41 t42        0.9886765       0.0038662       0.9779603       0.9942131       
    43:S g2019 a42 t43        0.9890362       0.0039069       0.9780320       0.9945588       

Program  MARK  - Survival Rate Estimation with Capture-Recapture Data
 gfortran(dble/PIM2) Vers. 11.1 Nov 2024  18-Aug-2026 07:43:26    Page  022
 - - - - - - - - - - - - - - - - - - - - - - - - - - - - - - - - - - - - - -
 
    44:S g2019 a43 t44        0.9893846       0.0039427       0.9780974       0.9948855       
    45:S g2019 a44 t45        0.9897220       0.0039735       0.9781574       0.9951938       
    46:S g2019 a45 t46        0.9900488       0.0039995       0.9782125       0.9954846       
    47:S g2019 a46 t47        0.9903653       0.0040208       0.9782634       0.9957587       
    48:S g2019 a47 t48        0.9906719       0.0040376       0.9783105       0.9960169       
    49:S g2019 a48 t49        0.9909688       0.0040499       0.9783542       0.9962600       
    50:S g2019 a49 t50        0.9912563       0.0040579       0.9783948       0.9964888       
    51:S g2019 a50 t51        0.9915347       0.0040619       0.9784327       0.9967041       
    52:S g2019 a51 t52        0.9918044       0.0040620       0.9784681       0.9969066       
    53:S g2019 a52 t53        0.9920655       0.0040584       0.9785012       0.9970970       
    54:S g2019 a53 t54        0.9923184       0.0040513       0.9785323       0.9972760       
    55:S g2019 a54 t55        0.9925632       0.0040408       0.9785616       0.9974441       
    56:S g2019 a55 t56        0.9928004       0.0040272       0.9785891       0.9976022       
    57:S g2019 a56 t57        0.9930300       0.0040105       0.9786151       0.9977506       
    58:S g2019 a57 t58        0.9932523       0.0039911       0.9786396       0.9978900       
    59:S g2021 a0 t1          0.9761914       0.0102549       0.9452570       0.9898332       
    60:S g2021 a1 t2          0.9769384       0.0096307       0.9482612       0.9898902       
    61:S g2021 a2 t3          0.9776625       0.0090393       0.9510897       0.9899509       
    62:S g2021 a3 t4          0.9783644       0.0084797       0.9537510       0.9900158       
    63:S g2021 a4 t5          0.9790447       0.0079509       0.9562530       0.9900853       
    64:S g2021 a5 t6          0.9797040       0.0074519       0.9586034       0.9901597       
    65:S g2021 a6 t7          0.9803430       0.0069819       0.9608095       0.9902395       
    66:S g2021 a7 t8          0.9809623       0.0065401       0.9628782       0.9903252       
    67:S g2021 a8 t9          0.9815625       0.0061256       0.9648161       0.9904173       
    68:S g2021 a9 t10         0.9821441       0.0057377       0.9666294       0.9905164       
    69:S g2021 a10 t11        0.9827076       0.0053758       0.9683238       0.9906231       
    70:S g2021 a11 t12        0.9832537       0.0050393       0.9699051       0.9907381       
    71:S g2021 a12 t13        0.9837828       0.0047275       0.9713783       0.9908619       
    72:S g2021 a13 t14        0.9842955       0.0044399       0.9727483       0.9909951       
    73:S g2021 a14 t15        0.9847922       0.0041760       0.9740200       0.9911385       
    74:S g2021 a15 t16        0.9852734       0.0039351       0.9751977       0.9912925       
    75:S g2021 a16 t17        0.9857396       0.0037167       0.9762857       0.9914576       
    76:S g2021 a17 t18        0.9861913       0.0035202       0.9772882       0.9916342       
    77:S g2021 a18 t19        0.9866289       0.0033449       0.9782094       0.9918224       
    78:S g2021 a19 t20        0.9870527       0.0031899       0.9790532       0.9920221       
    79:S g2021 a20 t21        0.9874633       0.0030545       0.9798240       0.9922331       
    80:S g2021 a21 t22        0.9878611       0.0029375       0.9805258       0.9924547       
    81:S g2021 a22 t23        0.9882464       0.0028378       0.9811631       0.9926860       
    82:S g2021 a23 t24        0.9886196       0.0027542       0.9817401       0.9929258       
    83:S g2021 a24 t25        0.9889810       0.0026852       0.9822613       0.9931729       
    84:S g2021 a25 t26        0.9893311       0.0026294       0.9827313       0.9934255       
    85:S g2021 a26 t27        0.9896703       0.0025853       0.9831543       0.9936820       
    86:S g2021 a27 t28        0.9899987       0.0025515       0.9835348       0.9939406       
    87:S g2021 a28 t29        0.9903168       0.0025265       0.9838768       0.9941996       
    88:S g2021 a29 t30        0.9906249       0.0025088       0.9841843       0.9944574       
    89:S g2021 a30 t31        0.9909232       0.0024973       0.9844609       0.9947125       

Program  MARK  - Survival Rate Estimation with Capture-Recapture Data
 gfortran(dble/PIM2) Vers. 11.1 Nov 2024  18-Aug-2026 07:43:26    Page  023
 - - - - - - - - - - - - - - - - - - - - - - - - - - - - - - - - - - - - - -
 
    90:S g2021 a31 t32        0.9912122       0.0024906       0.9847099       0.9949634       
    91:S g2021 a32 t33        0.9914920       0.0024878       0.9849344       0.9952092       
    92:S g2021 a33 t34        0.9917630       0.0024880       0.9851372       0.9954487       
    93:S g2021 a34 t35        0.9920254       0.0024902       0.9853207       0.9956812       
    94:S g2021 a35 t36        0.9922796       0.0024938       0.9854871       0.9959062       
    95:S g2021 a36 t37        0.9925257       0.0024982       0.9856384       0.9961231       
    96:S g2021 a37 t38        0.9927640       0.0025030       0.9857762       0.9963316       
    97:S g2021 a38 t39        0.9929948       0.0025076       0.9859020       0.9965317       
    98:S g2021 a39 t40        0.9932182       0.0025117       0.9860172       0.9967231       
    99:S g2021 a40 t41        0.9934346       0.0025151       0.9861229       0.9969059       
   100:S g2021 a41 t42        0.9936441       0.0025176       0.9862202       0.9970802       
   101:S g2021 a42 t43        0.9938470       0.0025189       0.9863098       0.9972461       
   102:S g2021 a43 t44        0.9940434       0.0025190       0.9863926       0.9974039       
   103:S g2021 a44 t45        0.9942336       0.0025178       0.9864694       0.9975536       
   104:S g2021 a45 t46        0.9944178       0.0025151       0.9865406       0.9976956       
   105:S g2021 a46 t47        0.9945961       0.0025110       0.9866068       0.9978301       
   106:S g2021 a47 t48        0.9947687       0.0025054       0.9866686       0.9979574       
   107:S g2021 a48 t49        0.9949359       0.0024984       0.9867262       0.9980779       
   108:S g2021 a49 t50        0.9950978       0.0024899       0.9867802       0.9981917       
   109:S g2021 a50 t51        0.9952544       0.0024800       0.9868307       0.9982992       
   110:S g2021 a51 t52        0.9954062       0.0024687       0.9868782       0.9984007       
   111:S g2021 a52 t53        0.9955530       0.0024561       0.9869228       0.9984965       
   112:S g2021 a53 t54        0.9956952       0.0024421       0.9869648       0.9985868       
   113:S g2021 a54 t55        0.9958329       0.0024269       0.9870045       0.9986719       
   114:S g2021 a55 t56        0.9959662       0.0024105       0.9870419       0.9987521       
   115:S g2021 a56 t57        0.9960953       0.0023930       0.9870774       0.9988276       
   116:S g2021 a57 t58        0.9962202       0.0023744       0.9871109       0.9988987       
   117:S g2022 a0 t1          0.8555052       0.0505132       0.7266187       0.9295215       
   118:S g2022 a1 t2          0.8594938       0.0476340       0.7384628       0.9298371       
   119:S g2022 a2 t3          0.8633899       0.0448726       0.7498972       0.9301768       
   120:S g2022 a3 t4          0.8671947       0.0422291       0.7609144       0.9305429       
   121:S g2022 a4 t5          0.8709094       0.0397033       0.7715087       0.9309385       
   122:S g2022 a5 t6          0.8745351       0.0372953       0.7816755       0.9313668       
   123:S g2022 a6 t7          0.8780733       0.0350052       0.7914116       0.9318312       
   124:S g2022 a7 t8          0.8815253       0.0328334       0.8007150       0.9323360       
   125:S g2022 a8 t9          0.8848923       0.0307800       0.8095847       0.9328854       
   126:S g2022 a9 t10         0.8881757       0.0288457       0.8180202       0.9334846       
   127:S g2022 a10 t11        0.8913770       0.0270313       0.8260220       0.9341389       
   128:S g2022 a11 t12        0.8944976       0.0253375       0.8335911       0.9348541       
   129:S g2022 a12 t13        0.8975388       0.0237654       0.8407290       0.9356366       
   130:S g2022 a13 t14        0.9005021       0.0223159       0.8474377       0.9364927       
   131:S g2022 a14 t15        0.9033889       0.0209902       0.8537199       0.9374290       
   132:S g2022 a15 t16        0.9062007       0.0197890       0.8595789       0.9384517       
   133:S g2022 a16 t17        0.9089388       0.0187128       0.8650195       0.9395663       
   134:S g2022 a17 t18        0.9116049       0.0177612       0.8700477       0.9407772       
   135:S g2022 a18 t19        0.9142003       0.0169332       0.8746714       0.9420871       

Program  MARK  - Survival Rate Estimation with Capture-Recapture Data
 gfortran(dble/PIM2) Vers. 11.1 Nov 2024  18-Aug-2026 07:43:26    Page  024
 - - - - - - - - - - - - - - - - - - - - - - - - - - - - - - - - - - - - - -
 
   136:S g2022 a19 t20        0.9167264       0.0162264       0.8789013       0.9434964       
   137:S g2022 a20 t21        0.9191847       0.0156368       0.8827507       0.9450026       
   138:S g2022 a21 t22        0.9215767       0.0151592       0.8862360       0.9466003       
   139:S g2022 a22 t23        0.9239037       0.0147864       0.8893765       0.9482811       
   140:S g2022 a23 t24        0.9261672       0.0145100       0.8921946       0.9500336       
   141:S g2022 a24 t25        0.9283686       0.0143202       0.8947143       0.9518444       
   142:S g2022 a25 t26        0.9305093       0.0142068       0.8969614       0.9536983       
   143:S g2022 a26 t27        0.9325907       0.0141589       0.8989616       0.9555799       
   144:S g2022 a27 t28        0.9346141       0.0141660       0.9007406       0.9574735       
   145:S g2022 a28 t29        0.9365808       0.0142179       0.9023229       0.9593647       
   146:S g2022 a29 t30        0.9384924       0.0143053       0.9037311       0.9612402       
   147:S g2022 a30 t31        0.9403500       0.0144196       0.9049862       0.9630883       
   148:S g2022 a31 t32        0.9421549       0.0145534       0.9061071       0.9648992       
   149:S g2022 a32 t33        0.9439085       0.0147002       0.9071103       0.9666648       
   150:S g2022 a33 t34        0.9456120       0.0148545       0.9080106       0.9683787       
   151:S g2022 a34 t35        0.9472666       0.0150115       0.9088209       0.9700361       
   152:S g2022 a35 t36        0.9488736       0.0151674       0.9095523       0.9716335       
   153:S g2022 a36 t37        0.9504342       0.0153191       0.9102144       0.9731685       
   154:S g2022 a37 t38        0.9519496       0.0154641       0.9108157       0.9746399       
   155:S g2022 a38 t39        0.9534210       0.0156002       0.9113634       0.9760470       
   156:S g2022 a39 t40        0.9548494       0.0157259       0.9118637       0.9773900       
   157:S g2022 a40 t41        0.9562360       0.0158400       0.9123220       0.9786697       
   158:S g2022 a41 t42        0.9575819       0.0159416       0.9127431       0.9798871       
   159:S g2022 a42 t43        0.9588882       0.0160302       0.9131309       0.9810438       
   160:S g2022 a43 t44        0.9601560       0.0161052       0.9134891       0.9821413       
   161:S g2022 a44 t45        0.9613862       0.0161666       0.9138207       0.9831818       
   162:S g2022 a45 t46        0.9625800       0.0162143       0.9141285       0.9841671       
   163:S g2022 a46 t47        0.9637382       0.0162482       0.9144147       0.9850994       
   164:S g2022 a47 t48        0.9648619       0.0162687       0.9146815       0.9859808       
   165:S g2022 a48 t49        0.9659520       0.0162759       0.9149307       0.9868137       
   166:S g2022 a49 t50        0.9670094       0.0162702       0.9151639       0.9876001       
   167:S g2022 a50 t51        0.9680351       0.0162519       0.9153826       0.9883422       
   168:S g2022 a51 t52        0.9690299       0.0162215       0.9155881       0.9890422       
   169:S g2022 a52 t53        0.9699947       0.0161793       0.9157814       0.9897022       
   170:S g2022 a53 t54        0.9709304       0.0161260       0.9159636       0.9903241       
   171:S g2022 a54 t55        0.9718377       0.0160618       0.9161355       0.9909100       
   172:S g2022 a55 t56        0.9727175       0.0159875       0.9162981       0.9914617       
   173:S g2022 a56 t57        0.9735705       0.0159033       0.9164521       0.9919810       
   174:S g2022 a57 t58        0.9743976       0.0158099       0.9165980       0.9924698       
   175:S g2023 a0 t1          0.9514825       0.0205609       0.8912068       0.9791446       
   176:S g2023 a1 t2          0.9529674       0.0193143       0.8969813       0.9792320       
   177:S g2023 a2 t3          0.9544091       0.0181283       0.9024548       0.9793255       
   178:S g2023 a3 t4          0.9558086       0.0170010       0.9076379       0.9794258       
   179:S g2023 a4 t5          0.9571671       0.0159309       0.9125410       0.9795334       
   180:S g2023 a5 t6          0.9584856       0.0149166       0.9171745       0.9796491       
   181:S g2023 a6 t7          0.9597653       0.0139565       0.9215486       0.9797738       

Program  MARK  - Survival Rate Estimation with Capture-Recapture Data
 gfortran(dble/PIM2) Vers. 11.1 Nov 2024  18-Aug-2026 07:43:26    Page  025
 - - - - - - - - - - - - - - - - - - - - - - - - - - - - - - - - - - - - - -
 
   182:S g2023 a7 t8          0.9610071       0.0130494       0.9256732       0.9799083       
   183:S g2023 a8 t9          0.9622121       0.0121941       0.9295580       0.9800538       
   184:S g2023 a9 t10         0.9633813       0.0113893       0.9332123       0.9802115       
   185:S g2023 a10 t11        0.9645156       0.0106340       0.9366449       0.9803824       
   186:S g2023 a11 t12        0.9656161       0.0099274       0.9398643       0.9805682       
   187:S g2023 a12 t13        0.9666836       0.0092685       0.9428788       0.9807702       
   188:S g2023 a13 t14        0.9677190       0.0086567       0.9456959       0.9809902       
   189:S g2023 a14 t15        0.9687234       0.0080913       0.9483229       0.9812298       
   190:S g2023 a15 t16        0.9696974       0.0075717       0.9507669       0.9814907       
   191:S g2023 a16 t17        0.9706421       0.0070973       0.9530343       0.9817748       
   192:S g2023 a17 t18        0.9715581       0.0066675       0.9551315       0.9820837       
   193:S g2023 a18 t19        0.9724464       0.0062817       0.9570648       0.9824188       
   194:S g2023 a19 t20        0.9733077       0.0059390       0.9588404       0.9827812       
   195:S g2023 a20 t21        0.9741428       0.0056385       0.9604647       0.9831716       
   196:S g2023 a21 t22        0.9749524       0.0053787       0.9619444       0.9835900       
   197:S g2023 a22 t23        0.9757374       0.0051581       0.9632867       0.9840356       
   198:S g2023 a23 t24        0.9764983       0.0049745       0.9644992       0.9845069       
   199:S g2023 a24 t25        0.9772359       0.0048254       0.9655902       0.9850015       
   200:S g2023 a25 t26        0.9779509       0.0047080       0.9665682       0.9855161       
   201:S g2023 a26 t27        0.9786439       0.0046191       0.9674425       0.9860470       
   202:S g2023 a27 t28        0.9793156       0.0045555       0.9682222       0.9865900       
   203:S g2023 a28 t29        0.9799666       0.0045136       0.9689164       0.9871406       
   204:S g2023 a29 t30        0.9805975       0.0044901       0.9695341       0.9876943       
   205:S g2023 a30 t31        0.9812090       0.0044818       0.9700837       0.9882471       
   206:S g2023 a31 t32        0.9818015       0.0044857       0.9705730       0.9887949       
   207:S g2023 a32 t33        0.9823757       0.0044992       0.9710093       0.9893346       
   208:S g2023 a33 t34        0.9829320       0.0045198       0.9713989       0.9898631       
   209:S g2023 a34 t35        0.9834711       0.0045455       0.9717476       0.9903781       
   210:S g2023 a35 t36        0.9839935       0.0045744       0.9720605       0.9908777       
   211:S g2023 a36 t37        0.9844996       0.0046051       0.9723421       0.9913605       
   212:S g2023 a37 t38        0.9849899       0.0046363       0.9725961       0.9918256       
   213:S g2023 a38 t39        0.9854650       0.0046670       0.9728261       0.9922721       
   214:S g2023 a39 t40        0.9859252       0.0046963       0.9730348       0.9926998       
   215:S g2023 a40 t41        0.9863711       0.0047236       0.9732248       0.9931085       
   216:S g2023 a41 t42        0.9868031       0.0047485       0.9733982       0.9934982       
   217:S g2023 a42 t43        0.9872215       0.0047704       0.9735571       0.9938693       
   218:S g2023 a43 t44        0.9876268       0.0047891       0.9737029       0.9942220       
   219:S g2023 a44 t45        0.9880194       0.0048044       0.9738371       0.9945568       
   220:S g2023 a45 t46        0.9883997       0.0048161       0.9739610       0.9948743       
   221:S g2023 a46 t47        0.9887681       0.0048242       0.9740756       0.9951750       
   222:S g2023 a47 t48        0.9891249       0.0048286       0.9741819       0.9954595       
   223:S g2023 a48 t49        0.9894705       0.0048294       0.9742807       0.9957285       
   224:S g2023 a49 t50        0.9898052       0.0048266       0.9743728       0.9959827       
   225:S g2023 a50 t51        0.9901294       0.0048202       0.9744587       0.9962227       
   226:S g2023 a51 t52        0.9904434       0.0048104       0.9745391       0.9964492       
   227:S g2023 a52 t53        0.9907475       0.0047972       0.9746144       0.9966628       

Program  MARK  - Survival Rate Estimation with Capture-Recapture Data
 gfortran(dble/PIM2) Vers. 11.1 Nov 2024  18-Aug-2026 07:43:26    Page  026
 - - - - - - - - - - - - - - - - - - - - - - - - - - - - - - - - - - - - - -
 
   228:S g2023 a53 t54        0.9910420       0.0047808       0.9746851       0.9968641       
   229:S g2023 a54 t55        0.9913272       0.0047613       0.9747516       0.9970538       
   230:S g2023 a55 t56        0.9916034       0.0047388       0.9748143       0.9972325       
   231:S g2023 a56 t57        0.9918709       0.0047134       0.9748734       0.9974007       
   232:S g2023 a57 t58        0.9921299       0.0046854       0.9749292       0.9975590       
   233:S g2024 a0 t1          0.9730758       0.0127826       0.9328397       0.9894781       
   234:S g2024 a1 t2          0.9739180       0.0120658       0.9363794       0.9895544       
   235:S g2024 a2 t3          0.9747345       0.0113860       0.9397179       0.9896350       
   236:S g2024 a3 t4          0.9755260       0.0107421       0.9428646       0.9897201       
   237:S g2024 a4 t5          0.9762934       0.0101329       0.9458283       0.9898101       
   238:S g2024 a5 t6          0.9770373       0.0095574       0.9486174       0.9899053       
   239:S g2024 a6 t7          0.9777584       0.0090143       0.9512401       0.9900061       
   240:S g2024 a7 t8          0.9784573       0.0085028       0.9537044       0.9901128       
   241:S g2024 a8 t9          0.9791348       0.0080218       0.9560177       0.9902257       
   242:S g2024 a9 t10         0.9797913       0.0075704       0.9581873       0.9903454       
   243:S g2024 a10 t11        0.9804277       0.0071478       0.9602199       0.9904720       
   244:S g2024 a11 t12        0.9810444       0.0067529       0.9621223       0.9906061       
   245:S g2024 a12 t13        0.9816420       0.0063850       0.9639006       0.9907479       
   246:S g2024 a13 t14        0.9822211       0.0060433       0.9655609       0.9908978       
   247:S g2024 a14 t15        0.9827823       0.0057268       0.9671088       0.9910560       
   248:S g2024 a15 t16        0.9833260       0.0054348       0.9685501       0.9912228       
   249:S g2024 a16 t17        0.9838529       0.0051664       0.9698899       0.9913982       
   250:S g2024 a17 t18        0.9843634       0.0049208       0.9711334       0.9915824       
   251:S g2024 a18 t19        0.9848579       0.0046969       0.9722857       0.9917752       
   252:S g2024 a19 t20        0.9853371       0.0044939       0.9733516       0.9919764       
   253:S g2024 a20 t21        0.9858014       0.0043108       0.9743359       0.9921857       
   254:S g2024 a21 t22        0.9862511       0.0041466       0.9752433       0.9924025       
   255:S g2024 a22 t23        0.9866868       0.0040000       0.9760785       0.9926262       
   256:S g2024 a23 t24        0.9871089       0.0038699       0.9768460       0.9928560       
   257:S g2024 a24 t25        0.9875177       0.0037552       0.9775504       0.9930909       
   258:S g2024 a25 t26        0.9879137       0.0036546       0.9781960       0.9933300       
   259:S g2024 a26 t27        0.9882974       0.0035669       0.9787871       0.9935720       
   260:S g2024 a27 t28        0.9886690       0.0034907       0.9793279       0.9938158       
   261:S g2024 a28 t29        0.9890289       0.0034250       0.9798224       0.9940602       
   262:S g2024 a29 t30        0.9893775       0.0033684       0.9802745       0.9943040       
   263:S g2024 a30 t31        0.9897151       0.0033198       0.9806878       0.9945462       
   264:S g2024 a31 t32        0.9900422       0.0032781       0.9810657       0.9947856       
   265:S g2024 a32 t33        0.9903589       0.0032424       0.9814115       0.9950214       
   266:S g2024 a33 t34        0.9906656       0.0032116       0.9817281       0.9952526       
   267:S g2024 a34 t35        0.9909627       0.0031850       0.9820183       0.9954785       
   268:S g2024 a35 t36        0.9912504       0.0031618       0.9822845       0.9956985       
   269:S g2024 a36 t37        0.9915291       0.0031412       0.9825290       0.9959121       
   270:S g2024 a37 t38        0.9917989       0.0031227       0.9827540       0.9961188       
   271:S g2024 a38 t39        0.9920602       0.0031058       0.9829612       0.9963184       
   272:S g2024 a39 t40        0.9923132       0.0030899       0.9831525       0.9965105       
   273:S g2024 a40 t41        0.9925583       0.0030747       0.9833292       0.9966952       

Program  MARK  - Survival Rate Estimation with Capture-Recapture Data
 gfortran(dble/PIM2) Vers. 11.1 Nov 2024  18-Aug-2026 07:43:26    Page  027
 - - - - - - - - - - - - - - - - - - - - - - - - - - - - - - - - - - - - - -
 
   274:S g2024 a41 t42        0.9927955       0.0030599       0.9834928       0.9968723       
   275:S g2024 a42 t43        0.9930253       0.0030452       0.9836445       0.9970419       
   276:S g2024 a43 t44        0.9932478       0.0030303       0.9837854       0.9972039       
   277:S g2024 a44 t45        0.9934632       0.0030151       0.9839165       0.9973585       
   278:S g2024 a45 t46        0.9936718       0.0029994       0.9840387       0.9975058       
   279:S g2024 a46 t47        0.9938738       0.0029830       0.9841527       0.9976460       
   280:S g2024 a47 t48        0.9940694       0.0029659       0.9842594       0.9977793       
   281:S g2024 a48 t49        0.9942588       0.0029480       0.9843592       0.9979059       
   282:S g2024 a49 t50        0.9944422       0.0029292       0.9844528       0.9980260       
   283:S g2024 a50 t51        0.9946197       0.0029095       0.9845408       0.9981399       
   284:S g2024 a51 t52        0.9947916       0.0028889       0.9846235       0.9982478       
   285:S g2024 a52 t53        0.9949580       0.0028674       0.9847014       0.9983498       
   286:S g2024 a53 t54        0.9951192       0.0028450       0.9847749       0.9984464       
   287:S g2024 a54 t55        0.9952752       0.0028217       0.9848443       0.9985377       
   288:S g2024 a55 t56        0.9954262       0.0027975       0.9849100       0.9986239       
   289:S g2024 a56 t57        0.9955725       0.0027724       0.9849721       0.9987054       
   290:S g2024 a57 t58        0.9957141       0.0027465       0.9850311       0.9987823       
   291:S g2025 a0 t1          0.8938627       0.0454450       0.7670901       0.9556248       
   292:S g2025 a1 t2          0.8969201       0.0431315       0.7771425       0.9559691       
   293:S g2025 a2 t3          0.8998993       0.0409222       0.7867941       0.9563326       
   294:S g2025 a3 t4          0.9028017       0.0388158       0.7960456       0.9567167       
   295:S g2025 a4 t5          0.9056288       0.0368108       0.8048992       0.9571226       
   296:S g2025 a5 t6          0.9083820       0.0349057       0.8133579       0.9575518       
   297:S g2025 a6 t7          0.9110627       0.0330990       0.8214260       0.9580058       
   298:S g2025 a7 t8          0.9136725       0.0313891       0.8291084       0.9584861       
   299:S g2025 a8 t9          0.9162128       0.0297747       0.8364113       0.9589942       
   300:S g2025 a9 t10         0.9186849       0.0282541       0.8433411       0.9595315       
   301:S g2025 a10 t11        0.9210904       0.0268258       0.8499053       0.9600996       
   302:S g2025 a11 t12        0.9234306       0.0254881       0.8561116       0.9606999       
   303:S g2025 a12 t13        0.9257071       0.0242393       0.8619686       0.9613335       
   304:S g2025 a13 t14        0.9279211       0.0230776       0.8674851       0.9620015       
   305:S g2025 a14 t15        0.9300742       0.0220011       0.8726706       0.9627047       
   306:S g2025 a15 t16        0.9321676       0.0210076       0.8775350       0.9634435       
   307:S g2025 a16 t17        0.9342028       0.0200949       0.8820887       0.9642180       
   308:S g2025 a17 t18        0.9361812       0.0192604       0.8863425       0.9650279       
   309:S g2025 a18 t19        0.9381039       0.0185012       0.8903078       0.9658722       
   310:S g2025 a19 t20        0.9399725       0.0178145       0.8939964       0.9667494       
   311:S g2025 a20 t21        0.9417881       0.0171967       0.8974206       0.9676575       
   312:S g2025 a21 t22        0.9435522       0.0166442       0.9005932       0.9685937       
   313:S g2025 a22 t23        0.9452659       0.0161532       0.9035273       0.9695549       
   314:S g2025 a23 t24        0.9469304       0.0157195       0.9062362       0.9705373       
   315:S g2025 a24 t25        0.9485472       0.0153388       0.9087335       0.9715367       
   316:S g2025 a25 t26        0.9501172       0.0150066       0.9110328       0.9725487       
   317:S g2025 a26 t27        0.9516418       0.0147184       0.9131477       0.9735686       
   318:S g2025 a27 t28        0.9531221       0.0144698       0.9150915       0.9745917       
   319:S g2025 a28 t29        0.9545592       0.0142562       0.9168770       0.9756133       

Program  MARK  - Survival Rate Estimation with Capture-Recapture Data
 gfortran(dble/PIM2) Vers. 11.1 Nov 2024  18-Aug-2026 07:43:26    Page  028
 - - - - - - - - - - - - - - - - - - - - - - - - - - - - - - - - - - - - - -
 
   320:S g2025 a29 t30        0.9559544       0.0140736       0.9185169       0.9766288       
   321:S g2025 a30 t31        0.9573086       0.0139177       0.9200231       0.9776340       
   322:S g2025 a31 t32        0.9586229       0.0137847       0.9214068       0.9786250       
   323:S g2025 a32 t33        0.9598985       0.0136711       0.9226787       0.9795982       
   324:S g2025 a33 t34        0.9611364       0.0135736       0.9238487       0.9805505       
   325:S g2025 a34 t35        0.9623376       0.0134892       0.9249258       0.9814792       
   326:S g2025 a35 t36        0.9635030       0.0134152       0.9259185       0.9823822       
   327:S g2025 a36 t37        0.9646337       0.0133492       0.9268344       0.9832576       
   328:S g2025 a37 t38        0.9657306       0.0132893       0.9276807       0.9841041       
   329:S g2025 a38 t39        0.9667947       0.0132334       0.9284636       0.9849205       
   330:S g2025 a39 t40        0.9678268       0.0131800       0.9291890       0.9857063       
   331:S g2025 a40 t41        0.9688279       0.0131278       0.9298621       0.9864611       
   332:S g2025 a41 t42        0.9697988       0.0130755       0.9304876       0.9871846       
   333:S g2025 a42 t43        0.9707404       0.0130223       0.9310697       0.9878771       
   334:S g2025 a43 t44        0.9716535       0.0129673       0.9316123       0.9885389       
   335:S g2025 a44 t45        0.9725389       0.0129098       0.9321188       0.9891703       
   336:S g2025 a45 t46        0.9733974       0.0128493       0.9325924       0.9897721       
   337:S g2025 a46 t47        0.9742297       0.0127854       0.9330359       0.9903449       
   338:S g2025 a47 t48        0.9750367       0.0127178       0.9334517       0.9908895       
   339:S g2025 a48 t49        0.9758191       0.0126462       0.9338423       0.9914069       
   340:S g2025 a49 t50        0.9765775       0.0125705       0.9342095       0.9918978       
   341:S g2025 a50 t51        0.9773127       0.0124906       0.9345553       0.9923634       
   342:S g2025 a51 t52        0.9780253       0.0124064       0.9348815       0.9928045       
   343:S g2025 a52 t53        0.9787160       0.0123180       0.9351894       0.9932222       
   344:S g2025 a53 t54        0.9793855       0.0122254       0.9354805       0.9936173       
   345:S g2025 a54 t55        0.9800344       0.0121286       0.9357561       0.9939911       
   346:S g2025 a55 t56        0.9806632       0.0120279       0.9360172       0.9943443       
   347:S g2025 a56 t57        0.9812726       0.0119233       0.9362650       0.9946779       
   348:S g2025 a57 t58        0.9818631       0.0118149       0.9365004       0.9949930       


                     Estimates of Derived Parameters

                     Survival Estimates of { S.syin }

       Pr. Surviving
        Duration of                   95% Confidence Interval
 Group     Study      Standard Error     Lower          Upper     
 ----- -------------- -------------- -------------- --------------
   1    0.3196468      0.0575996      0.2184846      0.4412052    
   2    0.5270240      0.0827476      0.3676200      0.6811025    
   3    0.0140910      0.0120491      0.0026043      0.0725550    
   4    0.2647429      0.0775634      0.1415521      0.4401720    
   5    0.4838602      0.1073620      0.2875777      0.6852521    

Program  MARK  - Survival Rate Estimation with Capture-Recapture Data
 gfortran(dble/PIM2) Vers. 11.1 Nov 2024  18-Aug-2026 07:43:26    Page  029
 - - - - - - - - - - - - - - - - - - - - - - - - - - - - - - - - - - - - - -
 
   6    0.0479762      0.0441694      0.0075151      0.2511528    

 To compute parameter estimates, CPU Time was 0.016 secs and System Time was 0.016 secs.

 For procedure estimate CPU Time was 1.391 secs and System Time was 0.500 secs.
 INPUT --- proc stop;

 For this job, CPU Time in mins was 0.027 and System Time in mins was 0.012.

     Time Start = 07:43:25.395   Time End = 07:43:26.115

 Wall Clock Time in mins for this job was 0.012.

 Maximum of 64 words used of 2048 words allocated.


          E X E C U T I O N   S U C C E S S F U L
